2026-05-19 15:40:46,432 | INFO     | main_module          | Core init
2026-05-19 15:40:46,432 | INFO     | modules.filter.filter | Filters initialized
2026-05-19 15:40:46,459 | ERROR    | main_module          | Core init error: FileNotFoundError: [Errno 2] No such file or directory: 'modules/sub_modules/filter_modules/is_important/models/stt_imp_models/models/own_model/model_state.pt'
Traceback (most recent call last):
  File "/mnt/windows/Programs/ProgramingProjects/Python/projects/AGAT_System/core/main_module.py", line 60, in __init__
    self.filter = Filter()
  File "/mnt/windows/Programs/ProgramingProjects/Python/projects/AGAT_System/core/modules/filter/filter.py", line 16, in __init__
    self.stt_filter = SttFilter()
  File "/mnt/windows/Programs/ProgramingProjects/Python/projects/AGAT_System/core/modules/filter/stt_filter/stt_filter.py", line 7, in __init__
    self.imp_model = SttImpModel()
  File "/mnt/windows/Programs/ProgramingProjects/Python/projects/AGAT_System/core/modules/filter/stt_filter/imp_model/imp_model.py", line 6, in __init__
    self.model = OwnModel()
  File "/mnt/windows/Programs/ProgramingProjects/Python/projects/AGAT_System/core/modules/filter/stt_filter/imp_model/models/own_model/model.py", line 47, in __init__
    model_state = torch.load("modules/sub_modules/filter_modules/is_important/models/stt_imp_models/models/own_model/model_state.pt")
  File "/mnt/windows/Programs/ProgramingProjects/Python/venvs/ml310/lib/python3.10/site-packages/torch/serialization.py", line 1500, in load
    with _open_file_like(f, "rb") as opened_file:
  File "/mnt/windows/Programs/ProgramingProjects/Python/venvs/ml310/lib/python3.10/site-packages/torch/serialization.py", line 768, in _open_file_like
    return _open_file(name_or_buffer, mode)
  File "/mnt/windows/Programs/ProgramingProjects/Python/venvs/ml310/lib/python3.10/site-packages/torch/serialization.py", line 749, in __init__
    super().__init__(open(name, mode))  # noqa: SIM115
FileNotFoundError: [Errno 2] No such file or directory: 'modules/sub_modules/filter_modules/is_important/models/stt_imp_models/models/own_model/model_state.pt'
2026-05-19 15:40:46,462 | ERROR    | server               | Core init error: FileNotFoundError: [Errno 2] No such file or directory: 'modules/sub_modules/filter_modules/is_important/models/stt_imp_models/models/own_model/model_state.pt'
Traceback (most recent call last):
  File "/mnt/windows/Programs/ProgramingProjects/Python/projects/AGAT_System/core/server.py", line 20, in <module>
    core = Core()
  File "/mnt/windows/Programs/ProgramingProjects/Python/projects/AGAT_System/core/main_module.py", line 60, in __init__
    self.filter = Filter()
  File "/mnt/windows/Programs/ProgramingProjects/Python/projects/AGAT_System/core/modules/filter/filter.py", line 16, in __init__
    self.stt_filter = SttFilter()
  File "/mnt/windows/Programs/ProgramingProjects/Python/projects/AGAT_System/core/modules/filter/stt_filter/stt_filter.py", line 7, in __init__
    self.imp_model = SttImpModel()
  File "/mnt/windows/Programs/ProgramingProjects/Python/projects/AGAT_System/core/modules/filter/stt_filter/imp_model/imp_model.py", line 6, in __init__
    self.model = OwnModel()
  File "/mnt/windows/Programs/ProgramingProjects/Python/projects/AGAT_System/core/modules/filter/stt_filter/imp_model/models/own_model/model.py", line 47, in __init__
    model_state = torch.load("modules/sub_modules/filter_modules/is_important/models/stt_imp_models/models/own_model/model_state.pt")
  File "/mnt/windows/Programs/ProgramingProjects/Python/venvs/ml310/lib/python3.10/site-packages/torch/serialization.py", line 1500, in load
    with _open_file_like(f, "rb") as opened_file:
  File "/mnt/windows/Programs/ProgramingProjects/Python/venvs/ml310/lib/python3.10/site-packages/torch/serialization.py", line 768, in _open_file_like
    return _open_file(name_or_buffer, mode)
  File "/mnt/windows/Programs/ProgramingProjects/Python/venvs/ml310/lib/python3.10/site-packages/torch/serialization.py", line 749, in __init__
    super().__init__(open(name, mode))  # noqa: SIM115
FileNotFoundError: [Errno 2] No such file or directory: 'modules/sub_modules/filter_modules/is_important/models/stt_imp_models/models/own_model/model_state.pt'
