2026-05-17 21:19:05,775 | INFO     | main_module          | Core init
2026-05-17 21:19:05,775 | INFO     | modules.filter       | Filters initialized
2026-05-17 21:19:05,924 | INFO     | modules.sub_modules.filter_modules.is_important.models.stt_imp_models.models.own_model.transformer.pytorch_attention.init | MultiHeadAttention initialized
2026-05-17 21:19:05,925 | INFO     | modules.sub_modules.filter_modules.is_important.models.stt_imp_models.models.own_model.transformer.pytorch_attention.init | MultiHeadAttentionlConfig: d_model=256, heads=1
2026-05-17 21:19:05,927 | INFO     | modules.sub_modules.filter_modules.is_important.models.stt_imp_models.models.own_model.transformer.feedforward.init | Feedforward initialized
2026-05-17 21:19:05,927 | INFO     | modules.sub_modules.filter_modules.is_important.models.stt_imp_models.models.own_model.transformer.feedforward.init | FeedforwardlConfig: d_model=256, d_ff=128
2026-05-17 21:19:05,928 | INFO     | modules.sub_modules.filter_modules.is_important.models.stt_imp_models.models.own_model.transformer.encoder.init | Encoder initialized
2026-05-17 21:19:05,928 | INFO     | modules.sub_modules.filter_modules.is_important.models.stt_imp_models.models.own_model.transformer.encoder.init | EncoderlConfig: d_model=256, heads=1, d_ff=128, dropout=0.31622776601683794
2026-05-17 21:19:05,965 | DEBUG    | httpcore.connection  | connect_tcp.started host='huggingface.co' port=443 local_address=None timeout=10 socket_options=None
2026-05-17 21:19:06,003 | DEBUG    | httpcore.connection  | connect_tcp.complete return_value=<httpcore._backends.sync.SyncStream object at 0x742aaf7e40a0>
2026-05-17 21:19:06,004 | DEBUG    | httpcore.connection  | start_tls.started ssl_context=<ssl.SSLContext object at 0x742bca51f740> server_hostname='huggingface.co' timeout=10
2026-05-17 21:19:06,038 | DEBUG    | httpcore.connection  | start_tls.complete return_value=<httpcore._backends.sync.SyncStream object at 0x742aaf7e4070>
2026-05-17 21:19:06,039 | DEBUG    | httpcore.http11      | send_request_headers.started request=<Request [b'HEAD']>
2026-05-17 21:19:06,040 | DEBUG    | httpcore.http11      | send_request_headers.complete
2026-05-17 21:19:06,040 | DEBUG    | httpcore.http11      | send_request_body.started request=<Request [b'HEAD']>
2026-05-17 21:19:06,040 | DEBUG    | httpcore.http11      | send_request_body.complete
2026-05-17 21:19:06,041 | DEBUG    | httpcore.http11      | receive_response_headers.started request=<Request [b'HEAD']>
2026-05-17 21:19:06,200 | DEBUG    | httpcore.http11      | receive_response_headers.complete return_value=(b'HTTP/1.1', 307, b'Temporary Redirect', [(b'Content-Type', b'text/plain; charset=utf-8'), (b'Content-Length', b'238'), (b'Connection', b'keep-alive'), (b'Date', b'Sun, 17 May 2026 18:19:06 GMT'), (b'Location', b'/api/resolve-cache/models/boltuix/bert-lite/bc0e85c1c303ee38a6b4a7276ce7cf6d0581cce5/config.json?%2Fboltuix%2Fbert-lite%2Fresolve%2Fmain%2Fconfig.json=&etag=%2281ba83673fa0d07fc98d4ba418715df42ab28a6f%22'), (b'X-Powered-By', b'huggingface-moon'), (b'X-Request-Id', b'Root=1-6a0a069a-5f6d940f3f00438e29ea3478;54243f00-a918-461e-bd71-fc9f957f3da0'), (b'RateLimit', b'"resolvers";r=4999;t=109'), (b'RateLimit-Policy', b'"fixed window";"resolvers";q=5000;w=300'), (b'cross-origin-opener-policy', b'same-origin'), (b'Referrer-Policy', b'strict-origin-when-cross-origin'), (b'Access-Control-Max-Age', b'86400'), (b'Access-Control-Allow-Origin', b'https://huggingface.co'), (b'Vary', b'Origin, Accept'), (b'Access-Control-Expose-Headers', b'X-Repo-Commit,X-Request-Id,X-Error-Code,X-Error-Message,X-Total-Count,ETag,Link,Accept-Ranges,Content-Range,X-Linked-Size,X-Linked-ETag,X-Xet-Hash'), (b'X-Repo-Commit', b'bc0e85c1c303ee38a6b4a7276ce7cf6d0581cce5'), (b'Accept-Ranges', b'bytes'), (b'X-Hub-Cache', b'MISS'), (b'Content-Disposition', b'inline; filename*=UTF-8\'\'config.json; filename="config.json";'), (b'Content-Security-Policy', b"default-src 'none'; sandbox"), (b'X-Linked-ETag', b'"81ba83673fa0d07fc98d4ba418715df42ab28a6f"'), (b'X-Cache', b'Miss from cloudfront'), (b'Via', b'1.1 31609816d2408b1ea80e31e71665dfbc.cloudfront.net (CloudFront)'), (b'X-Amz-Cf-Pop', b'ARN53-P3'), (b'X-Amz-Cf-Id', b'gPGyxEbYFBg1lSU-Q5dJ1mAOPR-gFtyu6RROsYsrGTB-jFxvz3qN2Q==')])
2026-05-17 21:19:06,202 | INFO     | httpx                | HTTP Request: HEAD https://huggingface.co/boltuix/bert-lite/resolve/main/config.json "HTTP/1.1 307 Temporary Redirect"
2026-05-17 21:19:06,203 | DEBUG    | httpcore.http11      | receive_response_body.started request=<Request [b'HEAD']>
2026-05-17 21:19:06,204 | DEBUG    | httpcore.http11      | receive_response_body.complete
2026-05-17 21:19:06,204 | DEBUG    | httpcore.http11      | response_closed.started
2026-05-17 21:19:06,204 | DEBUG    | httpcore.http11      | response_closed.complete
2026-05-17 21:19:06,205 | DEBUG    | httpcore.http11      | send_request_headers.started request=<Request [b'HEAD']>
2026-05-17 21:19:06,206 | DEBUG    | httpcore.http11      | send_request_headers.complete
2026-05-17 21:19:06,206 | DEBUG    | httpcore.http11      | send_request_body.started request=<Request [b'HEAD']>
2026-05-17 21:19:06,206 | DEBUG    | httpcore.http11      | send_request_body.complete
2026-05-17 21:19:06,206 | DEBUG    | httpcore.http11      | receive_response_headers.started request=<Request [b'HEAD']>
2026-05-17 21:19:06,240 | DEBUG    | httpcore.http11      | receive_response_headers.complete return_value=(b'HTTP/1.1', 200, b'OK', [(b'Content-Type', b'text/plain; charset=utf-8'), (b'Content-Length', b'587'), (b'Connection', b'keep-alive'), (b'Date', b'Wed, 13 May 2026 12:33:48 GMT'), (b'ETag', b'"81ba83673fa0d07fc98d4ba418715df42ab28a6f"'), (b'X-Powered-By', b'huggingface-moon'), (b'X-Request-Id', b'Root=1-6a046fac-1335b433506b8b384391f3c6;adbfdde3-1218-4a8d-ac5d-f6fb77b28728'), (b'RateLimit', b'"resolvers";r=4998;t=127'), (b'RateLimit-Policy', b'"fixed window";"resolvers";q=5000;w=300'), (b'cross-origin-opener-policy', b'same-origin'), (b'Referrer-Policy', b'strict-origin-when-cross-origin'), (b'Access-Control-Max-Age', b'86400'), (b'Access-Control-Allow-Origin', b'https://huggingface.co'), (b'Access-Control-Expose-Headers', b'X-Repo-Commit,X-Request-Id,X-Error-Code,X-Error-Message,X-Total-Count,ETag,Link,Accept-Ranges,Content-Range,X-Linked-Size,X-Linked-ETag,X-Xet-Hash'), (b'X-Repo-Commit', b'bc0e85c1c303ee38a6b4a7276ce7cf6d0581cce5'), (b'Accept-Ranges', b'bytes'), (b'X-Hub-Cache', b'MISS'), (b'Content-Disposition', b'inline; filename*=UTF-8\'\'config.json; filename="config.json";'), (b'Content-Security-Policy', b"default-src 'none'; sandbox"), (b'Vary', b'Origin'), (b'X-Cache', b'Hit from cloudfront'), (b'Via', b'1.1 31609816d2408b1ea80e31e71665dfbc.cloudfront.net (CloudFront)'), (b'X-Amz-Cf-Pop', b'ARN53-P3'), (b'X-Amz-Cf-Id', b'8gsubyWuZH5tnvc2e9tRmvKgEJl_bpjibFXphsLbw8spTFm-xdKGWA=='), (b'Age', b'366318')])
2026-05-17 21:19:06,240 | INFO     | httpx                | HTTP Request: HEAD https://huggingface.co/api/resolve-cache/models/boltuix/bert-lite/bc0e85c1c303ee38a6b4a7276ce7cf6d0581cce5/config.json "HTTP/1.1 200 OK"
2026-05-17 21:19:06,241 | DEBUG    | httpcore.http11      | receive_response_body.started request=<Request [b'HEAD']>
2026-05-17 21:19:06,241 | DEBUG    | httpcore.http11      | receive_response_body.complete
2026-05-17 21:19:06,241 | DEBUG    | httpcore.http11      | response_closed.started
2026-05-17 21:19:06,241 | DEBUG    | httpcore.http11      | response_closed.complete
2026-05-17 21:19:06,303 | DEBUG    | httpcore.http11      | send_request_headers.started request=<Request [b'HEAD']>
2026-05-17 21:19:06,304 | DEBUG    | httpcore.http11      | send_request_headers.complete
2026-05-17 21:19:06,304 | DEBUG    | httpcore.http11      | send_request_body.started request=<Request [b'HEAD']>
2026-05-17 21:19:06,305 | DEBUG    | httpcore.http11      | send_request_body.complete
2026-05-17 21:19:06,305 | DEBUG    | httpcore.http11      | receive_response_headers.started request=<Request [b'HEAD']>
2026-05-17 21:19:06,464 | DEBUG    | httpcore.http11      | receive_response_headers.complete return_value=(b'HTTP/1.1', 307, b'Temporary Redirect', [(b'Content-Type', b'text/plain; charset=utf-8'), (b'Content-Length', b'258'), (b'Connection', b'keep-alive'), (b'Date', b'Sun, 17 May 2026 18:19:06 GMT'), (b'Location', b'/api/resolve-cache/models/boltuix/bert-lite/bc0e85c1c303ee38a6b4a7276ce7cf6d0581cce5/tokenizer_config.json?%2Fboltuix%2Fbert-lite%2Fresolve%2Fmain%2Ftokenizer_config.json=&etag=%22d5c1bb83f067f79da262aed09cbefafcbe8b4805%22'), (b'X-Powered-By', b'huggingface-moon'), (b'X-Request-Id', b'Root=1-6a0a069a-3cb60caf7586294a7d6d4391;0633e512-cd11-4e6a-80a5-d5fd1f9f875a'), (b'RateLimit', b'"resolvers";r=4998;t=109'), (b'RateLimit-Policy', b'"fixed window";"resolvers";q=5000;w=300'), (b'cross-origin-opener-policy', b'same-origin'), (b'Referrer-Policy', b'strict-origin-when-cross-origin'), (b'Access-Control-Max-Age', b'86400'), (b'Access-Control-Allow-Origin', b'https://huggingface.co'), (b'Vary', b'Origin, Accept'), (b'Access-Control-Expose-Headers', b'X-Repo-Commit,X-Request-Id,X-Error-Code,X-Error-Message,X-Total-Count,ETag,Link,Accept-Ranges,Content-Range,X-Linked-Size,X-Linked-ETag,X-Xet-Hash'), (b'X-Repo-Commit', b'bc0e85c1c303ee38a6b4a7276ce7cf6d0581cce5'), (b'Accept-Ranges', b'bytes'), (b'X-Hub-Cache', b'HIT'), (b'Content-Disposition', b'inline; filename*=UTF-8\'\'tokenizer_config.json; filename="tokenizer_config.json";'), (b'Content-Security-Policy', b"default-src 'none'; sandbox"), (b'X-Linked-ETag', b'"d5c1bb83f067f79da262aed09cbefafcbe8b4805"'), (b'X-Cache', b'Miss from cloudfront'), (b'Via', b'1.1 31609816d2408b1ea80e31e71665dfbc.cloudfront.net (CloudFront)'), (b'X-Amz-Cf-Pop', b'ARN53-P3'), (b'X-Amz-Cf-Id', b'rC9kvv5JPXZCBY9micYGxB_wfzFPxoYbLWYphR5rKdKXTWcggdJmFw==')])
2026-05-17 21:19:06,465 | INFO     | httpx                | HTTP Request: HEAD https://huggingface.co/boltuix/bert-lite/resolve/main/tokenizer_config.json "HTTP/1.1 307 Temporary Redirect"
2026-05-17 21:19:06,466 | DEBUG    | httpcore.http11      | receive_response_body.started request=<Request [b'HEAD']>
2026-05-17 21:19:06,466 | DEBUG    | httpcore.http11      | receive_response_body.complete
2026-05-17 21:19:06,467 | DEBUG    | httpcore.http11      | response_closed.started
2026-05-17 21:19:06,467 | DEBUG    | httpcore.http11      | response_closed.complete
2026-05-17 21:19:06,468 | DEBUG    | httpcore.http11      | send_request_headers.started request=<Request [b'HEAD']>
2026-05-17 21:19:06,468 | DEBUG    | httpcore.http11      | send_request_headers.complete
2026-05-17 21:19:06,469 | DEBUG    | httpcore.http11      | send_request_body.started request=<Request [b'HEAD']>
2026-05-17 21:19:06,469 | DEBUG    | httpcore.http11      | send_request_body.complete
2026-05-17 21:19:06,469 | DEBUG    | httpcore.http11      | receive_response_headers.started request=<Request [b'HEAD']>
2026-05-17 21:19:06,503 | DEBUG    | httpcore.http11      | receive_response_headers.complete return_value=(b'HTTP/1.1', 200, b'OK', [(b'Content-Type', b'text/plain; charset=utf-8'), (b'Content-Length', b'1300'), (b'Connection', b'keep-alive'), (b'Date', b'Wed, 13 May 2026 12:33:49 GMT'), (b'ETag', b'"d5c1bb83f067f79da262aed09cbefafcbe8b4805"'), (b'X-Powered-By', b'huggingface-moon'), (b'X-Request-Id', b'Root=1-6a046fad-0b06b5443de61d2216ce7b5e;c30943df-c246-4194-9edb-c69729443dee'), (b'RateLimit', b'"resolvers";r=4995;t=126'), (b'RateLimit-Policy', b'"fixed window";"resolvers";q=5000;w=300'), (b'cross-origin-opener-policy', b'same-origin'), (b'Referrer-Policy', b'strict-origin-when-cross-origin'), (b'Access-Control-Max-Age', b'86400'), (b'Access-Control-Allow-Origin', b'https://huggingface.co'), (b'Access-Control-Expose-Headers', b'X-Repo-Commit,X-Request-Id,X-Error-Code,X-Error-Message,X-Total-Count,ETag,Link,Accept-Ranges,Content-Range,X-Linked-Size,X-Linked-ETag,X-Xet-Hash'), (b'X-Repo-Commit', b'bc0e85c1c303ee38a6b4a7276ce7cf6d0581cce5'), (b'Accept-Ranges', b'bytes'), (b'X-Hub-Cache', b'MISS'), (b'Content-Disposition', b'inline; filename*=UTF-8\'\'tokenizer_config.json; filename="tokenizer_config.json";'), (b'Content-Security-Policy', b"default-src 'none'; sandbox"), (b'Vary', b'Origin'), (b'X-Cache', b'Hit from cloudfront'), (b'Via', b'1.1 31609816d2408b1ea80e31e71665dfbc.cloudfront.net (CloudFront)'), (b'X-Amz-Cf-Pop', b'ARN53-P3'), (b'X-Amz-Cf-Id', b'GACd9suaKYt59O2EN4iN-8yTegOPB5-RB_keM2gUHtIHkrFF8PCMiA=='), (b'Age', b'366317')])
2026-05-17 21:19:06,504 | INFO     | httpx                | HTTP Request: HEAD https://huggingface.co/api/resolve-cache/models/boltuix/bert-lite/bc0e85c1c303ee38a6b4a7276ce7cf6d0581cce5/tokenizer_config.json "HTTP/1.1 200 OK"
2026-05-17 21:19:06,504 | DEBUG    | httpcore.http11      | receive_response_body.started request=<Request [b'HEAD']>
2026-05-17 21:19:06,504 | DEBUG    | httpcore.http11      | receive_response_body.complete
2026-05-17 21:19:06,505 | DEBUG    | httpcore.http11      | response_closed.started
2026-05-17 21:19:06,505 | DEBUG    | httpcore.http11      | response_closed.complete
2026-05-17 21:19:06,546 | DEBUG    | httpcore.http11      | send_request_headers.started request=<Request [b'GET']>
2026-05-17 21:19:06,547 | DEBUG    | httpcore.http11      | send_request_headers.complete
2026-05-17 21:19:06,547 | DEBUG    | httpcore.http11      | send_request_body.started request=<Request [b'GET']>
2026-05-17 21:19:06,548 | DEBUG    | httpcore.http11      | send_request_body.complete
2026-05-17 21:19:06,548 | DEBUG    | httpcore.http11      | receive_response_headers.started request=<Request [b'GET']>
2026-05-17 21:19:06,707 | DEBUG    | httpcore.http11      | receive_response_headers.complete return_value=(b'HTTP/1.1', 404, b'Not Found', [(b'Content-Type', b'application/json; charset=utf-8'), (b'Content-Length', b'64'), (b'Connection', b'keep-alive'), (b'Date', b'Sun, 17 May 2026 18:19:06 GMT'), (b'ETag', b'W/"40-09f9IAqP13xarAhQxFS2W8rvRkM"'), (b'X-Powered-By', b'huggingface-moon'), (b'X-Request-Id', b'Root=1-6a0a069a-1d880e5c3d85aaa00008ed5f;6ed8482f-5131-4bb7-83f1-41beee6d4e49'), (b'RateLimit', b'"api";r=999;t=109'), (b'RateLimit-Policy', b'"fixed window";"api";q=1000;w=300'), (b'cross-origin-opener-policy', b'same-origin'), (b'Referrer-Policy', b'strict-origin-when-cross-origin'), (b'Access-Control-Max-Age', b'86400'), (b'Access-Control-Allow-Origin', b'https://huggingface.co'), (b'Vary', b'Origin'), (b'Access-Control-Expose-Headers', b'X-Repo-Commit,X-Request-Id,X-Error-Code,X-Error-Message,X-Total-Count,ETag,Link,Accept-Ranges,Content-Range,X-Linked-Size,X-Linked-ETag,X-Xet-Hash'), (b'X-Error-Code', b'EntryNotFound'), (b'X-Error-Message', b'additional_chat_templates does not exist on "main"'), (b'X-Cache', b'Error from cloudfront'), (b'Via', b'1.1 31609816d2408b1ea80e31e71665dfbc.cloudfront.net (CloudFront)'), (b'X-Amz-Cf-Pop', b'ARN53-P3'), (b'X-Amz-Cf-Id', b'afKuFXimUZpTybPqnRQKaTa13KpvJJOFGLPY4ICDB1VEbg6meKoAOw==')])
2026-05-17 21:19:06,707 | INFO     | httpx                | HTTP Request: GET https://huggingface.co/api/models/boltuix/bert-lite/tree/main/additional_chat_templates?recursive=false&expand=false "HTTP/1.1 404 Not Found"
2026-05-17 21:19:06,707 | DEBUG    | httpcore.http11      | receive_response_body.started request=<Request [b'GET']>
2026-05-17 21:19:06,707 | DEBUG    | httpcore.http11      | receive_response_body.complete
2026-05-17 21:19:06,708 | DEBUG    | httpcore.http11      | response_closed.started
2026-05-17 21:19:06,708 | DEBUG    | httpcore.http11      | response_closed.complete
2026-05-17 21:19:06,710 | DEBUG    | httpcore.http11      | send_request_headers.started request=<Request [b'GET']>
2026-05-17 21:19:06,710 | DEBUG    | httpcore.http11      | send_request_headers.complete
2026-05-17 21:19:06,710 | DEBUG    | httpcore.http11      | send_request_body.started request=<Request [b'GET']>
2026-05-17 21:19:06,711 | DEBUG    | httpcore.http11      | send_request_body.complete
2026-05-17 21:19:06,711 | DEBUG    | httpcore.http11      | receive_response_headers.started request=<Request [b'GET']>
2026-05-17 21:19:06,880 | DEBUG    | httpcore.http11      | receive_response_headers.complete return_value=(b'HTTP/1.1', 200, b'OK', [(b'Content-Type', b'application/json; charset=utf-8'), (b'Transfer-Encoding', b'chunked'), (b'Connection', b'keep-alive'), (b'Date', b'Sun, 17 May 2026 18:19:06 GMT'), (b'content-encoding', b'gzip'), (b'ETag', b'W/"3f4-p6e3v60yrWQMyQA/1oVBgtFThWc"'), (b'X-Powered-By', b'huggingface-moon'), (b'X-Request-Id', b'Root=1-6a0a069a-4dc4c1e246c3162f3c2b172a;f9e72cab-b751-4890-b6e0-8c6c430a1d9a'), (b'RateLimit', b'"api";r=998;t=109'), (b'RateLimit-Policy', b'"fixed window";"api";q=1000;w=300'), (b'cross-origin-opener-policy', b'same-origin'), (b'Referrer-Policy', b'strict-origin-when-cross-origin'), (b'Access-Control-Max-Age', b'86400'), (b'Access-Control-Allow-Origin', b'https://huggingface.co'), (b'Vary', b'Origin'), (b'vary', b'Accept-Encoding'), (b'Access-Control-Expose-Headers', b'X-Repo-Commit,X-Request-Id,X-Error-Code,X-Error-Message,X-Total-Count,ETag,Link,Accept-Ranges,Content-Range,X-Linked-Size,X-Linked-ETag,X-Xet-Hash'), (b'X-Cache', b'Miss from cloudfront'), (b'Via', b'1.1 31609816d2408b1ea80e31e71665dfbc.cloudfront.net (CloudFront)'), (b'X-Amz-Cf-Pop', b'ARN53-P3'), (b'X-Amz-Cf-Id', b'RF6r91IHK_tRHn7bxvLdbgmZAWAhhQh39q51tz0Xtq3SNpaGLfCkDQ==')])
2026-05-17 21:19:06,881 | INFO     | httpx                | HTTP Request: GET https://huggingface.co/api/models/boltuix/bert-lite/tree/main?recursive=true&expand=false "HTTP/1.1 200 OK"
2026-05-17 21:19:06,881 | DEBUG    | httpcore.http11      | receive_response_body.started request=<Request [b'GET']>
2026-05-17 21:19:06,882 | DEBUG    | httpcore.http11      | receive_response_body.complete
2026-05-17 21:19:06,882 | DEBUG    | httpcore.http11      | response_closed.started
2026-05-17 21:19:06,883 | DEBUG    | httpcore.http11      | response_closed.complete
2026-05-17 21:19:07,010 | DEBUG    | httpcore.http11      | send_request_headers.started request=<Request [b'HEAD']>
2026-05-17 21:19:07,010 | DEBUG    | httpcore.http11      | send_request_headers.complete
2026-05-17 21:19:07,010 | DEBUG    | httpcore.http11      | send_request_body.started request=<Request [b'HEAD']>
2026-05-17 21:19:07,011 | DEBUG    | httpcore.http11      | send_request_body.complete
2026-05-17 21:19:07,011 | DEBUG    | httpcore.http11      | receive_response_headers.started request=<Request [b'HEAD']>
2026-05-17 21:19:07,169 | DEBUG    | httpcore.http11      | receive_response_headers.complete return_value=(b'HTTP/1.1', 307, b'Temporary Redirect', [(b'Content-Type', b'text/plain; charset=utf-8'), (b'Content-Length', b'238'), (b'Connection', b'keep-alive'), (b'Date', b'Sun, 17 May 2026 18:19:07 GMT'), (b'Location', b'/api/resolve-cache/models/boltuix/bert-lite/bc0e85c1c303ee38a6b4a7276ce7cf6d0581cce5/config.json?%2Fboltuix%2Fbert-lite%2Fresolve%2Fmain%2Fconfig.json=&etag=%2281ba83673fa0d07fc98d4ba418715df42ab28a6f%22'), (b'X-Powered-By', b'huggingface-moon'), (b'X-Request-Id', b'Root=1-6a0a069b-6c2cc264249d57c7730e4357;43c0cccf-b0eb-4fb5-be3c-7cf0c57d4c67'), (b'RateLimit', b'"resolvers";r=4997;t=108'), (b'RateLimit-Policy', b'"fixed window";"resolvers";q=5000;w=300'), (b'cross-origin-opener-policy', b'same-origin'), (b'Referrer-Policy', b'strict-origin-when-cross-origin'), (b'Access-Control-Max-Age', b'86400'), (b'Access-Control-Allow-Origin', b'https://huggingface.co'), (b'Vary', b'Origin, Accept'), (b'Access-Control-Expose-Headers', b'X-Repo-Commit,X-Request-Id,X-Error-Code,X-Error-Message,X-Total-Count,ETag,Link,Accept-Ranges,Content-Range,X-Linked-Size,X-Linked-ETag,X-Xet-Hash'), (b'X-Repo-Commit', b'bc0e85c1c303ee38a6b4a7276ce7cf6d0581cce5'), (b'Accept-Ranges', b'bytes'), (b'X-Hub-Cache', b'MISS'), (b'Content-Disposition', b'inline; filename*=UTF-8\'\'config.json; filename="config.json";'), (b'Content-Security-Policy', b"default-src 'none'; sandbox"), (b'X-Linked-ETag', b'"81ba83673fa0d07fc98d4ba418715df42ab28a6f"'), (b'X-Cache', b'Miss from cloudfront'), (b'Via', b'1.1 31609816d2408b1ea80e31e71665dfbc.cloudfront.net (CloudFront)'), (b'X-Amz-Cf-Pop', b'ARN53-P3'), (b'X-Amz-Cf-Id', b'X8045ALqoi39SlhEBXjKCZsghCHl636U6odFg7xS2OeEM-SKCQl7oQ==')])
2026-05-17 21:19:07,170 | INFO     | httpx                | HTTP Request: HEAD https://huggingface.co/boltuix/bert-lite/resolve/main/config.json "HTTP/1.1 307 Temporary Redirect"
2026-05-17 21:19:07,171 | DEBUG    | httpcore.http11      | receive_response_body.started request=<Request [b'HEAD']>
2026-05-17 21:19:07,172 | DEBUG    | httpcore.http11      | receive_response_body.complete
2026-05-17 21:19:07,172 | DEBUG    | httpcore.http11      | response_closed.started
2026-05-17 21:19:07,172 | DEBUG    | httpcore.http11      | response_closed.complete
2026-05-17 21:19:07,173 | DEBUG    | httpcore.http11      | send_request_headers.started request=<Request [b'HEAD']>
2026-05-17 21:19:07,174 | DEBUG    | httpcore.http11      | send_request_headers.complete
2026-05-17 21:19:07,174 | DEBUG    | httpcore.http11      | send_request_body.started request=<Request [b'HEAD']>
2026-05-17 21:19:07,174 | DEBUG    | httpcore.http11      | send_request_body.complete
2026-05-17 21:19:07,174 | DEBUG    | httpcore.http11      | receive_response_headers.started request=<Request [b'HEAD']>
2026-05-17 21:19:07,209 | DEBUG    | httpcore.http11      | receive_response_headers.complete return_value=(b'HTTP/1.1', 200, b'OK', [(b'Content-Type', b'text/plain; charset=utf-8'), (b'Content-Length', b'587'), (b'Connection', b'keep-alive'), (b'Date', b'Wed, 13 May 2026 12:33:48 GMT'), (b'ETag', b'"81ba83673fa0d07fc98d4ba418715df42ab28a6f"'), (b'X-Powered-By', b'huggingface-moon'), (b'X-Request-Id', b'Root=1-6a046fac-1335b433506b8b384391f3c6;adbfdde3-1218-4a8d-ac5d-f6fb77b28728'), (b'RateLimit', b'"resolvers";r=4998;t=127'), (b'RateLimit-Policy', b'"fixed window";"resolvers";q=5000;w=300'), (b'cross-origin-opener-policy', b'same-origin'), (b'Referrer-Policy', b'strict-origin-when-cross-origin'), (b'Access-Control-Max-Age', b'86400'), (b'Access-Control-Allow-Origin', b'https://huggingface.co'), (b'Access-Control-Expose-Headers', b'X-Repo-Commit,X-Request-Id,X-Error-Code,X-Error-Message,X-Total-Count,ETag,Link,Accept-Ranges,Content-Range,X-Linked-Size,X-Linked-ETag,X-Xet-Hash'), (b'X-Repo-Commit', b'bc0e85c1c303ee38a6b4a7276ce7cf6d0581cce5'), (b'Accept-Ranges', b'bytes'), (b'X-Hub-Cache', b'MISS'), (b'Content-Disposition', b'inline; filename*=UTF-8\'\'config.json; filename="config.json";'), (b'Content-Security-Policy', b"default-src 'none'; sandbox"), (b'Vary', b'Origin'), (b'X-Cache', b'Hit from cloudfront'), (b'Via', b'1.1 31609816d2408b1ea80e31e71665dfbc.cloudfront.net (CloudFront)'), (b'X-Amz-Cf-Pop', b'ARN53-P3'), (b'X-Amz-Cf-Id', b'AHlUtmH_t6bv6M77aBW0v4IGEURHMTuNnnbmpY7bbod9DyPcdYk3oQ=='), (b'Age', b'366319')])
2026-05-17 21:19:07,210 | INFO     | httpx                | HTTP Request: HEAD https://huggingface.co/api/resolve-cache/models/boltuix/bert-lite/bc0e85c1c303ee38a6b4a7276ce7cf6d0581cce5/config.json "HTTP/1.1 200 OK"
2026-05-17 21:19:07,210 | DEBUG    | httpcore.http11      | receive_response_body.started request=<Request [b'HEAD']>
2026-05-17 21:19:07,211 | DEBUG    | httpcore.http11      | receive_response_body.complete
2026-05-17 21:19:07,211 | DEBUG    | httpcore.http11      | response_closed.started
2026-05-17 21:19:07,211 | DEBUG    | httpcore.http11      | response_closed.complete
2026-05-17 21:19:12,450 | INFO     | modules.dispatcher   | Dispatcher initialized
2026-05-17 21:19:12,450 | INFO     | modules.pre_process  | PreProcess initialized
2026-05-17 21:19:12,450 | INFO     | main_module          | Core modules initialized
2026-05-17 21:19:12,451 | INFO     | server               | Core service initialized
2026-05-17 21:19:12,571 | INFO     | uvicorn.error        | Started server process [6626]
2026-05-17 21:19:12,572 | INFO     | uvicorn.error        | Waiting for application startup.
2026-05-17 21:19:12,573 | INFO     | uvicorn.error        | Application startup complete.
2026-05-17 21:19:12,574 | INFO     | uvicorn.error        | Uvicorn running on http://127.0.0.1:8000 (Press CTRL+C to quit)
2026-05-17 21:20:54,718 | DEBUG    | server               | Received STT POST | lang=ru | text_len=52
2026-05-17 21:20:54,753 | INFO     | uvicorn.access       | 127.0.0.1:36972 - "POST /core/stt HTTP/1.1" 200
2026-05-17 21:20:54,755 | INFO     | main_module          | STT input | speaker=Владелец | lang=ru | text= Ох уж эти яйца, вот это яйца, яйца такие вот, яйца.
2026-05-17 21:20:54,773 | DEBUG    | main_module          | Checking input importance
2026-05-17 21:20:54,773 | DEBUG    | modules.filter       | Filtering input
2026-05-17 21:20:54,773 | DEBUG    | modules.filter       | Checking importance
2026-05-17 21:20:55,643 | DEBUG    | modules.sub_modules.filter_modules.is_important.models.stt_imp_models.models.own_model.transformer.encoder.forward |     Encoder layer input: torch.Size([1, 512, 256]) (with padding mask)
2026-05-17 21:20:55,643 | DEBUG    | modules.sub_modules.filter_modules.is_important.models.stt_imp_models.models.own_model.transformer.pytorch_attention.attention |       MHA: Q=torch.Size([1, 512, 256]), K=torch.Size([1, 512, 256]), V=torch.Size([1, 512, 256])
2026-05-17 21:20:55,643 | DEBUG    | modules.sub_modules.filter_modules.is_important.models.stt_imp_models.models.own_model.transformer.pytorch_attention.attention |       Mask applied: torch.Size([1, 1, 1, 512])
2026-05-17 21:20:55,749 | DEBUG    | modules.sub_modules.filter_modules.is_important.models.stt_imp_models.models.own_model.transformer.encoder.forward |     Encoder layer output: torch.Size([1, 512, 256])
2026-05-17 21:20:55,806 | DEBUG    | modules.filter       | Importance scores | stt=0.87 cv=0.00 sys=0.00
2026-05-17 21:20:55,811 | DEBUG    | modules.filter       | Input is important
2026-05-17 21:20:55,812 | DEBUG    | modules.filter       | Input approved
2026-05-17 21:20:55,812 | INFO     | main_module          | Input approved by filter
2026-05-17 21:20:55,813 | DEBUG    | modules.pre_process  | Pre-processing input
2026-05-17 21:20:55,813 | DEBUG    | modules.pre_process  | Pre-processing completed
2026-05-17 21:20:55,813 | DEBUG    | main_module          | Pre-processing completed
2026-05-17 21:20:55,813 | INFO     | main_module          | Sending request to chat service
2026-05-17 21:20:55,814 | DEBUG    | asyncio              | Using selector: EpollSelector
2026-05-17 21:20:55,815 | INFO     | client               | Chat request | context_len=1 | timeout=300.0s
2026-05-17 21:20:55,819 | DEBUG    | httpcore.connection  | connect_tcp.started host='127.0.0.1' port=8001 local_address=None timeout=10.0 socket_options=None
2026-05-17 21:20:55,822 | DEBUG    | httpcore.connection  | connect_tcp.complete return_value=<httpcore._backends.anyio.AnyIOStream object at 0x742aa44bcbe0>
2026-05-17 21:20:55,823 | DEBUG    | httpcore.http11      | send_request_headers.started request=<Request [b'POST']>
2026-05-17 21:20:55,824 | DEBUG    | httpcore.http11      | send_request_headers.complete
2026-05-17 21:20:55,824 | DEBUG    | httpcore.http11      | send_request_body.started request=<Request [b'POST']>
2026-05-17 21:20:55,824 | DEBUG    | httpcore.http11      | send_request_body.complete
2026-05-17 21:20:55,825 | DEBUG    | httpcore.http11      | receive_response_headers.started request=<Request [b'POST']>
2026-05-17 21:20:56,097 | DEBUG    | httpcore.http11      | receive_response_headers.complete return_value=(b'HTTP/1.1', 500, b'Internal Server Error', [(b'date', b'Sun, 17 May 2026 18:20:55 GMT'), (b'server', b'uvicorn'), (b'content-length', b'21'), (b'content-type', b'text/plain; charset=utf-8')])
2026-05-17 21:20:56,098 | INFO     | httpx                | HTTP Request: POST http://127.0.0.1:8001/chat/generate "HTTP/1.1 500 Internal Server Error"
2026-05-17 21:20:56,108 | DEBUG    | httpcore.http11      | receive_response_body.started request=<Request [b'POST']>
2026-05-17 21:20:56,134 | DEBUG    | httpcore.http11      | receive_response_body.complete
2026-05-17 21:20:56,154 | DEBUG    | httpcore.http11      | response_closed.started
2026-05-17 21:20:56,155 | DEBUG    | httpcore.http11      | response_closed.complete
2026-05-17 21:20:56,190 | ERROR    | client               | Chat HTTP error | code=500
2026-05-17 21:20:56,190 | WARNING  | main_module          | Chat service returned None
2026-05-17 21:28:32,636 | DEBUG    | server               | Received STT POST | lang=ru | text_len=104
2026-05-17 21:28:32,637 | INFO     | uvicorn.access       | 127.0.0.1:33992 - "POST /core/stt HTTP/1.1" 200
2026-05-17 21:28:32,647 | INFO     | main_module          | STT input | speaker=Владелец | lang=ru | text= В Minecraft Live через несколько дней я хочу посмотреть Minecraft Live. Yo! Новое обновление Minecraft.
2026-05-17 21:28:32,648 | DEBUG    | main_module          | Checking input importance
2026-05-17 21:28:32,648 | DEBUG    | modules.filter       | Filtering input
2026-05-17 21:28:32,648 | DEBUG    | modules.filter       | Checking importance
2026-05-17 21:28:32,767 | DEBUG    | modules.sub_modules.filter_modules.is_important.models.stt_imp_models.models.own_model.transformer.encoder.forward |     Encoder layer input: torch.Size([1, 512, 256]) (with padding mask)
2026-05-17 21:28:32,767 | DEBUG    | modules.sub_modules.filter_modules.is_important.models.stt_imp_models.models.own_model.transformer.pytorch_attention.attention |       MHA: Q=torch.Size([1, 512, 256]), K=torch.Size([1, 512, 256]), V=torch.Size([1, 512, 256])
2026-05-17 21:28:32,768 | DEBUG    | modules.sub_modules.filter_modules.is_important.models.stt_imp_models.models.own_model.transformer.pytorch_attention.attention |       Mask applied: torch.Size([1, 1, 1, 512])
2026-05-17 21:28:32,786 | DEBUG    | modules.sub_modules.filter_modules.is_important.models.stt_imp_models.models.own_model.transformer.encoder.forward |     Encoder layer output: torch.Size([1, 512, 256])
2026-05-17 21:28:32,787 | DEBUG    | modules.filter       | Importance scores | stt=0.87 cv=0.00 sys=0.00
2026-05-17 21:28:32,787 | DEBUG    | modules.filter       | Input is important
2026-05-17 21:28:32,788 | DEBUG    | modules.filter       | Input approved
2026-05-17 21:28:32,788 | INFO     | main_module          | Input approved by filter
2026-05-17 21:28:32,788 | DEBUG    | modules.pre_process  | Pre-processing input
2026-05-17 21:28:32,788 | DEBUG    | modules.pre_process  | Pre-processing completed
2026-05-17 21:28:32,789 | DEBUG    | main_module          | Pre-processing completed
2026-05-17 21:28:32,789 | INFO     | main_module          | Sending request to chat service
2026-05-17 21:28:32,789 | INFO     | client               | Chat request | context_len=1 | timeout=300.0s
2026-05-17 21:28:32,792 | DEBUG    | httpcore.connection  | close.started
2026-05-17 21:28:32,793 | DEBUG    | httpcore.connection  | close.complete
2026-05-17 21:28:32,794 | DEBUG    | httpcore.connection  | connect_tcp.started host='127.0.0.1' port=8001 local_address=None timeout=10.0 socket_options=None
2026-05-17 21:28:32,795 | DEBUG    | httpcore.connection  | connect_tcp.complete return_value=<httpcore._backends.anyio.AnyIOStream object at 0x742aa44be800>
2026-05-17 21:28:32,797 | DEBUG    | httpcore.http11      | send_request_headers.started request=<Request [b'POST']>
2026-05-17 21:28:32,797 | DEBUG    | httpcore.http11      | send_request_headers.complete
2026-05-17 21:28:32,797 | DEBUG    | httpcore.http11      | send_request_body.started request=<Request [b'POST']>
2026-05-17 21:28:32,798 | DEBUG    | httpcore.http11      | send_request_body.complete
2026-05-17 21:28:32,798 | DEBUG    | httpcore.http11      | receive_response_headers.started request=<Request [b'POST']>
2026-05-17 21:30:59,240 | DEBUG    | httpcore.http11      | receive_response_headers.complete return_value=(b'HTTP/1.1', 200, b'OK', [(b'date', b'Sun, 17 May 2026 18:28:31 GMT'), (b'server', b'uvicorn'), (b'content-length', b'294'), (b'content-type', b'application/json')])
2026-05-17 21:30:59,248 | INFO     | httpx                | HTTP Request: POST http://127.0.0.1:8001/chat/generate "HTTP/1.1 200 OK"
2026-05-17 21:30:59,249 | DEBUG    | httpcore.http11      | receive_response_body.started request=<Request [b'POST']>
2026-05-17 21:30:59,250 | DEBUG    | httpcore.http11      | receive_response_body.complete
2026-05-17 21:30:59,266 | DEBUG    | httpcore.http11      | response_closed.started
2026-05-17 21:30:59,266 | DEBUG    | httpcore.http11      | response_closed.complete
2026-05-17 21:30:59,267 | INFO     | client               | Chat response received | status=200
2026-05-17 21:30:59,277 | INFO     | main_module          | Chat response received | Андрей, да, в Minecraft Live уже появилось новое обновление — не забудь проверить, когда придет время. Или, может, ты просто ждёшь, пока я не скажу, что "это уже было"? 😏
2026-05-17 21:30:59,278 | DEBUG    | main_module          | Context updated
2026-05-17 21:31:47,934 | DEBUG    | server               | Received STT POST | lang=ru | text_len=136
2026-05-17 21:31:47,934 | INFO     | uvicorn.access       | 127.0.0.1:36128 - "POST /core/stt HTTP/1.1" 200
2026-05-17 21:31:47,935 | INFO     | main_module          | STT input | speaker=Владелец | lang=ru | text= Нееет! Только не говори мне, что я всё пропустил! Как может быть, что это уже было?! Оно же анонсировано буквально через неделю! Нееет!
2026-05-17 21:31:47,935 | DEBUG    | main_module          | Checking input importance
2026-05-17 21:31:47,935 | DEBUG    | modules.filter       | Filtering input
2026-05-17 21:31:47,936 | DEBUG    | modules.filter       | Checking importance
2026-05-17 21:31:48,531 | DEBUG    | modules.sub_modules.filter_modules.is_important.models.stt_imp_models.models.own_model.transformer.encoder.forward |     Encoder layer input: torch.Size([1, 512, 256]) (with padding mask)
2026-05-17 21:31:48,531 | DEBUG    | modules.sub_modules.filter_modules.is_important.models.stt_imp_models.models.own_model.transformer.pytorch_attention.attention |       MHA: Q=torch.Size([1, 512, 256]), K=torch.Size([1, 512, 256]), V=torch.Size([1, 512, 256])
2026-05-17 21:31:48,532 | DEBUG    | modules.sub_modules.filter_modules.is_important.models.stt_imp_models.models.own_model.transformer.pytorch_attention.attention |       Mask applied: torch.Size([1, 1, 1, 512])
2026-05-17 21:31:48,574 | DEBUG    | modules.sub_modules.filter_modules.is_important.models.stt_imp_models.models.own_model.transformer.encoder.forward |     Encoder layer output: torch.Size([1, 512, 256])
2026-05-17 21:31:48,598 | DEBUG    | modules.filter       | Importance scores | stt=0.88 cv=0.00 sys=0.00
2026-05-17 21:31:48,598 | DEBUG    | modules.filter       | Input is important
2026-05-17 21:31:48,599 | DEBUG    | modules.filter       | Input approved
2026-05-17 21:31:48,599 | INFO     | main_module          | Input approved by filter
2026-05-17 21:31:48,599 | DEBUG    | modules.pre_process  | Pre-processing input
2026-05-17 21:31:48,599 | DEBUG    | modules.pre_process  | Pre-processing completed
2026-05-17 21:31:48,599 | DEBUG    | main_module          | Pre-processing completed
2026-05-17 21:31:48,600 | INFO     | main_module          | Sending request to chat service
2026-05-17 21:31:48,600 | INFO     | client               | Chat request | context_len=2 | timeout=300.0s
2026-05-17 21:31:48,603 | DEBUG    | httpcore.connection  | close.started
2026-05-17 21:31:48,603 | DEBUG    | httpcore.connection  | close.complete
2026-05-17 21:31:48,605 | DEBUG    | httpcore.connection  | connect_tcp.started host='127.0.0.1' port=8001 local_address=None timeout=10.0 socket_options=None
2026-05-17 21:31:48,606 | DEBUG    | httpcore.connection  | connect_tcp.complete return_value=<httpcore._backends.anyio.AnyIOStream object at 0x742aa44bdfc0>
2026-05-17 21:31:48,607 | DEBUG    | httpcore.http11      | send_request_headers.started request=<Request [b'POST']>
2026-05-17 21:31:48,608 | DEBUG    | httpcore.http11      | send_request_headers.complete
2026-05-17 21:31:48,608 | DEBUG    | httpcore.http11      | send_request_body.started request=<Request [b'POST']>
2026-05-17 21:31:48,609 | DEBUG    | httpcore.http11      | send_request_body.complete
2026-05-17 21:31:48,609 | DEBUG    | httpcore.http11      | receive_response_headers.started request=<Request [b'POST']>
2026-05-17 21:33:56,334 | DEBUG    | httpcore.http11      | receive_response_headers.complete return_value=(b'HTTP/1.1', 200, b'OK', [(b'date', b'Sun, 17 May 2026 18:31:48 GMT'), (b'server', b'uvicorn'), (b'content-length', b'313'), (b'content-type', b'application/json')])
2026-05-17 21:33:56,334 | INFO     | httpx                | HTTP Request: POST http://127.0.0.1:8001/chat/generate "HTTP/1.1 200 OK"
2026-05-17 21:33:56,335 | DEBUG    | httpcore.http11      | receive_response_body.started request=<Request [b'POST']>
2026-05-17 21:33:56,335 | DEBUG    | httpcore.http11      | receive_response_body.complete
2026-05-17 21:33:56,336 | DEBUG    | httpcore.http11      | response_closed.started
2026-05-17 21:33:56,337 | DEBUG    | httpcore.http11      | response_closed.complete
2026-05-17 21:33:56,337 | INFO     | client               | Chat response received | status=200
2026-05-17 21:33:56,338 | INFO     | main_module          | Chat response received | Андрей, анонсировали — значит, уже было. Ты просто в режиме "жду, пока я не скажу", как в старом фильме про кота, который не понимает, что уже позавчера вышел новый фильм. 😏
2026-05-17 21:33:56,338 | DEBUG    | main_module          | Context updated
2026-05-17 21:34:35,112 | DEBUG    | server               | Received STT POST | lang=ru | text_len=82
2026-05-17 21:34:35,113 | INFO     | uvicorn.access       | 127.0.0.1:41340 - "POST /core/stt HTTP/1.1" 200
2026-05-17 21:34:35,114 | INFO     | main_module          | STT input | speaker=Владелец | lang=ru | text= Слушай, извини меня за мои проблемы в памяти, а на чем, о чем вы вообще говорили?
2026-05-17 21:34:35,115 | DEBUG    | main_module          | Checking input importance
2026-05-17 21:34:35,115 | DEBUG    | modules.filter       | Filtering input
2026-05-17 21:34:35,115 | DEBUG    | modules.filter       | Checking importance
2026-05-17 21:34:35,176 | DEBUG    | modules.sub_modules.filter_modules.is_important.models.stt_imp_models.models.own_model.transformer.encoder.forward |     Encoder layer input: torch.Size([1, 512, 256]) (with padding mask)
2026-05-17 21:34:35,176 | DEBUG    | modules.sub_modules.filter_modules.is_important.models.stt_imp_models.models.own_model.transformer.pytorch_attention.attention |       MHA: Q=torch.Size([1, 512, 256]), K=torch.Size([1, 512, 256]), V=torch.Size([1, 512, 256])
2026-05-17 21:34:35,176 | DEBUG    | modules.sub_modules.filter_modules.is_important.models.stt_imp_models.models.own_model.transformer.pytorch_attention.attention |       Mask applied: torch.Size([1, 1, 1, 512])
2026-05-17 21:34:35,183 | DEBUG    | modules.sub_modules.filter_modules.is_important.models.stt_imp_models.models.own_model.transformer.encoder.forward |     Encoder layer output: torch.Size([1, 512, 256])
2026-05-17 21:34:35,184 | DEBUG    | modules.filter       | Importance scores | stt=0.84 cv=0.00 sys=0.00
2026-05-17 21:34:35,184 | DEBUG    | modules.filter       | Input is important
2026-05-17 21:34:35,184 | DEBUG    | modules.filter       | Input approved
2026-05-17 21:34:35,184 | INFO     | main_module          | Input approved by filter
2026-05-17 21:34:35,184 | DEBUG    | modules.pre_process  | Pre-processing input
2026-05-17 21:34:35,184 | DEBUG    | modules.pre_process  | Pre-processing completed
2026-05-17 21:34:35,184 | DEBUG    | main_module          | Pre-processing completed
2026-05-17 21:34:35,184 | INFO     | main_module          | Sending request to chat service
2026-05-17 21:34:35,184 | INFO     | client               | Chat request | context_len=3 | timeout=300.0s
2026-05-17 21:34:35,187 | DEBUG    | httpcore.connection  | close.started
2026-05-17 21:34:35,187 | DEBUG    | httpcore.connection  | close.complete
2026-05-17 21:34:35,189 | DEBUG    | httpcore.connection  | connect_tcp.started host='127.0.0.1' port=8001 local_address=None timeout=10.0 socket_options=None
2026-05-17 21:34:35,190 | DEBUG    | httpcore.connection  | connect_tcp.complete return_value=<httpcore._backends.anyio.AnyIOStream object at 0x742aa44bfc10>
2026-05-17 21:34:35,191 | DEBUG    | httpcore.http11      | send_request_headers.started request=<Request [b'POST']>
2026-05-17 21:34:35,192 | DEBUG    | httpcore.http11      | send_request_headers.complete
2026-05-17 21:34:35,192 | DEBUG    | httpcore.http11      | send_request_body.started request=<Request [b'POST']>
2026-05-17 21:34:35,193 | DEBUG    | httpcore.http11      | send_request_body.complete
2026-05-17 21:34:35,193 | DEBUG    | httpcore.http11      | receive_response_headers.started request=<Request [b'POST']>
2026-05-17 21:37:17,096 | DEBUG    | httpcore.http11      | receive_response_headers.complete return_value=(b'HTTP/1.1', 200, b'OK', [(b'date', b'Sun, 17 May 2026 18:34:34 GMT'), (b'server', b'uvicorn'), (b'content-length', b'367'), (b'content-type', b'application/json')])
2026-05-17 21:37:17,097 | INFO     | httpx                | HTTP Request: POST http://127.0.0.1:8001/chat/generate "HTTP/1.1 200 OK"
2026-05-17 21:37:17,097 | DEBUG    | httpcore.http11      | receive_response_body.started request=<Request [b'POST']>
2026-05-17 21:37:17,097 | DEBUG    | httpcore.http11      | receive_response_body.complete
2026-05-17 21:37:17,098 | DEBUG    | httpcore.http11      | response_closed.started
2026-05-17 21:37:17,098 | DEBUG    | httpcore.http11      | response_closed.complete
2026-05-17 21:37:17,099 | INFO     | client               | Chat response received | status=200
2026-05-17 21:37:17,099 | INFO     | main_module          | Chat response received | Андрей, мы говорили о новом обновлении в Minecraft Live — оно анонсировано, значит, уже вышло. Ты просто забыл, что "анонс" — это не "ещё не вышло". Или, может, ты просто ждёшь, пока я не скажу "это уже было"? 😏
2026-05-17 21:37:17,099 | DEBUG    | main_module          | Context updated
2026-05-17 21:37:49,794 | DEBUG    | server               | Received STT POST | lang=ru | text_len=23
2026-05-17 21:37:49,795 | INFO     | uvicorn.access       | 127.0.0.1:42620 - "POST /core/stt HTTP/1.1" 200
2026-05-17 21:37:49,796 | INFO     | main_module          | STT input | speaker=Владелец | lang=ru | text= Понял, спасибо. Ладно.
2026-05-17 21:37:49,796 | DEBUG    | main_module          | Checking input importance
2026-05-17 21:37:49,797 | DEBUG    | modules.filter       | Filtering input
2026-05-17 21:37:49,797 | DEBUG    | modules.filter       | Checking importance
2026-05-17 21:37:49,884 | DEBUG    | modules.sub_modules.filter_modules.is_important.models.stt_imp_models.models.own_model.transformer.encoder.forward |     Encoder layer input: torch.Size([1, 512, 256]) (with padding mask)
2026-05-17 21:37:49,884 | DEBUG    | modules.sub_modules.filter_modules.is_important.models.stt_imp_models.models.own_model.transformer.pytorch_attention.attention |       MHA: Q=torch.Size([1, 512, 256]), K=torch.Size([1, 512, 256]), V=torch.Size([1, 512, 256])
2026-05-17 21:37:49,884 | DEBUG    | modules.sub_modules.filter_modules.is_important.models.stt_imp_models.models.own_model.transformer.pytorch_attention.attention |       Mask applied: torch.Size([1, 1, 1, 512])
2026-05-17 21:37:49,894 | DEBUG    | modules.sub_modules.filter_modules.is_important.models.stt_imp_models.models.own_model.transformer.encoder.forward |     Encoder layer output: torch.Size([1, 512, 256])
2026-05-17 21:37:49,895 | DEBUG    | modules.filter       | Importance scores | stt=0.89 cv=0.00 sys=0.00
2026-05-17 21:37:49,895 | DEBUG    | modules.filter       | Input is important
2026-05-17 21:37:49,895 | DEBUG    | modules.filter       | Input approved
2026-05-17 21:37:49,895 | INFO     | main_module          | Input approved by filter
2026-05-17 21:37:49,895 | DEBUG    | modules.pre_process  | Pre-processing input
2026-05-17 21:37:49,895 | DEBUG    | modules.pre_process  | Pre-processing completed
2026-05-17 21:37:49,895 | DEBUG    | main_module          | Pre-processing completed
2026-05-17 21:37:49,913 | INFO     | main_module          | Sending request to chat service
2026-05-17 21:37:49,913 | INFO     | client               | Chat request | context_len=4 | timeout=300.0s
2026-05-17 21:37:49,916 | DEBUG    | httpcore.connection  | close.started
2026-05-17 21:37:49,916 | DEBUG    | httpcore.connection  | close.complete
2026-05-17 21:37:49,918 | DEBUG    | httpcore.connection  | connect_tcp.started host='127.0.0.1' port=8001 local_address=None timeout=10.0 socket_options=None
2026-05-17 21:37:49,919 | DEBUG    | httpcore.connection  | connect_tcp.complete return_value=<httpcore._backends.anyio.AnyIOStream object at 0x742aa4114bb0>
2026-05-17 21:37:49,921 | DEBUG    | httpcore.http11      | send_request_headers.started request=<Request [b'POST']>
2026-05-17 21:37:49,921 | DEBUG    | httpcore.http11      | send_request_headers.complete
2026-05-17 21:37:49,921 | DEBUG    | httpcore.http11      | send_request_body.started request=<Request [b'POST']>
2026-05-17 21:37:49,922 | DEBUG    | httpcore.http11      | send_request_body.complete
2026-05-17 21:37:49,922 | DEBUG    | httpcore.http11      | receive_response_headers.started request=<Request [b'POST']>
2026-05-17 21:41:05,168 | DEBUG    | httpcore.http11      | receive_response_headers.complete return_value=(b'HTTP/1.1', 200, b'OK', [(b'date', b'Sun, 17 May 2026 18:37:49 GMT'), (b'server', b'uvicorn'), (b'content-length', b'240'), (b'content-type', b'application/json')])
2026-05-17 21:41:05,186 | INFO     | httpx                | HTTP Request: POST http://127.0.0.1:8001/chat/generate "HTTP/1.1 200 OK"
2026-05-17 21:41:05,187 | DEBUG    | httpcore.http11      | receive_response_body.started request=<Request [b'POST']>
2026-05-17 21:41:05,187 | DEBUG    | httpcore.http11      | receive_response_body.complete
2026-05-17 21:41:05,204 | DEBUG    | httpcore.http11      | response_closed.started
2026-05-17 21:41:05,204 | DEBUG    | httpcore.http11      | response_closed.complete
2026-05-17 21:41:05,205 | INFO     | client               | Chat response received | status=200
2026-05-17 21:41:05,206 | INFO     | main_module          | Chat response received | Андрей, анонс — это не старт, это уже финиш. Ты просто ждёшь, пока я не скажу "это уже было", чтобы не признать, что всё было вчера. 😏
2026-05-17 21:41:05,206 | DEBUG    | main_module          | Context updated
