2026-05-27 14:55:38,789 | INFO     | server               | ==================================================
2026-05-27 14:55:38,789 | INFO     | server               | STT SERVICE MODULE LOADING
2026-05-27 14:55:38,789 | INFO     | server               | ==================================================
2026-05-27 14:55:38,790 | INFO     | uvicorn.error        | Started server process [9329]
2026-05-27 14:55:38,790 | INFO     | uvicorn.error        | Waiting for application startup.
2026-05-27 14:55:38,790 | INFO     | server               | ==================================================
2026-05-27 14:55:38,790 | INFO     | server               | STT SERVICE LIFESPAN: STARTUP PHASE
2026-05-27 14:55:38,791 | INFO     | server               | ==================================================
2026-05-27 14:55:38,791 | DEBUG    | server               | Phase 1: Initializing STT module...
2026-05-27 14:55:38,791 | DEBUG    | server               | Timestamp: 2026-05-27 14:55:38
2026-05-27 14:55:38,791 | INFO     | speech_gating_pipeline | Initializing SpeechGatingPipeline
2026-05-27 14:55:38,791 | DEBUG    | speech_gating_pipeline | Initializing VAD (Voice Activity Detection)...
2026-05-27 14:55:38,791 | INFO     | modules.vad.volume_detector.volume_detector | Initializing VolumeDetector | samplerate=16000Hz | threshold=0.2 | silence_dur=3.0s | block_dur=0.1s
2026-05-27 14:55:38,791 | DEBUG    | modules.vad.volume_detector.volume_detector | VolumeDetector initialized successfully
2026-05-27 14:55:39,045 | DEBUG    | speech_gating_pipeline | ✓ VAD initialized successfully
2026-05-27 14:55:39,045 | DEBUG    | speech_gating_pipeline | Loading Stt speech recognition model...
2026-05-27 14:55:39,046 | INFO     | modules.stt.models.whisper.model | Loading Whisper model | type=medium
2026-05-27 14:55:49,378 | INFO     | modules.stt.models.whisper.model | Whisper model loaded | type=medium
2026-05-27 14:55:49,379 | DEBUG    | speech_gating_pipeline | ✓ STT model loaded successfully
2026-05-27 14:55:49,379 | INFO     | speech_gating_pipeline | ✓ SpeechGatingPipeline module initialized successfully
2026-05-27 14:55:49,379 | INFO     | server               | ✓ STT instance created | init_time=10.588s
2026-05-27 14:55:49,380 | DEBUG    | server               | STT configuration | samplerate=16000Hz | models_loaded=2
2026-05-27 14:55:49,380 | DEBUG    | server               | Phase 2: Creating worker task...
2026-05-27 14:55:49,380 | INFO     | server               | ✓ STT worker task created | task_id=Task-3 | creation_time=0.000s
2026-05-27 14:55:49,380 | DEBUG    | server               | Task state | done=False | cancelled=False
2026-05-27 14:55:49,380 | INFO     | server               | ✓ STT SERVICE READY | total_startup_time=10.590s
2026-05-27 14:55:49,380 | DEBUG    | server               | Service status | listening=True | workers_active=1 | http_client_ready=True
2026-05-27 14:55:49,380 | INFO     | server               | ==================================================
2026-05-27 14:55:49,380 | INFO     | server               | SERVICE READY TO ACCEPT CONNECTIONS
2026-05-27 14:55:49,380 | INFO     | server               | ==================================================
2026-05-27 14:55:49,381 | INFO     | server               | 🔄 STT worker task started
2026-05-27 14:55:49,381 | DEBUG    | server               | Worker initialization | state=ready | listening=False
2026-05-27 14:55:49,381 | DEBUG    | server               | Worker iteration #1 | uptime_check | state=listening
2026-05-27 14:55:49,381 | DEBUG    | server               | [Iteration #1] Waiting for speech input...
2026-05-27 14:55:49,381 | INFO     | speech_gating_pipeline | 🎤 SpeechGatingPipeline listening started
2026-05-27 14:55:49,382 | INFO     | uvicorn.error        | Application startup complete.
2026-05-27 14:55:49,382 | DEBUG    | speech_gating_pipeline | Listen attempt #1
2026-05-27 14:55:49,382 | INFO     | uvicorn.error        | Uvicorn running on http://127.0.0.1:8004 (Press CTRL+C to quit)
2026-05-27 14:55:49,383 | DEBUG    | speech_gating_pipeline | Waiting for audio capture...
2026-05-27 14:55:49,383 | INFO     | modules.vad.vad      | 🎤 VAD listening started
2026-05-27 14:55:49,383 | DEBUG    | modules.vad.volume_detector.volume_detector | VolumeDetector listening started
2026-05-27 14:55:49,384 | DEBUG    | modules.vad.volume_detector.volume_detector | Opening audio stream | samplerate=16000Hz | blocksize=1600
2026-05-27 14:55:49,404 | DEBUG    | modules.vad.volume_detector.volume_detector | Audio stream opened successfully
2026-05-27 14:55:52,280 | DEBUG    | modules.vad.volume_detector.volume_detector | Speech detected | volume=0.350 > threshold=0.2
2026-05-27 14:55:52,280 | DEBUG    | modules.vad.volume_detector.volume_detector | Recording audio block | volume=0.350 | blocks=1 | duration=0.10s
2026-05-27 14:55:52,408 | DEBUG    | modules.vad.volume_detector.volume_detector | Recording audio block | volume=0.367 | blocks=2 | duration=0.20s
2026-05-27 14:55:52,408 | DEBUG    | modules.vad.volume_detector.volume_detector | Recording audio block | volume=0.304 | blocks=3 | duration=0.30s
2026-05-27 14:55:52,536 | DEBUG    | modules.vad.volume_detector.volume_detector | Recording audio block | volume=0.294 | blocks=4 | duration=0.40s
2026-05-27 14:55:52,664 | DEBUG    | modules.vad.volume_detector.volume_detector | Recording audio block | volume=0.320 | blocks=5 | duration=0.50s
2026-05-27 14:55:52,792 | DEBUG    | modules.vad.volume_detector.volume_detector | Recording audio block | volume=0.295 | blocks=6 | duration=0.60s
2026-05-27 14:55:52,920 | DEBUG    | modules.vad.volume_detector.volume_detector | Recording audio block | volume=0.296 | blocks=7 | duration=0.70s
2026-05-27 14:55:52,920 | DEBUG    | modules.vad.volume_detector.volume_detector | Recording audio block | volume=0.291 | blocks=8 | duration=0.80s
2026-05-27 14:55:53,048 | DEBUG    | modules.vad.volume_detector.volume_detector | Recording audio block | volume=0.323 | blocks=9 | duration=0.90s
2026-05-27 14:55:53,176 | DEBUG    | modules.vad.volume_detector.volume_detector | Recording audio block | volume=0.316 | blocks=10 | duration=1.00s
2026-05-27 14:55:53,304 | DEBUG    | modules.vad.volume_detector.volume_detector | Recording audio block | volume=0.349 | blocks=11 | duration=1.10s
2026-05-27 14:55:53,304 | DEBUG    | modules.vad.volume_detector.volume_detector | Recording audio block | volume=0.365 | blocks=12 | duration=1.20s
2026-05-27 14:55:53,432 | DEBUG    | modules.vad.volume_detector.volume_detector | Recording audio block | volume=0.320 | blocks=13 | duration=1.30s
2026-05-27 14:55:53,560 | DEBUG    | modules.vad.volume_detector.volume_detector | Recording audio block | volume=0.312 | blocks=14 | duration=1.40s
2026-05-27 14:55:53,688 | DEBUG    | modules.vad.volume_detector.volume_detector | Recording audio block | volume=0.606 | blocks=15 | duration=1.50s
2026-05-27 14:55:53,816 | DEBUG    | modules.vad.volume_detector.volume_detector | Recording audio block | volume=0.739 | blocks=16 | duration=1.60s
2026-05-27 14:55:53,816 | DEBUG    | modules.vad.volume_detector.volume_detector | Recording audio block | volume=0.789 | blocks=17 | duration=1.70s
2026-05-27 14:55:53,944 | DEBUG    | modules.vad.volume_detector.volume_detector | Recording audio block | volume=0.682 | blocks=18 | duration=1.80s
2026-05-27 14:55:54,072 | DEBUG    | modules.vad.volume_detector.volume_detector | Recording audio block | volume=0.748 | blocks=19 | duration=1.90s
2026-05-27 14:55:54,200 | DEBUG    | modules.vad.volume_detector.volume_detector | Recording audio block | volume=0.717 | blocks=20 | duration=2.00s
2026-05-27 14:55:54,200 | DEBUG    | modules.vad.volume_detector.volume_detector | Recording audio block | volume=0.796 | blocks=21 | duration=2.10s
2026-05-27 14:55:54,328 | DEBUG    | modules.vad.volume_detector.volume_detector | Recording audio block | volume=0.724 | blocks=22 | duration=2.20s
2026-05-27 14:55:54,456 | DEBUG    | modules.vad.volume_detector.volume_detector | Recording audio block | volume=0.809 | blocks=23 | duration=2.30s
2026-05-27 14:55:54,584 | DEBUG    | modules.vad.volume_detector.volume_detector | Recording audio block | volume=0.739 | blocks=24 | duration=2.40s
2026-05-27 14:55:54,712 | DEBUG    | modules.vad.volume_detector.volume_detector | Recording audio block | volume=0.709 | blocks=25 | duration=2.50s
2026-05-27 14:55:54,716 | DEBUG    | modules.vad.volume_detector.volume_detector | Recording audio block | volume=0.667 | blocks=26 | duration=2.60s
2026-05-27 14:55:54,840 | DEBUG    | modules.vad.volume_detector.volume_detector | Recording audio block | volume=0.719 | blocks=27 | duration=2.70s
2026-05-27 14:55:54,968 | DEBUG    | modules.vad.volume_detector.volume_detector | Recording audio block | volume=0.743 | blocks=28 | duration=2.80s
2026-05-27 14:55:55,096 | DEBUG    | modules.vad.volume_detector.volume_detector | Recording audio block | volume=0.642 | blocks=29 | duration=2.90s
2026-05-27 14:55:55,096 | DEBUG    | modules.vad.volume_detector.volume_detector | Recording audio block | volume=0.784 | blocks=30 | duration=3.00s
2026-05-27 14:55:55,224 | DEBUG    | modules.vad.volume_detector.volume_detector | Recording audio block | volume=0.591 | blocks=31 | duration=3.10s
2026-05-27 14:55:55,352 | DEBUG    | modules.vad.volume_detector.volume_detector | Recording audio block | volume=0.825 | blocks=32 | duration=3.20s
2026-05-27 14:55:55,480 | DEBUG    | modules.vad.volume_detector.volume_detector | Recording audio block | volume=0.653 | blocks=33 | duration=3.30s
2026-05-27 14:55:55,608 | DEBUG    | modules.vad.volume_detector.volume_detector | Recording audio block | volume=0.808 | blocks=34 | duration=3.40s
2026-05-27 14:55:55,608 | DEBUG    | modules.vad.volume_detector.volume_detector | Recording audio block | volume=0.599 | blocks=35 | duration=3.50s
2026-05-27 14:55:55,736 | DEBUG    | modules.vad.volume_detector.volume_detector | Recording audio block | volume=0.692 | blocks=36 | duration=3.60s
2026-05-27 14:55:55,864 | DEBUG    | modules.vad.volume_detector.volume_detector | Recording audio block | volume=0.572 | blocks=37 | duration=3.70s
2026-05-27 14:55:55,992 | DEBUG    | modules.vad.volume_detector.volume_detector | Recording audio block | volume=0.614 | blocks=38 | duration=3.80s
2026-05-27 14:55:56,120 | DEBUG    | modules.vad.volume_detector.volume_detector | Recording audio block | volume=0.627 | blocks=39 | duration=3.90s
2026-05-27 14:55:56,120 | DEBUG    | modules.vad.volume_detector.volume_detector | Recording audio block | volume=0.679 | blocks=40 | duration=4.00s
2026-05-27 14:55:56,248 | DEBUG    | modules.vad.volume_detector.volume_detector | Recording audio block | volume=0.548 | blocks=41 | duration=4.10s
2026-05-27 14:55:56,376 | DEBUG    | modules.vad.volume_detector.volume_detector | Recording audio block | volume=0.357 | blocks=42 | duration=4.20s
2026-05-27 14:55:56,504 | DEBUG    | modules.vad.volume_detector.volume_detector | Recording audio block | volume=0.292 | blocks=43 | duration=4.30s
2026-05-27 14:55:56,504 | DEBUG    | modules.vad.volume_detector.volume_detector | Silence detected | volume=0.000 <= threshold=0.2
2026-05-27 14:55:56,504 | DEBUG    | modules.vad.volume_detector.volume_detector | Recording silence | silence_duration=0.10s | threshold=3.0s
2026-05-27 14:55:56,632 | DEBUG    | modules.vad.volume_detector.volume_detector | Silence detected | volume=0.000 <= threshold=0.2
2026-05-27 14:55:56,632 | DEBUG    | modules.vad.volume_detector.volume_detector | Recording silence | silence_duration=0.20s | threshold=3.0s
2026-05-27 14:55:56,760 | DEBUG    | modules.vad.volume_detector.volume_detector | Silence detected | volume=0.000 <= threshold=0.2
2026-05-27 14:55:56,760 | DEBUG    | modules.vad.volume_detector.volume_detector | Recording silence | silence_duration=0.30s | threshold=3.0s
2026-05-27 14:55:56,888 | DEBUG    | modules.vad.volume_detector.volume_detector | Silence detected | volume=0.000 <= threshold=0.2
2026-05-27 14:55:56,888 | DEBUG    | modules.vad.volume_detector.volume_detector | Recording silence | silence_duration=0.40s | threshold=3.0s
2026-05-27 14:55:57,016 | DEBUG    | modules.vad.volume_detector.volume_detector | Silence detected | volume=0.000 <= threshold=0.2
2026-05-27 14:55:57,016 | DEBUG    | modules.vad.volume_detector.volume_detector | Recording silence | silence_duration=0.50s | threshold=3.0s
2026-05-27 14:55:57,017 | DEBUG    | modules.vad.volume_detector.volume_detector | Silence detected | volume=0.000 <= threshold=0.2
2026-05-27 14:55:57,017 | DEBUG    | modules.vad.volume_detector.volume_detector | Recording silence | silence_duration=0.60s | threshold=3.0s
2026-05-27 14:55:57,144 | DEBUG    | modules.vad.volume_detector.volume_detector | Silence detected | volume=0.000 <= threshold=0.2
2026-05-27 14:55:57,145 | DEBUG    | modules.vad.volume_detector.volume_detector | Recording silence | silence_duration=0.70s | threshold=3.0s
2026-05-27 14:55:57,272 | DEBUG    | modules.vad.volume_detector.volume_detector | Silence detected | volume=0.000 <= threshold=0.2
2026-05-27 14:55:57,272 | DEBUG    | modules.vad.volume_detector.volume_detector | Recording silence | silence_duration=0.80s | threshold=3.0s
2026-05-27 14:55:57,400 | DEBUG    | modules.vad.volume_detector.volume_detector | Silence detected | volume=0.000 <= threshold=0.2
2026-05-27 14:55:57,400 | DEBUG    | modules.vad.volume_detector.volume_detector | Recording silence | silence_duration=0.90s | threshold=3.0s
2026-05-27 14:55:57,401 | DEBUG    | modules.vad.volume_detector.volume_detector | Silence detected | volume=0.000 <= threshold=0.2
2026-05-27 14:55:57,401 | DEBUG    | modules.vad.volume_detector.volume_detector | Recording silence | silence_duration=1.00s | threshold=3.0s
2026-05-27 14:55:57,528 | DEBUG    | modules.vad.volume_detector.volume_detector | Silence detected | volume=0.000 <= threshold=0.2
2026-05-27 14:55:57,529 | DEBUG    | modules.vad.volume_detector.volume_detector | Recording silence | silence_duration=1.10s | threshold=3.0s
2026-05-27 14:55:57,656 | DEBUG    | modules.vad.volume_detector.volume_detector | Silence detected | volume=0.000 <= threshold=0.2
2026-05-27 14:55:57,657 | DEBUG    | modules.vad.volume_detector.volume_detector | Recording silence | silence_duration=1.20s | threshold=3.0s
2026-05-27 14:55:57,784 | DEBUG    | modules.vad.volume_detector.volume_detector | Silence detected | volume=0.000 <= threshold=0.2
2026-05-27 14:55:57,784 | DEBUG    | modules.vad.volume_detector.volume_detector | Recording silence | silence_duration=1.30s | threshold=3.0s
2026-05-27 14:55:57,912 | DEBUG    | modules.vad.volume_detector.volume_detector | Silence detected | volume=0.000 <= threshold=0.2
2026-05-27 14:55:57,913 | DEBUG    | modules.vad.volume_detector.volume_detector | Recording silence | silence_duration=1.40s | threshold=3.0s
2026-05-27 14:55:57,913 | DEBUG    | modules.vad.volume_detector.volume_detector | Silence detected | volume=0.000 <= threshold=0.2
2026-05-27 14:55:57,913 | DEBUG    | modules.vad.volume_detector.volume_detector | Recording silence | silence_duration=1.50s | threshold=3.0s
2026-05-27 14:55:58,040 | DEBUG    | modules.vad.volume_detector.volume_detector | Silence detected | volume=0.000 <= threshold=0.2
2026-05-27 14:55:58,041 | DEBUG    | modules.vad.volume_detector.volume_detector | Recording silence | silence_duration=1.60s | threshold=3.0s
2026-05-27 14:55:58,168 | DEBUG    | modules.vad.volume_detector.volume_detector | Silence detected | volume=0.000 <= threshold=0.2
2026-05-27 14:55:58,169 | DEBUG    | modules.vad.volume_detector.volume_detector | Recording silence | silence_duration=1.70s | threshold=3.0s
2026-05-27 14:55:58,296 | DEBUG    | modules.vad.volume_detector.volume_detector | Silence detected | volume=0.000 <= threshold=0.2
2026-05-27 14:55:58,297 | DEBUG    | modules.vad.volume_detector.volume_detector | Recording silence | silence_duration=1.80s | threshold=3.0s
2026-05-27 14:55:58,297 | DEBUG    | modules.vad.volume_detector.volume_detector | Silence detected | volume=0.000 <= threshold=0.2
2026-05-27 14:55:58,297 | DEBUG    | modules.vad.volume_detector.volume_detector | Recording silence | silence_duration=1.90s | threshold=3.0s
2026-05-27 14:55:58,424 | DEBUG    | modules.vad.volume_detector.volume_detector | Silence detected | volume=0.000 <= threshold=0.2
2026-05-27 14:55:58,425 | DEBUG    | modules.vad.volume_detector.volume_detector | Recording silence | silence_duration=2.00s | threshold=3.0s
2026-05-27 14:55:58,552 | DEBUG    | modules.vad.volume_detector.volume_detector | Silence detected | volume=0.000 <= threshold=0.2
2026-05-27 14:55:58,553 | DEBUG    | modules.vad.volume_detector.volume_detector | Recording silence | silence_duration=2.10s | threshold=3.0s
2026-05-27 14:55:58,680 | DEBUG    | modules.vad.volume_detector.volume_detector | Silence detected | volume=0.000 <= threshold=0.2
2026-05-27 14:55:58,681 | DEBUG    | modules.vad.volume_detector.volume_detector | Recording silence | silence_duration=2.20s | threshold=3.0s
2026-05-27 14:55:58,808 | DEBUG    | modules.vad.volume_detector.volume_detector | Silence detected | volume=0.000 <= threshold=0.2
2026-05-27 14:55:58,809 | DEBUG    | modules.vad.volume_detector.volume_detector | Recording silence | silence_duration=2.30s | threshold=3.0s
2026-05-27 14:55:58,809 | DEBUG    | modules.vad.volume_detector.volume_detector | Silence detected | volume=0.000 <= threshold=0.2
2026-05-27 14:55:58,809 | DEBUG    | modules.vad.volume_detector.volume_detector | Recording silence | silence_duration=2.40s | threshold=3.0s
2026-05-27 14:55:58,937 | DEBUG    | modules.vad.volume_detector.volume_detector | Silence detected | volume=0.000 <= threshold=0.2
2026-05-27 14:55:58,937 | DEBUG    | modules.vad.volume_detector.volume_detector | Recording silence | silence_duration=2.50s | threshold=3.0s
2026-05-27 14:55:59,065 | DEBUG    | modules.vad.volume_detector.volume_detector | Silence detected | volume=0.000 <= threshold=0.2
2026-05-27 14:55:59,065 | DEBUG    | modules.vad.volume_detector.volume_detector | Recording silence | silence_duration=2.60s | threshold=3.0s
2026-05-27 14:55:59,193 | DEBUG    | modules.vad.volume_detector.volume_detector | Silence detected | volume=0.000 <= threshold=0.2
2026-05-27 14:55:59,193 | DEBUG    | modules.vad.volume_detector.volume_detector | Recording silence | silence_duration=2.70s | threshold=3.0s
2026-05-27 14:55:59,321 | DEBUG    | modules.vad.volume_detector.volume_detector | Silence detected | volume=0.000 <= threshold=0.2
2026-05-27 14:55:59,321 | DEBUG    | modules.vad.volume_detector.volume_detector | Recording silence | silence_duration=2.80s | threshold=3.0s
2026-05-27 14:55:59,321 | DEBUG    | modules.vad.volume_detector.volume_detector | Silence detected | volume=0.000 <= threshold=0.2
2026-05-27 14:55:59,322 | DEBUG    | modules.vad.volume_detector.volume_detector | Recording silence | silence_duration=2.90s | threshold=3.0s
2026-05-27 14:55:59,449 | DEBUG    | modules.vad.volume_detector.volume_detector | Silence detected | volume=0.000 <= threshold=0.2
2026-05-27 14:55:59,449 | DEBUG    | modules.vad.volume_detector.volume_detector | Recording silence | silence_duration=3.00s | threshold=3.0s
2026-05-27 14:55:59,449 | INFO     | modules.vad.volume_detector.volume_detector | ✓ Speech ended by silence | silence_time=3.00s
2026-05-27 14:55:59,581 | INFO     | modules.vad.volume_detector.volume_detector | ✓ Audio capture complete | duration=7.30s | samples=116800 | blocks=73
2026-05-27 14:55:59,581 | INFO     | modules.vad.volume_detector.volume_detector | Volume statistics | min=0.000 | max=0.825 | threshold=0.2
2026-05-27 14:55:59,582 | DEBUG    | modules.vad.volume_detector.volume_detector | Total blocks processed: 98
2026-05-27 14:55:59,582 | INFO     | modules.vad.speach_detector.speach_detector | Calculating speech probability...
2026-05-27 14:55:59,583 | DEBUG    | modules.vad.speach_detector.models.snakers4_silero_vad.model | Preprocessing audio of shape: (116800,)
2026-05-27 14:55:59,583 | DEBUG    | modules.vad.speach_detector.models.snakers4_silero_vad.model | Converted audio to tensor of shape: torch.Size([116800])
2026-05-27 14:55:59,585 | DEBUG    | modules.vad.speach_detector.models.snakers4_silero_vad.model | Normalized audio tensor of shape: torch.Size([116800])
2026-05-27 14:55:59,585 | DEBUG    | modules.vad.speach_detector.models.snakers4_silero_vad.model | Preprocessed audio shape: torch.Size([116800])
2026-05-27 14:55:59,585 | DEBUG    | modules.vad.speach_detector.models.snakers4_silero_vad.model | Calculating speech probability for tensor of shape: torch.Size([116800])
2026-05-27 14:55:59,585 | DEBUG    | modules.vad.speach_detector.models.snakers4_silero_vad.model | Chunk size: 512.0 | Sample rate: 16000 | Sample: 32e-3ms
2026-05-27 14:55:59,586 | WARNING  | speech_gating_pipeline | ⚠ TypeError in listen loop (attempt #1): 'float' object cannot be interpreted as an integer - Continuing...
2026-05-27 14:55:59,586 | DEBUG    | speech_gating_pipeline | Listen attempt #2
2026-05-27 14:55:59,586 | DEBUG    | speech_gating_pipeline | Waiting for audio capture...
2026-05-27 14:55:59,586 | INFO     | modules.vad.vad      | 🎤 VAD listening started
2026-05-27 14:55:59,586 | DEBUG    | modules.vad.volume_detector.volume_detector | VolumeDetector listening started
2026-05-27 14:55:59,587 | DEBUG    | modules.vad.volume_detector.volume_detector | Opening audio stream | samplerate=16000Hz | blocksize=1600
2026-05-27 14:55:59,604 | DEBUG    | modules.vad.volume_detector.volume_detector | Audio stream opened successfully
2026-05-27 14:57:12,298 | INFO     | uvicorn.error        | Shutting down
2026-05-27 14:57:12,399 | INFO     | uvicorn.error        | Finished server process [9329]
2026-05-27 14:57:12,424 | ERROR    | uvicorn.error        | Traceback (most recent call last):
  File "/mnt/windows/Programs/ProgramingProjects/Python/venvs/ml310/lib/python3.10/site-packages/uvicorn/_compat.py", line 60, in asyncio_run
    return loop.run_until_complete(main)
  File "/usr/lib/python3.10/asyncio/base_events.py", line 636, in run_until_complete
    self.run_forever()
  File "/usr/lib/python3.10/asyncio/base_events.py", line 603, in run_forever
    self._run_once()
  File "/usr/lib/python3.10/asyncio/base_events.py", line 1909, in _run_once
    handle._run()
  File "/usr/lib/python3.10/asyncio/events.py", line 80, in _run
    self._context.run(self._callback, *self._args)
  File "/mnt/windows/Programs/ProgramingProjects/Python/venvs/ml310/lib/python3.10/site-packages/uvicorn/server.py", line 78, in serve
    with self.capture_signals():
  File "/usr/lib/python3.10/contextlib.py", line 142, in __exit__
    next(self.gen)
  File "/mnt/windows/Programs/ProgramingProjects/Python/venvs/ml310/lib/python3.10/site-packages/uvicorn/server.py", line 339, in capture_signals
    signal.raise_signal(captured_signal)
KeyboardInterrupt

During handling of the above exception, another exception occurred:

Traceback (most recent call last):
  File "/mnt/windows/Programs/ProgramingProjects/Python/venvs/ml310/lib/python3.10/site-packages/starlette/routing.py", line 701, in lifespan
    await receive()
  File "/mnt/windows/Programs/ProgramingProjects/Python/venvs/ml310/lib/python3.10/site-packages/uvicorn/lifespan/on.py", line 137, in receive
    return await self.receive_queue.get()
  File "/usr/lib/python3.10/asyncio/queues.py", line 159, in get
    await getter
asyncio.exceptions.CancelledError

2026-05-27 14:57:12,424 | INFO     | server               | 🛑 STT worker received cancellation signal
2026-05-27 14:57:12,425 | DEBUG    | server               | Worker stats at cancellation | iteration=#1 | total_audio=0 | errors=0
2026-05-27 14:57:12,425 | INFO     | server               | STT worker task terminated gracefully | iterations=1 | audio_processed=0 | errors=0
