2026-05-27 14:52:01,638 | INFO     | server               | ==================================================
2026-05-27 14:52:01,638 | INFO     | server               | STT SERVICE MODULE LOADING
2026-05-27 14:52:01,638 | INFO     | server               | ==================================================
2026-05-27 14:52:01,639 | INFO     | uvicorn.error        | Started server process [9197]
2026-05-27 14:52:01,640 | INFO     | uvicorn.error        | Waiting for application startup.
2026-05-27 14:52:01,640 | INFO     | server               | ==================================================
2026-05-27 14:52:01,640 | INFO     | server               | STT SERVICE LIFESPAN: STARTUP PHASE
2026-05-27 14:52:01,640 | INFO     | server               | ==================================================
2026-05-27 14:52:01,640 | DEBUG    | server               | Phase 1: Initializing STT module...
2026-05-27 14:52:01,641 | DEBUG    | server               | Timestamp: 2026-05-27 14:52:01
2026-05-27 14:52:01,641 | INFO     | speech_gating_pipeline | Initializing SpeechGatingPipeline
2026-05-27 14:52:01,641 | DEBUG    | speech_gating_pipeline | Initializing VAD (Voice Activity Detection)...
2026-05-27 14:52:01,641 | INFO     | modules.vad.volume_detector.volume_detector | Initializing VolumeDetector | samplerate=16000Hz | threshold=0.2 | silence_dur=3.0s | block_dur=0.1s
2026-05-27 14:52:01,641 | DEBUG    | modules.vad.volume_detector.volume_detector | VolumeDetector initialized successfully
2026-05-27 14:52:01,837 | DEBUG    | speech_gating_pipeline | ✓ VAD initialized successfully
2026-05-27 14:52:01,837 | DEBUG    | speech_gating_pipeline | Loading Stt speech recognition model...
2026-05-27 14:52:01,837 | INFO     | modules.stt.models.whisper.model | Loading Whisper model | type=medium
2026-05-27 14:52:11,958 | INFO     | modules.stt.models.whisper.model | Whisper model loaded | type=medium
2026-05-27 14:52:11,959 | DEBUG    | speech_gating_pipeline | ✓ STT model loaded successfully
2026-05-27 14:52:11,959 | INFO     | speech_gating_pipeline | ✓ SpeechGatingPipeline module initialized successfully
2026-05-27 14:52:11,959 | INFO     | server               | ✓ STT instance created | init_time=10.318s
2026-05-27 14:52:11,959 | DEBUG    | server               | STT configuration | samplerate=16000Hz | models_loaded=2
2026-05-27 14:52:11,959 | DEBUG    | server               | Phase 2: Creating worker task...
2026-05-27 14:52:11,959 | INFO     | server               | ✓ STT worker task created | task_id=Task-3 | creation_time=0.000s
2026-05-27 14:52:11,960 | DEBUG    | server               | Task state | done=False | cancelled=False
2026-05-27 14:52:11,960 | INFO     | server               | ✓ STT SERVICE READY | total_startup_time=10.320s
2026-05-27 14:52:11,960 | DEBUG    | server               | Service status | listening=True | workers_active=1 | http_client_ready=True
2026-05-27 14:52:11,960 | INFO     | server               | ==================================================
2026-05-27 14:52:11,960 | INFO     | server               | SERVICE READY TO ACCEPT CONNECTIONS
2026-05-27 14:52:11,960 | INFO     | server               | ==================================================
2026-05-27 14:52:11,960 | INFO     | server               | 🔄 STT worker task started
2026-05-27 14:52:11,960 | DEBUG    | server               | Worker initialization | state=ready | listening=False
2026-05-27 14:52:11,960 | DEBUG    | server               | Worker iteration #1 | uptime_check | state=listening
2026-05-27 14:52:11,961 | DEBUG    | server               | [Iteration #1] Waiting for speech input...
2026-05-27 14:52:11,961 | INFO     | speech_gating_pipeline | 🎤 SpeechGatingPipeline listening started
2026-05-27 14:52:11,961 | INFO     | uvicorn.error        | Application startup complete.
2026-05-27 14:52:11,961 | DEBUG    | speech_gating_pipeline | Listen attempt #1
2026-05-27 14:52:11,962 | DEBUG    | speech_gating_pipeline | Waiting for audio capture...
2026-05-27 14:52:11,962 | INFO     | uvicorn.error        | Uvicorn running on http://127.0.0.1:8004 (Press CTRL+C to quit)
2026-05-27 14:52:11,962 | INFO     | modules.vad.vad      | 🎤 VAD listening started
2026-05-27 14:52:11,963 | DEBUG    | modules.vad.volume_detector.volume_detector | VolumeDetector listening started
2026-05-27 14:52:11,963 | DEBUG    | modules.vad.volume_detector.volume_detector | Opening audio stream | samplerate=16000Hz | blocksize=1600
2026-05-27 14:52:11,981 | DEBUG    | modules.vad.volume_detector.volume_detector | Audio stream opened successfully
2026-05-27 14:52:15,492 | DEBUG    | modules.vad.volume_detector.volume_detector | Speech detected | volume=0.359 > threshold=0.2
2026-05-27 14:52:15,493 | DEBUG    | modules.vad.volume_detector.volume_detector | Recording audio block | volume=0.359 | blocks=1 | duration=0.10s
2026-05-27 14:52:15,620 | DEBUG    | modules.vad.volume_detector.volume_detector | Recording audio block | volume=0.354 | blocks=2 | duration=0.20s
2026-05-27 14:52:15,749 | DEBUG    | modules.vad.volume_detector.volume_detector | Recording audio block | volume=0.347 | blocks=3 | duration=0.30s
2026-05-27 14:52:15,876 | DEBUG    | modules.vad.volume_detector.volume_detector | Recording audio block | volume=0.318 | blocks=4 | duration=0.40s
2026-05-27 14:52:15,877 | DEBUG    | modules.vad.volume_detector.volume_detector | Recording audio block | volume=0.297 | blocks=5 | duration=0.50s
2026-05-27 14:52:16,005 | DEBUG    | modules.vad.volume_detector.volume_detector | Recording audio block | volume=0.264 | blocks=6 | duration=0.60s
2026-05-27 14:52:16,133 | DEBUG    | modules.vad.volume_detector.volume_detector | Recording audio block | volume=0.303 | blocks=7 | duration=0.70s
2026-05-27 14:52:16,261 | DEBUG    | modules.vad.volume_detector.volume_detector | Recording audio block | volume=0.326 | blocks=8 | duration=0.80s
2026-05-27 14:52:16,388 | DEBUG    | modules.vad.volume_detector.volume_detector | Recording audio block | volume=0.338 | blocks=9 | duration=0.90s
2026-05-27 14:52:16,389 | DEBUG    | modules.vad.volume_detector.volume_detector | Recording audio block | volume=0.309 | blocks=10 | duration=1.00s
2026-05-27 14:52:16,516 | DEBUG    | modules.vad.volume_detector.volume_detector | Recording audio block | volume=0.321 | blocks=11 | duration=1.10s
2026-05-27 14:52:16,644 | DEBUG    | modules.vad.volume_detector.volume_detector | Recording audio block | volume=0.294 | blocks=12 | duration=1.20s
2026-05-27 14:52:16,773 | DEBUG    | modules.vad.volume_detector.volume_detector | Recording audio block | volume=0.414 | blocks=13 | duration=1.30s
2026-05-27 14:52:16,773 | DEBUG    | modules.vad.volume_detector.volume_detector | Recording audio block | volume=0.387 | blocks=14 | duration=1.40s
2026-05-27 14:52:16,901 | DEBUG    | modules.vad.volume_detector.volume_detector | Recording audio block | volume=0.873 | blocks=15 | duration=1.50s
2026-05-27 14:52:17,029 | DEBUG    | modules.vad.volume_detector.volume_detector | Recording audio block | volume=0.563 | blocks=16 | duration=1.60s
2026-05-27 14:52:17,157 | DEBUG    | modules.vad.volume_detector.volume_detector | Recording audio block | volume=0.849 | blocks=17 | duration=1.70s
2026-05-27 14:52:17,284 | DEBUG    | modules.vad.volume_detector.volume_detector | Recording audio block | volume=0.724 | blocks=18 | duration=1.80s
2026-05-27 14:52:17,285 | DEBUG    | modules.vad.volume_detector.volume_detector | Recording audio block | volume=0.769 | blocks=19 | duration=1.90s
2026-05-27 14:52:17,413 | DEBUG    | modules.vad.volume_detector.volume_detector | Recording audio block | volume=0.713 | blocks=20 | duration=2.00s
2026-05-27 14:52:17,541 | DEBUG    | modules.vad.volume_detector.volume_detector | Recording audio block | volume=0.775 | blocks=21 | duration=2.10s
2026-05-27 14:52:17,669 | DEBUG    | modules.vad.volume_detector.volume_detector | Recording audio block | volume=0.846 | blocks=22 | duration=2.20s
2026-05-27 14:52:17,669 | DEBUG    | modules.vad.volume_detector.volume_detector | Recording audio block | volume=0.721 | blocks=23 | duration=2.30s
2026-05-27 14:52:17,796 | DEBUG    | modules.vad.volume_detector.volume_detector | Recording audio block | volume=0.776 | blocks=24 | duration=2.40s
2026-05-27 14:52:17,925 | DEBUG    | modules.vad.volume_detector.volume_detector | Recording audio block | volume=0.675 | blocks=25 | duration=2.50s
2026-05-27 14:52:18,053 | DEBUG    | modules.vad.volume_detector.volume_detector | Recording audio block | volume=0.803 | blocks=26 | duration=2.60s
2026-05-27 14:52:18,181 | DEBUG    | modules.vad.volume_detector.volume_detector | Recording audio block | volume=0.660 | blocks=27 | duration=2.70s
2026-05-27 14:52:18,181 | DEBUG    | modules.vad.volume_detector.volume_detector | Recording audio block | volume=0.830 | blocks=28 | duration=2.80s
2026-05-27 14:52:18,309 | DEBUG    | modules.vad.volume_detector.volume_detector | Recording audio block | volume=0.603 | blocks=29 | duration=2.90s
2026-05-27 14:52:18,437 | DEBUG    | modules.vad.volume_detector.volume_detector | Recording audio block | volume=0.803 | blocks=30 | duration=3.00s
2026-05-27 14:52:18,564 | DEBUG    | modules.vad.volume_detector.volume_detector | Recording audio block | volume=0.635 | blocks=31 | duration=3.10s
2026-05-27 14:52:18,693 | DEBUG    | modules.vad.volume_detector.volume_detector | Recording audio block | volume=0.834 | blocks=32 | duration=3.20s
2026-05-27 14:52:18,693 | DEBUG    | modules.vad.volume_detector.volume_detector | Recording audio block | volume=0.509 | blocks=33 | duration=3.30s
2026-05-27 14:52:18,820 | DEBUG    | modules.vad.volume_detector.volume_detector | Recording audio block | volume=0.396 | blocks=34 | duration=3.40s
2026-05-27 14:52:18,949 | DEBUG    | modules.vad.volume_detector.volume_detector | Recording audio block | volume=0.328 | blocks=35 | duration=3.50s
2026-05-27 14:52:19,077 | DEBUG    | modules.vad.volume_detector.volume_detector | Recording audio block | volume=0.310 | blocks=36 | duration=3.60s
2026-05-27 14:52:19,077 | DEBUG    | modules.vad.volume_detector.volume_detector | Recording audio block | volume=0.300 | blocks=37 | duration=3.70s
2026-05-27 14:52:19,205 | DEBUG    | modules.vad.volume_detector.volume_detector | Recording audio block | volume=0.310 | blocks=38 | duration=3.80s
2026-05-27 14:52:19,332 | DEBUG    | modules.vad.volume_detector.volume_detector | Silence detected | volume=0.193 <= threshold=0.2
2026-05-27 14:52:19,333 | DEBUG    | modules.vad.volume_detector.volume_detector | Recording silence | silence_duration=0.10s | threshold=3.0s
2026-05-27 14:52:19,461 | DEBUG    | modules.vad.volume_detector.volume_detector | Silence detected | volume=0.000 <= threshold=0.2
2026-05-27 14:52:19,461 | DEBUG    | modules.vad.volume_detector.volume_detector | Recording silence | silence_duration=0.20s | threshold=3.0s
2026-05-27 14:52:19,589 | DEBUG    | modules.vad.volume_detector.volume_detector | Silence detected | volume=0.000 <= threshold=0.2
2026-05-27 14:52:19,589 | DEBUG    | modules.vad.volume_detector.volume_detector | Recording silence | silence_duration=0.30s | threshold=3.0s
2026-05-27 14:52:19,590 | DEBUG    | modules.vad.volume_detector.volume_detector | Silence detected | volume=0.000 <= threshold=0.2
2026-05-27 14:52:19,590 | DEBUG    | modules.vad.volume_detector.volume_detector | Recording silence | silence_duration=0.40s | threshold=3.0s
2026-05-27 14:52:19,717 | DEBUG    | modules.vad.volume_detector.volume_detector | Silence detected | volume=0.000 <= threshold=0.2
2026-05-27 14:52:19,717 | DEBUG    | modules.vad.volume_detector.volume_detector | Recording silence | silence_duration=0.50s | threshold=3.0s
2026-05-27 14:52:19,845 | DEBUG    | modules.vad.volume_detector.volume_detector | Silence detected | volume=0.000 <= threshold=0.2
2026-05-27 14:52:19,845 | DEBUG    | modules.vad.volume_detector.volume_detector | Recording silence | silence_duration=0.60s | threshold=3.0s
2026-05-27 14:52:19,973 | DEBUG    | modules.vad.volume_detector.volume_detector | Silence detected | volume=0.000 <= threshold=0.2
2026-05-27 14:52:19,973 | DEBUG    | modules.vad.volume_detector.volume_detector | Recording silence | silence_duration=0.70s | threshold=3.0s
2026-05-27 14:52:19,974 | DEBUG    | modules.vad.volume_detector.volume_detector | Silence detected | volume=0.000 <= threshold=0.2
2026-05-27 14:52:19,974 | DEBUG    | modules.vad.volume_detector.volume_detector | Recording silence | silence_duration=0.80s | threshold=3.0s
2026-05-27 14:52:20,101 | DEBUG    | modules.vad.volume_detector.volume_detector | Silence detected | volume=0.000 <= threshold=0.2
2026-05-27 14:52:20,101 | DEBUG    | modules.vad.volume_detector.volume_detector | Recording silence | silence_duration=0.90s | threshold=3.0s
2026-05-27 14:52:20,229 | DEBUG    | modules.vad.volume_detector.volume_detector | Silence detected | volume=0.000 <= threshold=0.2
2026-05-27 14:52:20,229 | DEBUG    | modules.vad.volume_detector.volume_detector | Recording silence | silence_duration=1.00s | threshold=3.0s
2026-05-27 14:52:20,357 | DEBUG    | modules.vad.volume_detector.volume_detector | Silence detected | volume=0.000 <= threshold=0.2
2026-05-27 14:52:20,357 | DEBUG    | modules.vad.volume_detector.volume_detector | Recording silence | silence_duration=1.10s | threshold=3.0s
2026-05-27 14:52:20,485 | DEBUG    | modules.vad.volume_detector.volume_detector | Silence detected | volume=0.000 <= threshold=0.2
2026-05-27 14:52:20,485 | DEBUG    | modules.vad.volume_detector.volume_detector | Recording silence | silence_duration=1.20s | threshold=3.0s
2026-05-27 14:52:20,486 | DEBUG    | modules.vad.volume_detector.volume_detector | Silence detected | volume=0.000 <= threshold=0.2
2026-05-27 14:52:20,486 | DEBUG    | modules.vad.volume_detector.volume_detector | Recording silence | silence_duration=1.30s | threshold=3.0s
2026-05-27 14:52:20,613 | DEBUG    | modules.vad.volume_detector.volume_detector | Silence detected | volume=0.000 <= threshold=0.2
2026-05-27 14:52:20,613 | DEBUG    | modules.vad.volume_detector.volume_detector | Recording silence | silence_duration=1.40s | threshold=3.0s
2026-05-27 14:52:20,741 | DEBUG    | modules.vad.volume_detector.volume_detector | Silence detected | volume=0.000 <= threshold=0.2
2026-05-27 14:52:20,741 | DEBUG    | modules.vad.volume_detector.volume_detector | Recording silence | silence_duration=1.50s | threshold=3.0s
2026-05-27 14:52:20,869 | DEBUG    | modules.vad.volume_detector.volume_detector | Silence detected | volume=0.000 <= threshold=0.2
2026-05-27 14:52:20,869 | DEBUG    | modules.vad.volume_detector.volume_detector | Recording silence | silence_duration=1.60s | threshold=3.0s
2026-05-27 14:52:20,870 | DEBUG    | modules.vad.volume_detector.volume_detector | Silence detected | volume=0.000 <= threshold=0.2
2026-05-27 14:52:20,870 | DEBUG    | modules.vad.volume_detector.volume_detector | Recording silence | silence_duration=1.70s | threshold=3.0s
2026-05-27 14:52:20,997 | DEBUG    | modules.vad.volume_detector.volume_detector | Silence detected | volume=0.000 <= threshold=0.2
2026-05-27 14:52:20,997 | DEBUG    | modules.vad.volume_detector.volume_detector | Recording silence | silence_duration=1.80s | threshold=3.0s
2026-05-27 14:52:21,125 | DEBUG    | modules.vad.volume_detector.volume_detector | Silence detected | volume=0.000 <= threshold=0.2
2026-05-27 14:52:21,126 | DEBUG    | modules.vad.volume_detector.volume_detector | Recording silence | silence_duration=1.90s | threshold=3.0s
2026-05-27 14:52:21,253 | DEBUG    | modules.vad.volume_detector.volume_detector | Silence detected | volume=0.000 <= threshold=0.2
2026-05-27 14:52:21,254 | DEBUG    | modules.vad.volume_detector.volume_detector | Recording silence | silence_duration=2.00s | threshold=3.0s
2026-05-27 14:52:21,381 | DEBUG    | modules.vad.volume_detector.volume_detector | Silence detected | volume=0.000 <= threshold=0.2
2026-05-27 14:52:21,381 | DEBUG    | modules.vad.volume_detector.volume_detector | Recording silence | silence_duration=2.10s | threshold=3.0s
2026-05-27 14:52:21,381 | DEBUG    | modules.vad.volume_detector.volume_detector | Silence detected | volume=0.000 <= threshold=0.2
2026-05-27 14:52:21,381 | DEBUG    | modules.vad.volume_detector.volume_detector | Recording silence | silence_duration=2.20s | threshold=3.0s
2026-05-27 14:52:21,509 | DEBUG    | modules.vad.volume_detector.volume_detector | Silence detected | volume=0.000 <= threshold=0.2
2026-05-27 14:52:21,509 | DEBUG    | modules.vad.volume_detector.volume_detector | Recording silence | silence_duration=2.30s | threshold=3.0s
2026-05-27 14:52:21,637 | DEBUG    | modules.vad.volume_detector.volume_detector | Silence detected | volume=0.000 <= threshold=0.2
2026-05-27 14:52:21,637 | DEBUG    | modules.vad.volume_detector.volume_detector | Recording silence | silence_duration=2.40s | threshold=3.0s
2026-05-27 14:52:21,765 | DEBUG    | modules.vad.volume_detector.volume_detector | Silence detected | volume=0.000 <= threshold=0.2
2026-05-27 14:52:21,765 | DEBUG    | modules.vad.volume_detector.volume_detector | Recording silence | silence_duration=2.50s | threshold=3.0s
2026-05-27 14:52:21,893 | DEBUG    | modules.vad.volume_detector.volume_detector | Silence detected | volume=0.000 <= threshold=0.2
2026-05-27 14:52:21,893 | DEBUG    | modules.vad.volume_detector.volume_detector | Recording silence | silence_duration=2.60s | threshold=3.0s
2026-05-27 14:52:21,894 | DEBUG    | modules.vad.volume_detector.volume_detector | Silence detected | volume=0.000 <= threshold=0.2
2026-05-27 14:52:21,894 | DEBUG    | modules.vad.volume_detector.volume_detector | Recording silence | silence_duration=2.70s | threshold=3.0s
2026-05-27 14:52:22,021 | DEBUG    | modules.vad.volume_detector.volume_detector | Silence detected | volume=0.000 <= threshold=0.2
2026-05-27 14:52:22,022 | DEBUG    | modules.vad.volume_detector.volume_detector | Recording silence | silence_duration=2.80s | threshold=3.0s
2026-05-27 14:52:22,149 | DEBUG    | modules.vad.volume_detector.volume_detector | Silence detected | volume=0.000 <= threshold=0.2
2026-05-27 14:52:22,150 | DEBUG    | modules.vad.volume_detector.volume_detector | Recording silence | silence_duration=2.90s | threshold=3.0s
2026-05-27 14:52:22,277 | DEBUG    | modules.vad.volume_detector.volume_detector | Silence detected | volume=0.000 <= threshold=0.2
2026-05-27 14:52:22,278 | DEBUG    | modules.vad.volume_detector.volume_detector | Recording silence | silence_duration=3.00s | threshold=3.0s
2026-05-27 14:52:22,278 | INFO     | modules.vad.volume_detector.volume_detector | ✓ Speech ended by silence | silence_time=3.00s
2026-05-27 14:52:22,410 | INFO     | modules.vad.volume_detector.volume_detector | ✓ Audio capture complete | duration=6.80s | samples=108800 | blocks=68
2026-05-27 14:52:22,410 | INFO     | modules.vad.volume_detector.volume_detector | Volume statistics | min=0.000 | max=0.873 | threshold=0.2
2026-05-27 14:52:22,410 | DEBUG    | modules.vad.volume_detector.volume_detector | Total blocks processed: 100
2026-05-27 14:52:22,411 | INFO     | modules.vad.speach_detector.speach_detector | Calculating speech probability...
2026-05-27 14:52:22,413 | DEBUG    | modules.vad.speach_detector.models.snakers4_silero_vad.model | Preprocessed audio shape: torch.Size([108800])
2026-05-27 14:52:22,413 | DEBUG    | modules.vad.speach_detector.models.snakers4_silero_vad.model | Calculating speech probability for tensor of shape: torch.Size([108800])
2026-05-27 14:52:22,413 | DEBUG    | modules.vad.speach_detector.models.snakers4_silero_vad.model | Chunk size: 512.0 | Sample rate: 16000 | Sample: 32e-3ms
2026-05-27 14:52:22,414 | WARNING  | speech_gating_pipeline | ⚠ TypeError in listen loop (attempt #1): 'float' object cannot be interpreted as an integer - Continuing...
2026-05-27 14:52:22,414 | DEBUG    | speech_gating_pipeline | Listen attempt #2
2026-05-27 14:52:22,414 | DEBUG    | speech_gating_pipeline | Waiting for audio capture...
2026-05-27 14:52:22,414 | INFO     | modules.vad.vad      | 🎤 VAD listening started
2026-05-27 14:52:22,415 | DEBUG    | modules.vad.volume_detector.volume_detector | VolumeDetector listening started
2026-05-27 14:52:22,415 | DEBUG    | modules.vad.volume_detector.volume_detector | Opening audio stream | samplerate=16000Hz | blocksize=1600
2026-05-27 14:52:22,432 | DEBUG    | modules.vad.volume_detector.volume_detector | Audio stream opened successfully
2026-05-27 14:55:27,763 | INFO     | uvicorn.error        | Shutting down
2026-05-27 14:55:27,864 | INFO     | uvicorn.error        | Waiting for application shutdown.
2026-05-27 14:55:27,864 | INFO     | server               | ==================================================
2026-05-27 14:55:27,864 | INFO     | server               | STT SERVICE LIFESPAN: SHUTDOWN PHASE
2026-05-27 14:55:27,865 | INFO     | server               | ==================================================
2026-05-27 14:55:27,865 | INFO     | server               | 🛑 STT service shutting down...
2026-05-27 14:55:27,865 | DEBUG    | server               | Phase 1: Stopping worker task...
2026-05-27 14:55:27,865 | DEBUG    | server               | Worker task cancellation signal sent | task=Task-3
2026-05-27 14:55:27,866 | DEBUG    | server               | Waiting for worker task to complete cancellation...
2026-05-27 14:55:27,866 | INFO     | server               | 🛑 STT worker received cancellation signal
2026-05-27 14:55:27,866 | DEBUG    | server               | Worker stats at cancellation | iteration=#1 | total_audio=0 | errors=0
2026-05-27 14:55:27,866 | INFO     | server               | STT worker task terminated gracefully | iterations=1 | audio_processed=0 | errors=0
2026-05-27 14:55:27,867 | DEBUG    | server               | Phase 2: Closing HTTP client...
2026-05-27 14:55:27,887 | DEBUG    | server               | ✓ HTTP client closed | close_time=0.020s
2026-05-27 14:55:27,887 | INFO     | server               | ✓ STT SERVICE STOPPED | shutdown_time=0.022s
2026-05-27 14:55:27,887 | INFO     | server               | ==================================================
2026-05-27 14:55:27,887 | INFO     | uvicorn.error        | Application shutdown complete.
2026-05-27 14:55:27,888 | INFO     | uvicorn.error        | Finished server process [9197]
