2026-05-27 15:02:31,853 | INFO     | server               | ==================================================
2026-05-27 15:02:31,853 | INFO     | server               | STT SERVICE MODULE LOADING
2026-05-27 15:02:31,854 | INFO     | server               | ==================================================
2026-05-27 15:02:31,854 | INFO     | uvicorn.error        | Started server process [9639]
2026-05-27 15:02:31,855 | INFO     | uvicorn.error        | Waiting for application startup.
2026-05-27 15:02:31,855 | INFO     | server               | ==================================================
2026-05-27 15:02:31,855 | INFO     | server               | STT SERVICE LIFESPAN: STARTUP PHASE
2026-05-27 15:02:31,855 | INFO     | server               | ==================================================
2026-05-27 15:02:31,855 | DEBUG    | server               | Phase 1: Initializing STT module...
2026-05-27 15:02:31,856 | DEBUG    | server               | Timestamp: 2026-05-27 15:02:31
2026-05-27 15:02:31,856 | INFO     | speech_gating_pipeline | Initializing SpeechGatingPipeline
2026-05-27 15:02:31,856 | DEBUG    | speech_gating_pipeline | Initializing VAD (Voice Activity Detection)...
2026-05-27 15:02:31,856 | INFO     | modules.vad.volume_detector.volume_detector | Initializing VolumeDetector | samplerate=16000Hz | threshold=0.2 | silence_dur=3.0s | block_dur=0.1s
2026-05-27 15:02:31,856 | DEBUG    | modules.vad.volume_detector.volume_detector | VolumeDetector initialized successfully
2026-05-27 15:02:32,103 | DEBUG    | speech_gating_pipeline | ✓ VAD initialized successfully
2026-05-27 15:02:32,103 | DEBUG    | speech_gating_pipeline | Loading Stt speech recognition model...
2026-05-27 15:02:32,103 | INFO     | modules.stt.models.whisper.model | Loading Whisper model | type=medium
2026-05-27 15:02:42,452 | INFO     | modules.stt.models.whisper.model | Whisper model loaded | type=medium
2026-05-27 15:02:42,452 | DEBUG    | speech_gating_pipeline | ✓ STT model loaded successfully
2026-05-27 15:02:42,452 | INFO     | speech_gating_pipeline | ✓ SpeechGatingPipeline module initialized successfully
2026-05-27 15:02:42,452 | INFO     | server               | ✓ STT instance created | init_time=10.597s
2026-05-27 15:02:42,453 | DEBUG    | server               | STT configuration | samplerate=16000Hz | models_loaded=2
2026-05-27 15:02:42,453 | DEBUG    | server               | Phase 2: Creating worker task...
2026-05-27 15:02:42,453 | INFO     | server               | ✓ STT worker task created | task_id=Task-3 | creation_time=0.000s
2026-05-27 15:02:42,453 | DEBUG    | server               | Task state | done=False | cancelled=False
2026-05-27 15:02:42,453 | INFO     | server               | ✓ STT SERVICE READY | total_startup_time=10.598s
2026-05-27 15:02:42,453 | DEBUG    | server               | Service status | listening=True | workers_active=1 | http_client_ready=True
2026-05-27 15:02:42,453 | INFO     | server               | ==================================================
2026-05-27 15:02:42,454 | INFO     | server               | SERVICE READY TO ACCEPT CONNECTIONS
2026-05-27 15:02:42,454 | INFO     | server               | ==================================================
2026-05-27 15:02:42,454 | INFO     | server               | 🔄 STT worker task started
2026-05-27 15:02:42,454 | DEBUG    | server               | Worker initialization | state=ready | listening=False
2026-05-27 15:02:42,454 | DEBUG    | server               | Worker iteration #1 | uptime_check | state=listening
2026-05-27 15:02:42,454 | DEBUG    | server               | [Iteration #1] Waiting for speech input...
2026-05-27 15:02:42,455 | INFO     | speech_gating_pipeline | 🎤 SpeechGatingPipeline listening started
2026-05-27 15:02:42,455 | INFO     | uvicorn.error        | Application startup complete.
2026-05-27 15:02:42,455 | DEBUG    | speech_gating_pipeline | Listen attempt #1
2026-05-27 15:02:42,456 | INFO     | uvicorn.error        | Uvicorn running on http://127.0.0.1:8004 (Press CTRL+C to quit)
2026-05-27 15:02:42,456 | DEBUG    | speech_gating_pipeline | Waiting for audio capture...
2026-05-27 15:02:42,456 | INFO     | modules.vad.vad      | 🎤 VAD listening started
2026-05-27 15:02:42,456 | DEBUG    | modules.vad.volume_detector.volume_detector | VolumeDetector listening started
2026-05-27 15:02:42,457 | DEBUG    | modules.vad.volume_detector.volume_detector | Opening audio stream | samplerate=16000Hz | blocksize=1600
2026-05-27 15:02:42,476 | DEBUG    | modules.vad.volume_detector.volume_detector | Audio stream opened successfully
2026-05-27 15:02:47,779 | DEBUG    | modules.vad.volume_detector.volume_detector | Speech detected | volume=0.290 > threshold=0.2
2026-05-27 15:02:47,780 | DEBUG    | modules.vad.volume_detector.volume_detector | Recording audio block | volume=0.290 | blocks=1 | duration=0.10s
2026-05-27 15:02:47,908 | DEBUG    | modules.vad.volume_detector.volume_detector | Recording audio block | volume=0.379 | blocks=2 | duration=0.20s
2026-05-27 15:02:48,036 | DEBUG    | modules.vad.volume_detector.volume_detector | Recording audio block | volume=0.331 | blocks=3 | duration=0.30s
2026-05-27 15:02:48,164 | DEBUG    | modules.vad.volume_detector.volume_detector | Recording audio block | volume=0.358 | blocks=4 | duration=0.40s
2026-05-27 15:02:48,164 | DEBUG    | modules.vad.volume_detector.volume_detector | Recording audio block | volume=0.463 | blocks=5 | duration=0.50s
2026-05-27 15:02:48,292 | DEBUG    | modules.vad.volume_detector.volume_detector | Recording audio block | volume=0.412 | blocks=6 | duration=0.60s
2026-05-27 15:02:48,420 | DEBUG    | modules.vad.volume_detector.volume_detector | Recording audio block | volume=0.375 | blocks=7 | duration=0.70s
2026-05-27 15:02:48,548 | DEBUG    | modules.vad.volume_detector.volume_detector | Recording audio block | volume=0.333 | blocks=8 | duration=0.80s
2026-05-27 15:02:48,676 | DEBUG    | modules.vad.volume_detector.volume_detector | Recording audio block | volume=0.344 | blocks=9 | duration=0.90s
2026-05-27 15:02:48,676 | DEBUG    | modules.vad.volume_detector.volume_detector | Recording audio block | volume=0.427 | blocks=10 | duration=1.00s
2026-05-27 15:02:48,804 | DEBUG    | modules.vad.volume_detector.volume_detector | Recording audio block | volume=0.550 | blocks=11 | duration=1.10s
2026-05-27 15:02:48,932 | DEBUG    | modules.vad.volume_detector.volume_detector | Recording audio block | volume=0.787 | blocks=12 | duration=1.20s
2026-05-27 15:02:49,060 | DEBUG    | modules.vad.volume_detector.volume_detector | Recording audio block | volume=0.812 | blocks=13 | duration=1.30s
2026-05-27 15:02:49,188 | DEBUG    | modules.vad.volume_detector.volume_detector | Recording audio block | volume=0.768 | blocks=14 | duration=1.40s
2026-05-27 15:02:49,189 | DEBUG    | modules.vad.volume_detector.volume_detector | Recording audio block | volume=0.808 | blocks=15 | duration=1.50s
2026-05-27 15:02:49,316 | DEBUG    | modules.vad.volume_detector.volume_detector | Recording audio block | volume=0.774 | blocks=16 | duration=1.60s
2026-05-27 15:02:49,444 | DEBUG    | modules.vad.volume_detector.volume_detector | Recording audio block | volume=0.737 | blocks=17 | duration=1.70s
2026-05-27 15:02:49,572 | DEBUG    | modules.vad.volume_detector.volume_detector | Recording audio block | volume=0.751 | blocks=18 | duration=1.80s
2026-05-27 15:02:49,573 | DEBUG    | modules.vad.volume_detector.volume_detector | Recording audio block | volume=0.787 | blocks=19 | duration=1.90s
2026-05-27 15:02:49,700 | DEBUG    | modules.vad.volume_detector.volume_detector | Recording audio block | volume=0.774 | blocks=20 | duration=2.00s
2026-05-27 15:02:49,828 | DEBUG    | modules.vad.volume_detector.volume_detector | Recording audio block | volume=0.780 | blocks=21 | duration=2.10s
2026-05-27 15:02:49,956 | DEBUG    | modules.vad.volume_detector.volume_detector | Recording audio block | volume=0.804 | blocks=22 | duration=2.20s
2026-05-27 15:02:50,084 | DEBUG    | modules.vad.volume_detector.volume_detector | Recording audio block | volume=0.764 | blocks=23 | duration=2.30s
2026-05-27 15:02:50,085 | DEBUG    | modules.vad.volume_detector.volume_detector | Recording audio block | volume=0.782 | blocks=24 | duration=2.40s
2026-05-27 15:02:50,213 | DEBUG    | modules.vad.volume_detector.volume_detector | Recording audio block | volume=0.669 | blocks=25 | duration=2.50s
2026-05-27 15:02:50,341 | DEBUG    | modules.vad.volume_detector.volume_detector | Recording audio block | volume=0.829 | blocks=26 | duration=2.60s
2026-05-27 15:02:50,468 | DEBUG    | modules.vad.volume_detector.volume_detector | Recording audio block | volume=0.667 | blocks=27 | duration=2.70s
2026-05-27 15:02:50,469 | DEBUG    | modules.vad.volume_detector.volume_detector | Recording audio block | volume=0.803 | blocks=28 | duration=2.80s
2026-05-27 15:02:50,596 | DEBUG    | modules.vad.volume_detector.volume_detector | Recording audio block | volume=0.563 | blocks=29 | duration=2.90s
2026-05-27 15:02:50,724 | DEBUG    | modules.vad.volume_detector.volume_detector | Recording audio block | volume=0.797 | blocks=30 | duration=3.00s
2026-05-27 15:02:50,852 | DEBUG    | modules.vad.volume_detector.volume_detector | Recording audio block | volume=0.614 | blocks=31 | duration=3.10s
2026-05-27 15:02:50,980 | DEBUG    | modules.vad.volume_detector.volume_detector | Recording audio block | volume=0.776 | blocks=32 | duration=3.20s
2026-05-27 15:02:50,981 | DEBUG    | modules.vad.volume_detector.volume_detector | Recording audio block | volume=0.738 | blocks=33 | duration=3.30s
2026-05-27 15:02:51,108 | DEBUG    | modules.vad.volume_detector.volume_detector | Recording audio block | volume=0.779 | blocks=34 | duration=3.40s
2026-05-27 15:02:51,236 | DEBUG    | modules.vad.volume_detector.volume_detector | Recording audio block | volume=0.718 | blocks=35 | duration=3.50s
2026-05-27 15:02:51,364 | DEBUG    | modules.vad.volume_detector.volume_detector | Recording audio block | volume=0.695 | blocks=36 | duration=3.60s
2026-05-27 15:02:51,365 | DEBUG    | modules.vad.volume_detector.volume_detector | Recording audio block | volume=0.763 | blocks=37 | duration=3.70s
2026-05-27 15:02:51,492 | DEBUG    | modules.vad.volume_detector.volume_detector | Recording audio block | volume=0.560 | blocks=38 | duration=3.80s
2026-05-27 15:02:51,620 | DEBUG    | modules.vad.volume_detector.volume_detector | Recording audio block | volume=0.753 | blocks=39 | duration=3.90s
2026-05-27 15:02:51,748 | DEBUG    | modules.vad.volume_detector.volume_detector | Recording audio block | volume=0.547 | blocks=40 | duration=4.00s
2026-05-27 15:02:51,876 | DEBUG    | modules.vad.volume_detector.volume_detector | Recording audio block | volume=0.679 | blocks=41 | duration=4.10s
2026-05-27 15:02:51,877 | DEBUG    | modules.vad.volume_detector.volume_detector | Recording audio block | volume=0.459 | blocks=42 | duration=4.20s
2026-05-27 15:02:52,004 | DEBUG    | modules.vad.volume_detector.volume_detector | Recording audio block | volume=0.552 | blocks=43 | duration=4.30s
2026-05-27 15:02:52,132 | DEBUG    | modules.vad.volume_detector.volume_detector | Recording audio block | volume=0.372 | blocks=44 | duration=4.40s
2026-05-27 15:02:52,260 | DEBUG    | modules.vad.volume_detector.volume_detector | Recording audio block | volume=0.211 | blocks=45 | duration=4.50s
2026-05-27 15:02:52,388 | DEBUG    | modules.vad.volume_detector.volume_detector | Silence detected | volume=0.000 <= threshold=0.2
2026-05-27 15:02:52,389 | DEBUG    | modules.vad.volume_detector.volume_detector | Recording silence | silence_duration=0.10s | threshold=3.0s
2026-05-27 15:02:52,389 | DEBUG    | modules.vad.volume_detector.volume_detector | Silence detected | volume=0.000 <= threshold=0.2
2026-05-27 15:02:52,389 | DEBUG    | modules.vad.volume_detector.volume_detector | Recording silence | silence_duration=0.20s | threshold=3.0s
2026-05-27 15:02:52,517 | DEBUG    | modules.vad.volume_detector.volume_detector | Silence detected | volume=0.000 <= threshold=0.2
2026-05-27 15:02:52,517 | DEBUG    | modules.vad.volume_detector.volume_detector | Recording silence | silence_duration=0.30s | threshold=3.0s
2026-05-27 15:02:52,645 | DEBUG    | modules.vad.volume_detector.volume_detector | Silence detected | volume=0.000 <= threshold=0.2
2026-05-27 15:02:52,645 | DEBUG    | modules.vad.volume_detector.volume_detector | Recording silence | silence_duration=0.40s | threshold=3.0s
2026-05-27 15:02:52,773 | DEBUG    | modules.vad.volume_detector.volume_detector | Silence detected | volume=0.000 <= threshold=0.2
2026-05-27 15:02:52,773 | DEBUG    | modules.vad.volume_detector.volume_detector | Recording silence | silence_duration=0.50s | threshold=3.0s
2026-05-27 15:02:52,773 | DEBUG    | modules.vad.volume_detector.volume_detector | Silence detected | volume=0.000 <= threshold=0.2
2026-05-27 15:02:52,774 | DEBUG    | modules.vad.volume_detector.volume_detector | Recording silence | silence_duration=0.60s | threshold=3.0s
2026-05-27 15:02:52,901 | DEBUG    | modules.vad.volume_detector.volume_detector | Silence detected | volume=0.000 <= threshold=0.2
2026-05-27 15:02:52,901 | DEBUG    | modules.vad.volume_detector.volume_detector | Recording silence | silence_duration=0.70s | threshold=3.0s
2026-05-27 15:02:53,029 | DEBUG    | modules.vad.volume_detector.volume_detector | Silence detected | volume=0.000 <= threshold=0.2
2026-05-27 15:02:53,029 | DEBUG    | modules.vad.volume_detector.volume_detector | Recording silence | silence_duration=0.80s | threshold=3.0s
2026-05-27 15:02:53,157 | DEBUG    | modules.vad.volume_detector.volume_detector | Silence detected | volume=0.000 <= threshold=0.2
2026-05-27 15:02:53,157 | DEBUG    | modules.vad.volume_detector.volume_detector | Recording silence | silence_duration=0.90s | threshold=3.0s
2026-05-27 15:02:53,285 | DEBUG    | modules.vad.volume_detector.volume_detector | Silence detected | volume=0.000 <= threshold=0.2
2026-05-27 15:02:53,285 | DEBUG    | modules.vad.volume_detector.volume_detector | Recording silence | silence_duration=1.00s | threshold=3.0s
2026-05-27 15:02:53,285 | DEBUG    | modules.vad.volume_detector.volume_detector | Silence detected | volume=0.000 <= threshold=0.2
2026-05-27 15:02:53,286 | DEBUG    | modules.vad.volume_detector.volume_detector | Recording silence | silence_duration=1.10s | threshold=3.0s
2026-05-27 15:02:53,413 | DEBUG    | modules.vad.volume_detector.volume_detector | Silence detected | volume=0.000 <= threshold=0.2
2026-05-27 15:02:53,413 | DEBUG    | modules.vad.volume_detector.volume_detector | Recording silence | silence_duration=1.20s | threshold=3.0s
2026-05-27 15:02:53,541 | DEBUG    | modules.vad.volume_detector.volume_detector | Silence detected | volume=0.000 <= threshold=0.2
2026-05-27 15:02:53,541 | DEBUG    | modules.vad.volume_detector.volume_detector | Recording silence | silence_duration=1.30s | threshold=3.0s
2026-05-27 15:02:53,669 | DEBUG    | modules.vad.volume_detector.volume_detector | Silence detected | volume=0.000 <= threshold=0.2
2026-05-27 15:02:53,669 | DEBUG    | modules.vad.volume_detector.volume_detector | Recording silence | silence_duration=1.40s | threshold=3.0s
2026-05-27 15:02:53,669 | DEBUG    | modules.vad.volume_detector.volume_detector | Silence detected | volume=0.000 <= threshold=0.2
2026-05-27 15:02:53,670 | DEBUG    | modules.vad.volume_detector.volume_detector | Recording silence | silence_duration=1.50s | threshold=3.0s
2026-05-27 15:02:53,797 | DEBUG    | modules.vad.volume_detector.volume_detector | Silence detected | volume=0.000 <= threshold=0.2
2026-05-27 15:02:53,797 | DEBUG    | modules.vad.volume_detector.volume_detector | Recording silence | silence_duration=1.60s | threshold=3.0s
2026-05-27 15:02:53,925 | DEBUG    | modules.vad.volume_detector.volume_detector | Silence detected | volume=0.000 <= threshold=0.2
2026-05-27 15:02:53,925 | DEBUG    | modules.vad.volume_detector.volume_detector | Recording silence | silence_duration=1.70s | threshold=3.0s
2026-05-27 15:02:54,053 | DEBUG    | modules.vad.volume_detector.volume_detector | Silence detected | volume=0.000 <= threshold=0.2
2026-05-27 15:02:54,053 | DEBUG    | modules.vad.volume_detector.volume_detector | Recording silence | silence_duration=1.80s | threshold=3.0s
2026-05-27 15:02:54,181 | DEBUG    | modules.vad.volume_detector.volume_detector | Silence detected | volume=0.000 <= threshold=0.2
2026-05-27 15:02:54,182 | DEBUG    | modules.vad.volume_detector.volume_detector | Recording silence | silence_duration=1.90s | threshold=3.0s
2026-05-27 15:02:54,182 | DEBUG    | modules.vad.volume_detector.volume_detector | Silence detected | volume=0.000 <= threshold=0.2
2026-05-27 15:02:54,182 | DEBUG    | modules.vad.volume_detector.volume_detector | Recording silence | silence_duration=2.00s | threshold=3.0s
2026-05-27 15:02:54,309 | DEBUG    | modules.vad.volume_detector.volume_detector | Silence detected | volume=0.000 <= threshold=0.2
2026-05-27 15:02:54,309 | DEBUG    | modules.vad.volume_detector.volume_detector | Recording silence | silence_duration=2.10s | threshold=3.0s
2026-05-27 15:02:54,437 | DEBUG    | modules.vad.volume_detector.volume_detector | Silence detected | volume=0.000 <= threshold=0.2
2026-05-27 15:02:54,437 | DEBUG    | modules.vad.volume_detector.volume_detector | Recording silence | silence_duration=2.20s | threshold=3.0s
2026-05-27 15:02:54,565 | DEBUG    | modules.vad.volume_detector.volume_detector | Silence detected | volume=0.000 <= threshold=0.2
2026-05-27 15:02:54,565 | DEBUG    | modules.vad.volume_detector.volume_detector | Recording silence | silence_duration=2.30s | threshold=3.0s
2026-05-27 15:02:54,566 | DEBUG    | modules.vad.volume_detector.volume_detector | Silence detected | volume=0.000 <= threshold=0.2
2026-05-27 15:02:54,566 | DEBUG    | modules.vad.volume_detector.volume_detector | Recording silence | silence_duration=2.40s | threshold=3.0s
2026-05-27 15:02:54,693 | DEBUG    | modules.vad.volume_detector.volume_detector | Silence detected | volume=0.000 <= threshold=0.2
2026-05-27 15:02:54,693 | DEBUG    | modules.vad.volume_detector.volume_detector | Recording silence | silence_duration=2.50s | threshold=3.0s
2026-05-27 15:02:54,821 | DEBUG    | modules.vad.volume_detector.volume_detector | Silence detected | volume=0.000 <= threshold=0.2
2026-05-27 15:02:54,821 | DEBUG    | modules.vad.volume_detector.volume_detector | Recording silence | silence_duration=2.60s | threshold=3.0s
2026-05-27 15:02:54,949 | DEBUG    | modules.vad.volume_detector.volume_detector | Silence detected | volume=0.000 <= threshold=0.2
2026-05-27 15:02:54,949 | DEBUG    | modules.vad.volume_detector.volume_detector | Recording silence | silence_duration=2.70s | threshold=3.0s
2026-05-27 15:02:55,077 | DEBUG    | modules.vad.volume_detector.volume_detector | Silence detected | volume=0.000 <= threshold=0.2
2026-05-27 15:02:55,078 | DEBUG    | modules.vad.volume_detector.volume_detector | Recording silence | silence_duration=2.80s | threshold=3.0s
2026-05-27 15:02:55,078 | DEBUG    | modules.vad.volume_detector.volume_detector | Silence detected | volume=0.000 <= threshold=0.2
2026-05-27 15:02:55,078 | DEBUG    | modules.vad.volume_detector.volume_detector | Recording silence | silence_duration=2.90s | threshold=3.0s
2026-05-27 15:02:55,205 | DEBUG    | modules.vad.volume_detector.volume_detector | Silence detected | volume=0.000 <= threshold=0.2
2026-05-27 15:02:55,206 | DEBUG    | modules.vad.volume_detector.volume_detector | Recording silence | silence_duration=3.00s | threshold=3.0s
2026-05-27 15:02:55,206 | INFO     | modules.vad.volume_detector.volume_detector | ✓ Speech ended by silence | silence_time=3.00s
2026-05-27 15:02:55,337 | INFO     | modules.vad.volume_detector.volume_detector | ✓ Audio capture complete | duration=7.50s | samples=120000 | blocks=75
2026-05-27 15:02:55,338 | INFO     | modules.vad.volume_detector.volume_detector | Volume statistics | min=0.000 | max=0.829 | threshold=0.2
2026-05-27 15:02:55,338 | DEBUG    | modules.vad.volume_detector.volume_detector | Total blocks processed: 125
2026-05-27 15:02:55,338 | INFO     | modules.vad.speach_detector.speach_detector | Calculating speech probability...
2026-05-27 15:02:55,339 | DEBUG    | modules.vad.speach_detector.models.snakers4_silero_vad.model | Preprocessing audio of shape: (120000,)
2026-05-27 15:02:55,340 | DEBUG    | modules.vad.speach_detector.models.snakers4_silero_vad.model | Converted audio to tensor of shape: torch.Size([120000])
2026-05-27 15:02:55,341 | DEBUG    | modules.vad.speach_detector.models.snakers4_silero_vad.model | Normalized audio tensor of shape: torch.Size([120000])
2026-05-27 15:02:55,341 | DEBUG    | modules.vad.speach_detector.models.snakers4_silero_vad.model | Preprocessed audio shape: torch.Size([120000])
2026-05-27 15:02:55,341 | DEBUG    | modules.vad.speach_detector.models.snakers4_silero_vad.model | Calculating speech probability for tensor of shape: torch.Size([120000])
2026-05-27 15:02:55,342 | DEBUG    | modules.vad.speach_detector.models.snakers4_silero_vad.model | Chunk size: 512 | Sample rate: 16000 | Sample: 32e-3ms
2026-05-27 15:02:55,955 | DEBUG    | modules.vad.speach_detector.models.snakers4_silero_vad.model | Speech probability calculated. Max: 0.01, Min: 0.00
2026-05-27 15:02:55,956 | INFO     | modules.vad.speach_detector.speach_detector | Speech prob calculated: 0.01
2026-05-27 15:02:55,956 | DEBUG    | modules.vad.vad      | ⚠ Low confidence: is_speech prob < 0.6, -> False, retrying...
2026-05-27 15:02:55,957 | WARNING  | speech_gating_pipeline | ⚠ TypeError in listen loop (attempt #1): object of type 'NoneType' has no len() - Continuing...
2026-05-27 15:02:55,957 | DEBUG    | speech_gating_pipeline | Listen attempt #2
2026-05-27 15:02:55,957 | DEBUG    | speech_gating_pipeline | Waiting for audio capture...
2026-05-27 15:02:55,957 | INFO     | modules.vad.vad      | 🎤 VAD listening started
2026-05-27 15:02:55,957 | DEBUG    | modules.vad.volume_detector.volume_detector | VolumeDetector listening started
2026-05-27 15:02:55,957 | DEBUG    | modules.vad.volume_detector.volume_detector | Opening audio stream | samplerate=16000Hz | blocksize=1600
2026-05-27 15:02:55,973 | DEBUG    | modules.vad.volume_detector.volume_detector | Audio stream opened successfully
2026-05-27 15:11:53,575 | INFO     | uvicorn.error        | Shutting down
2026-05-27 15:11:53,676 | INFO     | uvicorn.error        | Waiting for application shutdown.
2026-05-27 15:11:53,676 | INFO     | server               | ==================================================
2026-05-27 15:11:53,676 | INFO     | server               | STT SERVICE LIFESPAN: SHUTDOWN PHASE
2026-05-27 15:11:53,677 | INFO     | server               | ==================================================
2026-05-27 15:11:53,677 | INFO     | server               | 🛑 STT service shutting down...
2026-05-27 15:11:53,677 | DEBUG    | server               | Phase 1: Stopping worker task...
2026-05-27 15:11:53,677 | DEBUG    | server               | Worker task cancellation signal sent | task=Task-3
2026-05-27 15:11:53,677 | DEBUG    | server               | Waiting for worker task to complete cancellation...
2026-05-27 15:11:53,678 | INFO     | server               | 🛑 STT worker received cancellation signal
2026-05-27 15:11:53,678 | DEBUG    | server               | Worker stats at cancellation | iteration=#1 | total_audio=0 | errors=0
2026-05-27 15:11:53,678 | INFO     | server               | STT worker task terminated gracefully | iterations=1 | audio_processed=0 | errors=0
2026-05-27 15:11:53,678 | DEBUG    | server               | Phase 2: Closing HTTP client...
2026-05-27 15:11:53,696 | DEBUG    | server               | ✓ HTTP client closed | close_time=0.017s
2026-05-27 15:11:53,696 | INFO     | server               | ✓ STT SERVICE STOPPED | shutdown_time=0.019s
2026-05-27 15:11:53,696 | INFO     | server               | ==================================================
2026-05-27 15:11:53,696 | INFO     | uvicorn.error        | Application shutdown complete.
2026-05-27 15:11:53,698 | INFO     | uvicorn.error        | Finished server process [9639]
