2026-05-27 15:12:08,396 | INFO     | server               | ==================================================
2026-05-27 15:12:08,396 | INFO     | server               | STT SERVICE MODULE LOADING
2026-05-27 15:12:08,396 | INFO     | server               | ==================================================
2026-05-27 15:12:08,398 | INFO     | uvicorn.error        | Started server process [9868]
2026-05-27 15:12:08,398 | INFO     | uvicorn.error        | Waiting for application startup.
2026-05-27 15:12:08,398 | INFO     | server               | ==================================================
2026-05-27 15:12:08,398 | INFO     | server               | STT SERVICE LIFESPAN: STARTUP PHASE
2026-05-27 15:12:08,399 | INFO     | server               | ==================================================
2026-05-27 15:12:08,399 | DEBUG    | server               | Phase 1: Initializing STT module...
2026-05-27 15:12:08,399 | DEBUG    | server               | Timestamp: 2026-05-27 15:12:08
2026-05-27 15:12:08,399 | INFO     | speech_gating_pipeline | Initializing SpeechGatingPipeline
2026-05-27 15:12:08,399 | DEBUG    | speech_gating_pipeline | Initializing VAD (Voice Activity Detection)...
2026-05-27 15:12:08,399 | INFO     | modules.vad.volume_detector.volume_detector | Initializing VolumeDetector | samplerate=16000Hz | threshold=0.2 | silence_dur=3.0s | block_dur=0.1s
2026-05-27 15:12:08,399 | DEBUG    | modules.vad.volume_detector.volume_detector | VolumeDetector initialized successfully
2026-05-27 15:12:08,633 | DEBUG    | speech_gating_pipeline | ✓ VAD initialized successfully
2026-05-27 15:12:08,633 | DEBUG    | speech_gating_pipeline | Loading Stt speech recognition model...
2026-05-27 15:12:08,633 | INFO     | modules.stt.models.whisper.model | Loading Whisper model | type=medium
2026-05-27 15:12:20,326 | INFO     | modules.stt.models.whisper.model | Whisper model loaded | type=medium
2026-05-27 15:12:20,326 | DEBUG    | speech_gating_pipeline | ✓ STT model loaded successfully
2026-05-27 15:12:20,326 | INFO     | speech_gating_pipeline | ✓ SpeechGatingPipeline module initialized successfully
2026-05-27 15:12:20,326 | INFO     | server               | ✓ STT instance created | init_time=11.927s
2026-05-27 15:12:20,327 | DEBUG    | server               | STT configuration | samplerate=16000Hz | models_loaded=2
2026-05-27 15:12:20,327 | DEBUG    | server               | Phase 2: Creating worker task...
2026-05-27 15:12:20,327 | INFO     | server               | ✓ STT worker task created | task_id=Task-3 | creation_time=0.000s
2026-05-27 15:12:20,327 | DEBUG    | server               | Task state | done=False | cancelled=False
2026-05-27 15:12:20,327 | INFO     | server               | ✓ STT SERVICE READY | total_startup_time=11.929s
2026-05-27 15:12:20,327 | DEBUG    | server               | Service status | listening=True | workers_active=1 | http_client_ready=True
2026-05-27 15:12:20,327 | INFO     | server               | ==================================================
2026-05-27 15:12:20,327 | INFO     | server               | SERVICE READY TO ACCEPT CONNECTIONS
2026-05-27 15:12:20,327 | INFO     | server               | ==================================================
2026-05-27 15:12:20,327 | INFO     | server               | 🔄 STT worker task started
2026-05-27 15:12:20,328 | DEBUG    | server               | Worker initialization | state=ready | listening=False
2026-05-27 15:12:20,328 | DEBUG    | server               | Worker iteration #1 | uptime_check | state=listening
2026-05-27 15:12:20,328 | DEBUG    | server               | [Iteration #1] Waiting for speech input...
2026-05-27 15:12:20,328 | INFO     | speech_gating_pipeline | 🎤 SpeechGatingPipeline listening started
2026-05-27 15:12:20,328 | INFO     | uvicorn.error        | Application startup complete.
2026-05-27 15:12:20,328 | DEBUG    | speech_gating_pipeline | Listen attempt #1
2026-05-27 15:12:20,329 | INFO     | uvicorn.error        | Uvicorn running on http://127.0.0.1:8004 (Press CTRL+C to quit)
2026-05-27 15:12:20,329 | DEBUG    | speech_gating_pipeline | Waiting for audio capture...
2026-05-27 15:12:20,329 | INFO     | modules.vad.vad      | 🎤 VAD listening started
2026-05-27 15:12:20,329 | DEBUG    | modules.vad.volume_detector.volume_detector | VolumeDetector listening started
2026-05-27 15:12:20,329 | DEBUG    | modules.vad.volume_detector.volume_detector | Opening audio stream | samplerate=16000Hz | blocksize=1600
2026-05-27 15:12:20,341 | DEBUG    | modules.vad.volume_detector.volume_detector | Audio stream opened successfully
2026-05-27 15:12:42,156 | DEBUG    | modules.vad.volume_detector.volume_detector | Speech detected | volume=0.291 > threshold=0.2
2026-05-27 15:12:46,379 | DEBUG    | modules.vad.volume_detector.volume_detector | Silence detected | volume=0.126 <= threshold=0.2
2026-05-27 15:12:49,324 | INFO     | modules.vad.volume_detector.volume_detector | ✓ Speech ended by silence | silence_time=3.00s
2026-05-27 15:12:49,458 | INFO     | modules.vad.volume_detector.volume_detector | ✓ Audio capture complete | duration=7.20s | samples=115200 | blocks=72
2026-05-27 15:12:49,459 | INFO     | modules.vad.volume_detector.volume_detector | Volume statistics | min=0.000 | max=0.846 | threshold=0.2
2026-05-27 15:12:49,459 | DEBUG    | modules.vad.volume_detector.volume_detector | Total blocks processed: 287
2026-05-27 15:12:49,459 | INFO     | modules.vad.speach_detector.speach_detector | Calculating speech probability...
2026-05-27 15:12:49,459 | DEBUG    | modules.vad.speach_detector.models.snakers4_silero_vad.model | Preprocessing audio of shape: (115200,)
2026-05-27 15:12:49,460 | DEBUG    | modules.vad.speach_detector.models.snakers4_silero_vad.model | Converted audio to tensor of shape: torch.Size([115200])
2026-05-27 15:12:49,460 | DEBUG    | modules.vad.speach_detector.models.snakers4_silero_vad.model | Normalized audio tensor of shape: torch.Size([115200])
2026-05-27 15:12:49,460 | DEBUG    | modules.vad.speach_detector.models.snakers4_silero_vad.model | Preprocessed audio shape: torch.Size([115200])
2026-05-27 15:12:49,461 | DEBUG    | modules.vad.speach_detector.models.snakers4_silero_vad.model | Calculating speech probability for tensor of shape: torch.Size([115200])
2026-05-27 15:12:49,461 | DEBUG    | modules.vad.speach_detector.models.snakers4_silero_vad.model | Chunk size: 512 | Sample rate: 16000 | Sample: 32e-3ms
2026-05-27 15:12:49,733 | DEBUG    | modules.vad.speach_detector.models.snakers4_silero_vad.model | Speech probability calculated. Max: 0.01, Min: 0.00
2026-05-27 15:12:49,733 | INFO     | modules.vad.speach_detector.speach_detector | Speech prob calculated: 0.01
2026-05-27 15:12:49,733 | DEBUG    | modules.vad.vad      | ⚠ Low confidence: is_speech prob < 0.6, -> False, retrying...
2026-05-27 15:12:49,734 | DEBUG    | speech_gating_pipeline | Listen attempt #2
2026-05-27 15:12:49,734 | DEBUG    | speech_gating_pipeline | Waiting for audio capture...
2026-05-27 15:12:49,734 | INFO     | modules.vad.vad      | 🎤 VAD listening started
2026-05-27 15:12:49,734 | DEBUG    | modules.vad.volume_detector.volume_detector | VolumeDetector listening started
2026-05-27 15:12:49,734 | DEBUG    | modules.vad.volume_detector.volume_detector | Opening audio stream | samplerate=16000Hz | blocksize=1600
2026-05-27 15:12:49,747 | DEBUG    | modules.vad.volume_detector.volume_detector | Audio stream opened successfully
2026-05-27 15:13:24,140 | DEBUG    | modules.vad.volume_detector.volume_detector | Speech detected | volume=0.370 > threshold=0.2
2026-05-27 15:13:29,004 | DEBUG    | modules.vad.volume_detector.volume_detector | Silence detected | volume=0.000 <= threshold=0.2
2026-05-27 15:13:31,820 | INFO     | modules.vad.volume_detector.volume_detector | ✓ Speech ended by silence | silence_time=3.00s
2026-05-27 15:13:31,951 | INFO     | modules.vad.volume_detector.volume_detector | ✓ Audio capture complete | duration=7.80s | samples=124800 | blocks=78
2026-05-27 15:13:31,951 | INFO     | modules.vad.volume_detector.volume_detector | Volume statistics | min=0.000 | max=0.638 | threshold=0.2
2026-05-27 15:13:31,952 | DEBUG    | modules.vad.volume_detector.volume_detector | Total blocks processed: 423
2026-05-27 15:13:31,952 | INFO     | modules.vad.speach_detector.speach_detector | Calculating speech probability...
2026-05-27 15:13:31,952 | DEBUG    | modules.vad.speach_detector.models.snakers4_silero_vad.model | Preprocessing audio of shape: (124800,)
2026-05-27 15:13:31,953 | DEBUG    | modules.vad.speach_detector.models.snakers4_silero_vad.model | Converted audio to tensor of shape: torch.Size([124800])
2026-05-27 15:13:31,953 | DEBUG    | modules.vad.speach_detector.models.snakers4_silero_vad.model | Normalized audio tensor of shape: torch.Size([124800])
2026-05-27 15:13:31,953 | DEBUG    | modules.vad.speach_detector.models.snakers4_silero_vad.model | Preprocessed audio shape: torch.Size([124800])
2026-05-27 15:13:31,953 | DEBUG    | modules.vad.speach_detector.models.snakers4_silero_vad.model | Calculating speech probability for tensor of shape: torch.Size([124800])
2026-05-27 15:13:31,953 | DEBUG    | modules.vad.speach_detector.models.snakers4_silero_vad.model | Chunk size: 512 | Sample rate: 16000 | Sample: 32e-3ms
2026-05-27 15:13:32,129 | DEBUG    | modules.vad.speach_detector.models.snakers4_silero_vad.model | Speech probability calculated. Max: 0.00, Min: 0.00
2026-05-27 15:13:32,129 | INFO     | modules.vad.speach_detector.speach_detector | Speech prob calculated: 0.00
2026-05-27 15:13:32,129 | DEBUG    | modules.vad.vad      | ⚠ Low confidence: is_speech prob < 0.6, -> False, retrying...
2026-05-27 15:13:32,130 | DEBUG    | speech_gating_pipeline | Listen attempt #3
2026-05-27 15:13:32,130 | DEBUG    | speech_gating_pipeline | Waiting for audio capture...
2026-05-27 15:13:32,130 | INFO     | modules.vad.vad      | 🎤 VAD listening started
2026-05-27 15:13:32,130 | DEBUG    | modules.vad.volume_detector.volume_detector | VolumeDetector listening started
2026-05-27 15:13:32,133 | DEBUG    | modules.vad.volume_detector.volume_detector | Opening audio stream | samplerate=16000Hz | blocksize=1600
2026-05-27 15:13:32,146 | DEBUG    | modules.vad.volume_detector.volume_detector | Audio stream opened successfully
2026-05-27 15:14:00,023 | DEBUG    | modules.vad.volume_detector.volume_detector | Speech detected | volume=0.406 > threshold=0.2
2026-05-27 15:14:03,351 | DEBUG    | modules.vad.volume_detector.volume_detector | Silence detected | volume=0.148 <= threshold=0.2
2026-05-27 15:14:04,119 | DEBUG    | modules.vad.volume_detector.volume_detector | Silence detected | volume=0.131 <= threshold=0.2
2026-05-27 15:14:04,248 | DEBUG    | modules.vad.volume_detector.volume_detector | Silence detected | volume=0.152 <= threshold=0.2
2026-05-27 15:14:07,191 | INFO     | modules.vad.volume_detector.volume_detector | ✓ Speech ended by silence | silence_time=3.00s
2026-05-27 15:14:07,327 | INFO     | modules.vad.volume_detector.volume_detector | ✓ Audio capture complete | duration=7.30s | samples=116800 | blocks=73
2026-05-27 15:14:07,331 | INFO     | modules.vad.volume_detector.volume_detector | Volume statistics | min=0.000 | max=0.903 | threshold=0.2
2026-05-27 15:14:07,331 | DEBUG    | modules.vad.volume_detector.volume_detector | Total blocks processed: 351
2026-05-27 15:14:07,331 | INFO     | modules.vad.speach_detector.speach_detector | Calculating speech probability...
2026-05-27 15:14:07,332 | DEBUG    | modules.vad.speach_detector.models.snakers4_silero_vad.model | Preprocessing audio of shape: (116800,)
2026-05-27 15:14:07,332 | DEBUG    | modules.vad.speach_detector.models.snakers4_silero_vad.model | Converted audio to tensor of shape: torch.Size([116800])
2026-05-27 15:14:07,333 | DEBUG    | modules.vad.speach_detector.models.snakers4_silero_vad.model | Normalized audio tensor of shape: torch.Size([116800])
2026-05-27 15:14:07,333 | DEBUG    | modules.vad.speach_detector.models.snakers4_silero_vad.model | Preprocessed audio shape: torch.Size([116800])
2026-05-27 15:14:07,333 | DEBUG    | modules.vad.speach_detector.models.snakers4_silero_vad.model | Calculating speech probability for tensor of shape: torch.Size([116800])
2026-05-27 15:14:07,333 | DEBUG    | modules.vad.speach_detector.models.snakers4_silero_vad.model | Chunk size: 512 | Sample rate: 16000 | Sample: 32e-3ms
2026-05-27 15:14:07,524 | DEBUG    | modules.vad.speach_detector.models.snakers4_silero_vad.model | Speech probability calculated. Max: 0.01, Min: 0.00
2026-05-27 15:14:07,525 | INFO     | modules.vad.speach_detector.speach_detector | Speech prob calculated: 0.01
2026-05-27 15:14:07,525 | DEBUG    | modules.vad.vad      | ⚠ Low confidence: is_speech prob < 0.6, -> False, retrying...
2026-05-27 15:14:07,525 | DEBUG    | speech_gating_pipeline | Listen attempt #4
2026-05-27 15:14:07,525 | DEBUG    | speech_gating_pipeline | Waiting for audio capture...
2026-05-27 15:14:07,525 | INFO     | modules.vad.vad      | 🎤 VAD listening started
2026-05-27 15:14:07,525 | DEBUG    | modules.vad.volume_detector.volume_detector | VolumeDetector listening started
2026-05-27 15:14:07,525 | DEBUG    | modules.vad.volume_detector.volume_detector | Opening audio stream | samplerate=16000Hz | blocksize=1600
2026-05-27 15:14:07,544 | DEBUG    | modules.vad.volume_detector.volume_detector | Audio stream opened successfully
2026-05-27 15:15:09,535 | INFO     | uvicorn.error        | Shutting down
2026-05-27 15:15:09,636 | INFO     | uvicorn.error        | Waiting for application shutdown.
2026-05-27 15:15:09,636 | INFO     | server               | ==================================================
2026-05-27 15:15:09,636 | INFO     | server               | STT SERVICE LIFESPAN: SHUTDOWN PHASE
2026-05-27 15:15:09,637 | INFO     | server               | ==================================================
2026-05-27 15:15:09,637 | INFO     | server               | 🛑 STT service shutting down...
2026-05-27 15:15:09,637 | DEBUG    | server               | Phase 1: Stopping worker task...
2026-05-27 15:15:09,637 | DEBUG    | server               | Worker task cancellation signal sent | task=Task-3
2026-05-27 15:15:09,637 | DEBUG    | server               | Waiting for worker task to complete cancellation...
2026-05-27 15:15:09,638 | INFO     | server               | 🛑 STT worker received cancellation signal
2026-05-27 15:15:09,638 | DEBUG    | server               | Worker stats at cancellation | iteration=#1 | total_audio=0 | errors=0
2026-05-27 15:15:09,638 | INFO     | server               | STT worker task terminated gracefully | iterations=1 | audio_processed=0 | errors=0
2026-05-27 15:15:09,638 | DEBUG    | server               | Phase 2: Closing HTTP client...
2026-05-27 15:15:09,654 | DEBUG    | server               | ✓ HTTP client closed | close_time=0.016s
2026-05-27 15:15:09,655 | INFO     | server               | ✓ STT SERVICE STOPPED | shutdown_time=0.018s
2026-05-27 15:15:09,655 | INFO     | server               | ==================================================
2026-05-27 15:15:09,655 | INFO     | uvicorn.error        | Application shutdown complete.
2026-05-27 15:15:09,655 | INFO     | uvicorn.error        | Finished server process [9868]
