2026-05-27 14:33:51,825 | INFO     | server               | ==================================================
2026-05-27 14:33:51,825 | INFO     | server               | STT SERVICE MODULE LOADING
2026-05-27 14:33:51,825 | INFO     | server               | ==================================================
2026-05-27 14:33:51,826 | INFO     | uvicorn.error        | Started server process [8737]
2026-05-27 14:33:51,827 | INFO     | uvicorn.error        | Waiting for application startup.
2026-05-27 14:33:51,827 | INFO     | server               | ==================================================
2026-05-27 14:33:51,827 | INFO     | server               | STT SERVICE LIFESPAN: STARTUP PHASE
2026-05-27 14:33:51,827 | INFO     | server               | ==================================================
2026-05-27 14:33:51,827 | DEBUG    | server               | Phase 1: Initializing STT module...
2026-05-27 14:33:51,827 | DEBUG    | server               | Timestamp: 2026-05-27 14:33:51
2026-05-27 14:33:51,827 | INFO     | speech_gating_pipeline | Initializing SpeechGatingPipeline
2026-05-27 14:33:51,827 | DEBUG    | speech_gating_pipeline | Initializing VAD (Voice Activity Detection)...
2026-05-27 14:33:51,827 | INFO     | modules.vad.volume_detector.volume_detector | Initializing VolumeDetector | samplerate=16000Hz | threshold=0.2 | silence_dur=3.0s | block_dur=0.1s
2026-05-27 14:33:51,828 | DEBUG    | modules.vad.volume_detector.volume_detector | VolumeDetector initialized successfully
2026-05-27 14:33:51,996 | DEBUG    | speech_gating_pipeline | ✓ VAD initialized successfully
2026-05-27 14:33:51,996 | DEBUG    | speech_gating_pipeline | Loading Stt speech recognition model...
2026-05-27 14:33:51,996 | INFO     | modules.stt.models.whisper.model | Loading Whisper model | type=medium
2026-05-27 14:34:02,238 | INFO     | modules.stt.models.whisper.model | Whisper model loaded | type=medium
2026-05-27 14:34:02,239 | DEBUG    | speech_gating_pipeline | ✓ STT model loaded successfully
2026-05-27 14:34:02,239 | INFO     | speech_gating_pipeline | ✓ SpeechGatingPipeline module initialized successfully
2026-05-27 14:34:02,240 | INFO     | server               | ✓ STT instance created | init_time=10.412s
2026-05-27 14:34:02,240 | DEBUG    | server               | STT configuration | samplerate=16000Hz | models_loaded=2
2026-05-27 14:34:02,240 | DEBUG    | server               | Phase 2: Creating worker task...
2026-05-27 14:34:02,240 | INFO     | server               | ✓ STT worker task created | task_id=Task-3 | creation_time=0.000s
2026-05-27 14:34:02,240 | DEBUG    | server               | Task state | done=False | cancelled=False
2026-05-27 14:34:02,240 | INFO     | server               | ✓ STT SERVICE READY | total_startup_time=10.413s
2026-05-27 14:34:02,240 | DEBUG    | server               | Service status | listening=True | workers_active=1 | http_client_ready=True
2026-05-27 14:34:02,240 | INFO     | server               | ==================================================
2026-05-27 14:34:02,241 | INFO     | server               | SERVICE READY TO ACCEPT CONNECTIONS
2026-05-27 14:34:02,241 | INFO     | server               | ==================================================
2026-05-27 14:34:02,241 | INFO     | server               | 🔄 STT worker task started
2026-05-27 14:34:02,241 | DEBUG    | server               | Worker initialization | state=ready | listening=False
2026-05-27 14:34:02,241 | DEBUG    | server               | Worker iteration #1 | uptime_check | state=listening
2026-05-27 14:34:02,241 | DEBUG    | server               | [Iteration #1] Waiting for speech input...
2026-05-27 14:34:02,242 | INFO     | speech_gating_pipeline | 🎤 SpeechGatingPipeline listening started
2026-05-27 14:34:02,242 | INFO     | uvicorn.error        | Application startup complete.
2026-05-27 14:34:02,242 | DEBUG    | speech_gating_pipeline | Listen attempt #1
2026-05-27 14:34:02,243 | INFO     | uvicorn.error        | Uvicorn running on http://127.0.0.1:8004 (Press CTRL+C to quit)
2026-05-27 14:34:02,243 | DEBUG    | speech_gating_pipeline | Waiting for audio capture...
2026-05-27 14:34:02,243 | INFO     | modules.vad.vad      | 🎤 VAD listening started
2026-05-27 14:34:02,243 | DEBUG    | modules.vad.volume_detector.volume_detector | VolumeDetector listening started
2026-05-27 14:34:02,243 | DEBUG    | modules.vad.volume_detector.volume_detector | Opening audio stream | samplerate=16000Hz | blocksize=1600
2026-05-27 14:34:02,259 | DEBUG    | modules.vad.volume_detector.volume_detector | Audio stream opened successfully
2026-05-27 14:34:21,519 | DEBUG    | modules.vad.volume_detector.volume_detector | Speech detected | volume=0.339 > threshold=0.2
2026-05-27 14:34:21,519 | DEBUG    | modules.vad.volume_detector.volume_detector | Recording audio block | volume=0.339 | blocks=1 | duration=0.10s
2026-05-27 14:34:21,647 | DEBUG    | modules.vad.volume_detector.volume_detector | Recording audio block | volume=0.313 | blocks=2 | duration=0.20s
2026-05-27 14:34:21,775 | DEBUG    | modules.vad.volume_detector.volume_detector | Recording audio block | volume=0.301 | blocks=3 | duration=0.30s
2026-05-27 14:34:21,776 | DEBUG    | modules.vad.volume_detector.volume_detector | Recording audio block | volume=0.313 | blocks=4 | duration=0.40s
2026-05-27 14:34:21,903 | DEBUG    | modules.vad.volume_detector.volume_detector | Recording audio block | volume=0.291 | blocks=5 | duration=0.50s
2026-05-27 14:34:22,031 | DEBUG    | modules.vad.volume_detector.volume_detector | Recording audio block | volume=0.298 | blocks=6 | duration=0.60s
2026-05-27 14:34:22,159 | DEBUG    | modules.vad.volume_detector.volume_detector | Recording audio block | volume=0.297 | blocks=7 | duration=0.70s
2026-05-27 14:34:22,160 | DEBUG    | modules.vad.volume_detector.volume_detector | Recording audio block | volume=0.330 | blocks=8 | duration=0.80s
2026-05-27 14:34:22,287 | DEBUG    | modules.vad.volume_detector.volume_detector | Recording audio block | volume=0.336 | blocks=9 | duration=0.90s
2026-05-27 14:34:22,415 | DEBUG    | modules.vad.volume_detector.volume_detector | Recording audio block | volume=0.309 | blocks=10 | duration=1.00s
2026-05-27 14:34:22,543 | DEBUG    | modules.vad.volume_detector.volume_detector | Recording audio block | volume=0.310 | blocks=11 | duration=1.10s
2026-05-27 14:34:22,671 | DEBUG    | modules.vad.volume_detector.volume_detector | Recording audio block | volume=0.368 | blocks=12 | duration=1.20s
2026-05-27 14:34:22,671 | DEBUG    | modules.vad.volume_detector.volume_detector | Recording audio block | volume=0.314 | blocks=13 | duration=1.30s
2026-05-27 14:34:22,799 | DEBUG    | modules.vad.volume_detector.volume_detector | Recording audio block | volume=0.332 | blocks=14 | duration=1.40s
2026-05-27 14:34:22,927 | DEBUG    | modules.vad.volume_detector.volume_detector | Recording audio block | volume=0.413 | blocks=15 | duration=1.50s
2026-05-27 14:34:23,055 | DEBUG    | modules.vad.volume_detector.volume_detector | Recording audio block | volume=0.884 | blocks=16 | duration=1.60s
2026-05-27 14:34:23,055 | DEBUG    | modules.vad.volume_detector.volume_detector | Recording audio block | volume=0.603 | blocks=17 | duration=1.70s
2026-05-27 14:34:23,183 | DEBUG    | modules.vad.volume_detector.volume_detector | Recording audio block | volume=0.821 | blocks=18 | duration=1.80s
2026-05-27 14:34:23,311 | DEBUG    | modules.vad.volume_detector.volume_detector | Recording audio block | volume=0.561 | blocks=19 | duration=1.90s
2026-05-27 14:34:23,439 | DEBUG    | modules.vad.volume_detector.volume_detector | Recording audio block | volume=0.637 | blocks=20 | duration=2.00s
2026-05-27 14:34:23,567 | DEBUG    | modules.vad.volume_detector.volume_detector | Recording audio block | volume=0.765 | blocks=21 | duration=2.10s
2026-05-27 14:34:23,567 | DEBUG    | modules.vad.volume_detector.volume_detector | Recording audio block | volume=0.428 | blocks=22 | duration=2.20s
2026-05-27 14:34:23,695 | DEBUG    | modules.vad.volume_detector.volume_detector | Recording audio block | volume=0.733 | blocks=23 | duration=2.30s
2026-05-27 14:34:23,823 | DEBUG    | modules.vad.volume_detector.volume_detector | Recording audio block | volume=0.422 | blocks=24 | duration=2.40s
2026-05-27 14:34:23,951 | DEBUG    | modules.vad.volume_detector.volume_detector | Recording audio block | volume=0.413 | blocks=25 | duration=2.50s
2026-05-27 14:34:23,951 | DEBUG    | modules.vad.volume_detector.volume_detector | Recording audio block | volume=0.790 | blocks=26 | duration=2.60s
2026-05-27 14:34:24,079 | DEBUG    | modules.vad.volume_detector.volume_detector | Recording audio block | volume=0.440 | blocks=27 | duration=2.70s
2026-05-27 14:34:24,207 | DEBUG    | modules.vad.volume_detector.volume_detector | Recording audio block | volume=0.521 | blocks=28 | duration=2.80s
2026-05-27 14:34:24,335 | DEBUG    | modules.vad.volume_detector.volume_detector | Recording audio block | volume=0.586 | blocks=29 | duration=2.90s
2026-05-27 14:34:24,463 | DEBUG    | modules.vad.volume_detector.volume_detector | Recording audio block | volume=0.814 | blocks=30 | duration=3.00s
2026-05-27 14:34:24,463 | DEBUG    | modules.vad.volume_detector.volume_detector | Recording audio block | volume=0.758 | blocks=31 | duration=3.10s
2026-05-27 14:34:24,591 | DEBUG    | modules.vad.volume_detector.volume_detector | Recording audio block | volume=0.651 | blocks=32 | duration=3.20s
2026-05-27 14:34:24,721 | DEBUG    | modules.vad.volume_detector.volume_detector | Recording audio block | volume=0.828 | blocks=33 | duration=3.30s
2026-05-27 14:34:24,847 | DEBUG    | modules.vad.volume_detector.volume_detector | Recording audio block | volume=0.663 | blocks=34 | duration=3.40s
2026-05-27 14:34:24,975 | DEBUG    | modules.vad.volume_detector.volume_detector | Recording audio block | volume=0.741 | blocks=35 | duration=3.50s
2026-05-27 14:34:24,976 | DEBUG    | modules.vad.volume_detector.volume_detector | Recording audio block | volume=0.749 | blocks=36 | duration=3.60s
2026-05-27 14:34:25,103 | DEBUG    | modules.vad.volume_detector.volume_detector | Recording audio block | volume=0.532 | blocks=37 | duration=3.70s
2026-05-27 14:34:25,231 | DEBUG    | modules.vad.volume_detector.volume_detector | Recording audio block | volume=0.877 | blocks=38 | duration=3.80s
2026-05-27 14:34:25,359 | DEBUG    | modules.vad.volume_detector.volume_detector | Recording audio block | volume=0.647 | blocks=39 | duration=3.90s
2026-05-27 14:34:25,360 | DEBUG    | modules.vad.volume_detector.volume_detector | Recording audio block | volume=0.852 | blocks=40 | duration=4.00s
2026-05-27 14:34:25,487 | DEBUG    | modules.vad.volume_detector.volume_detector | Recording audio block | volume=0.664 | blocks=41 | duration=4.10s
2026-05-27 14:34:25,615 | DEBUG    | modules.vad.volume_detector.volume_detector | Recording audio block | volume=0.748 | blocks=42 | duration=4.20s
2026-05-27 14:34:25,743 | DEBUG    | modules.vad.volume_detector.volume_detector | Recording audio block | volume=0.466 | blocks=43 | duration=4.30s
2026-05-27 14:34:25,871 | DEBUG    | modules.vad.volume_detector.volume_detector | Recording audio block | volume=0.778 | blocks=44 | duration=4.40s
2026-05-27 14:34:25,871 | DEBUG    | modules.vad.volume_detector.volume_detector | Recording audio block | volume=0.632 | blocks=45 | duration=4.50s
2026-05-27 14:34:25,999 | DEBUG    | modules.vad.volume_detector.volume_detector | Recording audio block | volume=0.496 | blocks=46 | duration=4.60s
2026-05-27 14:34:26,127 | DEBUG    | modules.vad.volume_detector.volume_detector | Recording audio block | volume=0.420 | blocks=47 | duration=4.70s
2026-05-27 14:34:26,255 | DEBUG    | modules.vad.volume_detector.volume_detector | Recording audio block | volume=0.809 | blocks=48 | duration=4.80s
2026-05-27 14:34:26,255 | DEBUG    | modules.vad.volume_detector.volume_detector | Recording audio block | volume=0.634 | blocks=49 | duration=4.90s
2026-05-27 14:34:26,383 | DEBUG    | modules.vad.volume_detector.volume_detector | Recording audio block | volume=0.376 | blocks=50 | duration=5.00s
2026-05-27 14:34:26,511 | DEBUG    | modules.vad.volume_detector.volume_detector | Recording audio block | volume=0.330 | blocks=51 | duration=5.10s
2026-05-27 14:34:26,639 | DEBUG    | modules.vad.volume_detector.volume_detector | Recording audio block | volume=0.249 | blocks=52 | duration=5.20s
2026-05-27 14:34:26,767 | DEBUG    | modules.vad.volume_detector.volume_detector | Silence detected | volume=0.000 <= threshold=0.2
2026-05-27 14:34:26,767 | DEBUG    | modules.vad.volume_detector.volume_detector | Recording silence | silence_duration=0.10s | threshold=3.0s
2026-05-27 14:34:26,767 | DEBUG    | modules.vad.volume_detector.volume_detector | Silence detected | volume=0.000 <= threshold=0.2
2026-05-27 14:34:26,767 | DEBUG    | modules.vad.volume_detector.volume_detector | Recording silence | silence_duration=0.20s | threshold=3.0s
2026-05-27 14:34:26,895 | DEBUG    | modules.vad.volume_detector.volume_detector | Silence detected | volume=0.000 <= threshold=0.2
2026-05-27 14:34:26,895 | DEBUG    | modules.vad.volume_detector.volume_detector | Recording silence | silence_duration=0.30s | threshold=3.0s
2026-05-27 14:34:27,023 | DEBUG    | modules.vad.volume_detector.volume_detector | Silence detected | volume=0.000 <= threshold=0.2
2026-05-27 14:34:27,023 | DEBUG    | modules.vad.volume_detector.volume_detector | Recording silence | silence_duration=0.40s | threshold=3.0s
2026-05-27 14:34:27,151 | DEBUG    | modules.vad.volume_detector.volume_detector | Silence detected | volume=0.000 <= threshold=0.2
2026-05-27 14:34:27,151 | DEBUG    | modules.vad.volume_detector.volume_detector | Recording silence | silence_duration=0.50s | threshold=3.0s
2026-05-27 14:34:27,151 | DEBUG    | modules.vad.volume_detector.volume_detector | Silence detected | volume=0.000 <= threshold=0.2
2026-05-27 14:34:27,152 | DEBUG    | modules.vad.volume_detector.volume_detector | Recording silence | silence_duration=0.60s | threshold=3.0s
2026-05-27 14:34:27,279 | DEBUG    | modules.vad.volume_detector.volume_detector | Silence detected | volume=0.000 <= threshold=0.2
2026-05-27 14:34:27,280 | DEBUG    | modules.vad.volume_detector.volume_detector | Recording silence | silence_duration=0.70s | threshold=3.0s
2026-05-27 14:34:27,407 | DEBUG    | modules.vad.volume_detector.volume_detector | Silence detected | volume=0.000 <= threshold=0.2
2026-05-27 14:34:27,407 | DEBUG    | modules.vad.volume_detector.volume_detector | Recording silence | silence_duration=0.80s | threshold=3.0s
2026-05-27 14:34:27,535 | DEBUG    | modules.vad.volume_detector.volume_detector | Silence detected | volume=0.000 <= threshold=0.2
2026-05-27 14:34:27,535 | DEBUG    | modules.vad.volume_detector.volume_detector | Recording silence | silence_duration=0.90s | threshold=3.0s
2026-05-27 14:34:27,663 | DEBUG    | modules.vad.volume_detector.volume_detector | Silence detected | volume=0.000 <= threshold=0.2
2026-05-27 14:34:27,663 | DEBUG    | modules.vad.volume_detector.volume_detector | Recording silence | silence_duration=1.00s | threshold=3.0s
2026-05-27 14:34:27,664 | DEBUG    | modules.vad.volume_detector.volume_detector | Silence detected | volume=0.000 <= threshold=0.2
2026-05-27 14:34:27,664 | DEBUG    | modules.vad.volume_detector.volume_detector | Recording silence | silence_duration=1.10s | threshold=3.0s
2026-05-27 14:34:27,791 | DEBUG    | modules.vad.volume_detector.volume_detector | Silence detected | volume=0.000 <= threshold=0.2
2026-05-27 14:34:27,791 | DEBUG    | modules.vad.volume_detector.volume_detector | Recording silence | silence_duration=1.20s | threshold=3.0s
2026-05-27 14:34:27,919 | DEBUG    | modules.vad.volume_detector.volume_detector | Silence detected | volume=0.000 <= threshold=0.2
2026-05-27 14:34:27,919 | DEBUG    | modules.vad.volume_detector.volume_detector | Recording silence | silence_duration=1.30s | threshold=3.0s
2026-05-27 14:34:28,047 | DEBUG    | modules.vad.volume_detector.volume_detector | Silence detected | volume=0.000 <= threshold=0.2
2026-05-27 14:34:28,048 | DEBUG    | modules.vad.volume_detector.volume_detector | Recording silence | silence_duration=1.40s | threshold=3.0s
2026-05-27 14:34:28,175 | DEBUG    | modules.vad.volume_detector.volume_detector | Silence detected | volume=0.000 <= threshold=0.2
2026-05-27 14:34:28,176 | DEBUG    | modules.vad.volume_detector.volume_detector | Recording silence | silence_duration=1.50s | threshold=3.0s
2026-05-27 14:34:28,176 | DEBUG    | modules.vad.volume_detector.volume_detector | Silence detected | volume=0.000 <= threshold=0.2
2026-05-27 14:34:28,176 | DEBUG    | modules.vad.volume_detector.volume_detector | Recording silence | silence_duration=1.60s | threshold=3.0s
2026-05-27 14:34:28,303 | DEBUG    | modules.vad.volume_detector.volume_detector | Silence detected | volume=0.000 <= threshold=0.2
2026-05-27 14:34:28,303 | DEBUG    | modules.vad.volume_detector.volume_detector | Recording silence | silence_duration=1.70s | threshold=3.0s
2026-05-27 14:34:28,431 | DEBUG    | modules.vad.volume_detector.volume_detector | Silence detected | volume=0.000 <= threshold=0.2
2026-05-27 14:34:28,432 | DEBUG    | modules.vad.volume_detector.volume_detector | Recording silence | silence_duration=1.80s | threshold=3.0s
2026-05-27 14:34:28,559 | DEBUG    | modules.vad.volume_detector.volume_detector | Silence detected | volume=0.000 <= threshold=0.2
2026-05-27 14:34:28,560 | DEBUG    | modules.vad.volume_detector.volume_detector | Recording silence | silence_duration=1.90s | threshold=3.0s
2026-05-27 14:34:28,560 | DEBUG    | modules.vad.volume_detector.volume_detector | Silence detected | volume=0.000 <= threshold=0.2
2026-05-27 14:34:28,560 | DEBUG    | modules.vad.volume_detector.volume_detector | Recording silence | silence_duration=2.00s | threshold=3.0s
2026-05-27 14:34:28,687 | DEBUG    | modules.vad.volume_detector.volume_detector | Silence detected | volume=0.000 <= threshold=0.2
2026-05-27 14:34:28,687 | DEBUG    | modules.vad.volume_detector.volume_detector | Recording silence | silence_duration=2.10s | threshold=3.0s
2026-05-27 14:34:28,815 | DEBUG    | modules.vad.volume_detector.volume_detector | Silence detected | volume=0.000 <= threshold=0.2
2026-05-27 14:34:28,815 | DEBUG    | modules.vad.volume_detector.volume_detector | Recording silence | silence_duration=2.20s | threshold=3.0s
2026-05-27 14:34:28,943 | DEBUG    | modules.vad.volume_detector.volume_detector | Silence detected | volume=0.000 <= threshold=0.2
2026-05-27 14:34:28,943 | DEBUG    | modules.vad.volume_detector.volume_detector | Recording silence | silence_duration=2.30s | threshold=3.0s
2026-05-27 14:34:29,071 | DEBUG    | modules.vad.volume_detector.volume_detector | Silence detected | volume=0.000 <= threshold=0.2
2026-05-27 14:34:29,071 | DEBUG    | modules.vad.volume_detector.volume_detector | Recording silence | silence_duration=2.40s | threshold=3.0s
2026-05-27 14:34:29,072 | DEBUG    | modules.vad.volume_detector.volume_detector | Silence detected | volume=0.000 <= threshold=0.2
2026-05-27 14:34:29,072 | DEBUG    | modules.vad.volume_detector.volume_detector | Recording silence | silence_duration=2.50s | threshold=3.0s
2026-05-27 14:34:29,199 | DEBUG    | modules.vad.volume_detector.volume_detector | Silence detected | volume=0.000 <= threshold=0.2
2026-05-27 14:34:29,199 | DEBUG    | modules.vad.volume_detector.volume_detector | Recording silence | silence_duration=2.60s | threshold=3.0s
2026-05-27 14:34:29,327 | DEBUG    | modules.vad.volume_detector.volume_detector | Silence detected | volume=0.000 <= threshold=0.2
2026-05-27 14:34:29,327 | DEBUG    | modules.vad.volume_detector.volume_detector | Recording silence | silence_duration=2.70s | threshold=3.0s
2026-05-27 14:34:29,455 | DEBUG    | modules.vad.volume_detector.volume_detector | Silence detected | volume=0.000 <= threshold=0.2
2026-05-27 14:34:29,455 | DEBUG    | modules.vad.volume_detector.volume_detector | Recording silence | silence_duration=2.80s | threshold=3.0s
2026-05-27 14:34:29,456 | DEBUG    | modules.vad.volume_detector.volume_detector | Silence detected | volume=0.000 <= threshold=0.2
2026-05-27 14:34:29,456 | DEBUG    | modules.vad.volume_detector.volume_detector | Recording silence | silence_duration=2.90s | threshold=3.0s
2026-05-27 14:34:29,583 | DEBUG    | modules.vad.volume_detector.volume_detector | Silence detected | volume=0.000 <= threshold=0.2
2026-05-27 14:34:29,584 | DEBUG    | modules.vad.volume_detector.volume_detector | Recording silence | silence_duration=3.00s | threshold=3.0s
2026-05-27 14:34:29,584 | INFO     | modules.vad.volume_detector.volume_detector | ✓ Speech ended by silence | silence_time=3.00s
2026-05-27 14:34:29,723 | INFO     | modules.vad.volume_detector.volume_detector | ✓ Audio capture complete | duration=8.20s | samples=131200 | blocks=82
2026-05-27 14:34:29,723 | INFO     | modules.vad.volume_detector.volume_detector | Volume statistics | min=0.000 | max=0.884 | threshold=0.2
2026-05-27 14:34:29,723 | DEBUG    | modules.vad.volume_detector.volume_detector | Total blocks processed: 271
2026-05-27 14:34:29,723 | WARNING  | speech_gating_pipeline | ⚠ TypeError in listen loop (attempt #1): 'float' object cannot be interpreted as an integer - Continuing...
2026-05-27 14:34:29,723 | DEBUG    | speech_gating_pipeline | Listen attempt #2
2026-05-27 14:34:29,724 | DEBUG    | speech_gating_pipeline | Waiting for audio capture...
2026-05-27 14:34:29,724 | INFO     | modules.vad.vad      | 🎤 VAD listening started
2026-05-27 14:34:29,724 | DEBUG    | modules.vad.volume_detector.volume_detector | VolumeDetector listening started
2026-05-27 14:34:29,724 | DEBUG    | modules.vad.volume_detector.volume_detector | Opening audio stream | samplerate=16000Hz | blocksize=1600
2026-05-27 14:34:29,744 | DEBUG    | modules.vad.volume_detector.volume_detector | Audio stream opened successfully
2026-05-27 14:43:22,368 | INFO     | uvicorn.error        | Shutting down
2026-05-27 14:43:22,468 | INFO     | uvicorn.error        | Waiting for application shutdown.
2026-05-27 14:43:22,469 | INFO     | server               | ==================================================
2026-05-27 14:43:22,469 | INFO     | server               | STT SERVICE LIFESPAN: SHUTDOWN PHASE
2026-05-27 14:43:22,470 | INFO     | server               | ==================================================
2026-05-27 14:43:22,470 | INFO     | server               | 🛑 STT service shutting down...
2026-05-27 14:43:22,470 | DEBUG    | server               | Phase 1: Stopping worker task...
2026-05-27 14:43:22,470 | DEBUG    | server               | Worker task cancellation signal sent | task=Task-3
2026-05-27 14:43:22,470 | DEBUG    | server               | Waiting for worker task to complete cancellation...
2026-05-27 14:43:22,471 | INFO     | server               | 🛑 STT worker received cancellation signal
2026-05-27 14:43:22,471 | DEBUG    | server               | Worker stats at cancellation | iteration=#1 | total_audio=0 | errors=0
2026-05-27 14:43:22,471 | INFO     | server               | STT worker task terminated gracefully | iterations=1 | audio_processed=0 | errors=0
2026-05-27 14:43:22,471 | DEBUG    | server               | Phase 2: Closing HTTP client...
2026-05-27 14:43:22,488 | DEBUG    | server               | ✓ HTTP client closed | close_time=0.016s
2026-05-27 14:43:22,489 | INFO     | server               | ✓ STT SERVICE STOPPED | shutdown_time=0.019s
2026-05-27 14:43:22,489 | INFO     | server               | ==================================================
2026-05-27 14:43:22,489 | INFO     | uvicorn.error        | Application shutdown complete.
2026-05-27 14:43:22,490 | INFO     | uvicorn.error        | Finished server process [8737]
