2026-05-17 15:03:20,288 | INFO     | uvicorn.error        | Started server process [11508]
2026-05-17 15:03:20,288 | INFO     | uvicorn.error        | Waiting for application startup.
2026-05-17 15:03:20,289 | INFO     | server               | STT server starting
2026-05-17 15:03:20,289 | INFO     | stt_module           | STT init | samplerate=16000
2026-05-17 15:03:20,289 | DEBUG    | pipeline.vad         | VAD init | samplerate=16000 threshold=0.2
2026-05-17 15:03:20,290 | DEBUG    | stt_module           | VAD initialized
2026-05-17 15:03:20,290 | INFO     | pipeline.models.Whisper.model | Loading Whisper model | type=medium
2026-05-17 15:03:39,602 | ERROR    | pipeline.models.Whisper.model | Whisper load error: OutOfMemoryError: CUDA out of memory. Tried to allocate 20.00 MiB. GPU 0 has a total capacity of 5.60 GiB of which 46.62 MiB is free. Process 10354 has 4.22 GiB memory in use. Including non-PyTorch memory, this process has 828.00 MiB memory in use. Of the allocated memory 742.46 MiB is allocated by PyTorch, and 1.54 MiB is reserved by PyTorch but unallocated. If reserved but unallocated memory is large try setting PYTORCH_ALLOC_CONF=expandable_segments:True to avoid fragmentation.  See documentation for Memory Management  (https://pytorch.org/docs/stable/notes/cuda.html#environment-variables)
Traceback (most recent call last):
  File "/mnt/windows/Programs/ProgramingProjects/Python/projects/AGAT_System/stt/pipeline/models/Whisper/model.py", line 11, in __init__
    self.model = whisper.load_model(model_type, device="cuda")
  File "/mnt/windows/Programs/ProgramingProjects/Python/venvs/ml310/lib/python3.10/site-packages/whisper/__init__.py", line 151, in load_model
    checkpoint = torch.load(fp, map_location=device, **kwargs)
  File "/mnt/windows/Programs/ProgramingProjects/Python/venvs/ml310/lib/python3.10/site-packages/torch/serialization.py", line 1540, in load
    return _load(
  File "/mnt/windows/Programs/ProgramingProjects/Python/venvs/ml310/lib/python3.10/site-packages/torch/serialization.py", line 2143, in _load
    result = unpickler.load()
  File "/mnt/windows/Programs/ProgramingProjects/Python/venvs/ml310/lib/python3.10/site-packages/torch/_weights_only_unpickler.py", line 539, in load
    self.append(self.persistent_load(pid))
  File "/mnt/windows/Programs/ProgramingProjects/Python/venvs/ml310/lib/python3.10/site-packages/torch/serialization.py", line 2107, in persistent_load
    typed_storage = load_tensor(
  File "/mnt/windows/Programs/ProgramingProjects/Python/venvs/ml310/lib/python3.10/site-packages/torch/serialization.py", line 2073, in load_tensor
    wrap_storage = restore_location(storage, location)
  File "/mnt/windows/Programs/ProgramingProjects/Python/venvs/ml310/lib/python3.10/site-packages/torch/serialization.py", line 1879, in restore_location
    return default_restore_location(storage, map_location)
  File "/mnt/windows/Programs/ProgramingProjects/Python/venvs/ml310/lib/python3.10/site-packages/torch/serialization.py", line 707, in default_restore_location
    result = fn(storage, location)
  File "/mnt/windows/Programs/ProgramingProjects/Python/venvs/ml310/lib/python3.10/site-packages/torch/serialization.py", line 641, in _deserialize
    return obj.to(device=device)
  File "/mnt/windows/Programs/ProgramingProjects/Python/venvs/ml310/lib/python3.10/site-packages/torch/storage.py", line 289, in to
    return _to(self, device, non_blocking)
  File "/mnt/windows/Programs/ProgramingProjects/Python/venvs/ml310/lib/python3.10/site-packages/torch/_utils.py", line 102, in _to
    untyped_storage = torch.UntypedStorage(self.size(), device=device)
torch.OutOfMemoryError: CUDA out of memory. Tried to allocate 20.00 MiB. GPU 0 has a total capacity of 5.60 GiB of which 46.62 MiB is free. Process 10354 has 4.22 GiB memory in use. Including non-PyTorch memory, this process has 828.00 MiB memory in use. Of the allocated memory 742.46 MiB is allocated by PyTorch, and 1.54 MiB is reserved by PyTorch but unallocated. If reserved but unallocated memory is large try setting PYTORCH_ALLOC_CONF=expandable_segments:True to avoid fragmentation.  See documentation for Memory Management  (https://pytorch.org/docs/stable/notes/cuda.html#environment-variables)
2026-05-17 15:03:39,632 | ERROR    | stt_module           | STT init error: OutOfMemoryError: CUDA out of memory. Tried to allocate 20.00 MiB. GPU 0 has a total capacity of 5.60 GiB of which 46.62 MiB is free. Process 10354 has 4.22 GiB memory in use. Including non-PyTorch memory, this process has 828.00 MiB memory in use. Of the allocated memory 742.46 MiB is allocated by PyTorch, and 1.54 MiB is reserved by PyTorch but unallocated. If reserved but unallocated memory is large try setting PYTORCH_ALLOC_CONF=expandable_segments:True to avoid fragmentation.  See documentation for Memory Management  (https://pytorch.org/docs/stable/notes/cuda.html#environment-variables)
Traceback (most recent call last):
  File "/mnt/windows/Programs/ProgramingProjects/Python/projects/AGAT_System/stt/stt_module.py", line 20, in __init__
    self.medium = Whisper("medium")
  File "/mnt/windows/Programs/ProgramingProjects/Python/projects/AGAT_System/stt/pipeline/models/Whisper/model.py", line 11, in __init__
    self.model = whisper.load_model(model_type, device="cuda")
  File "/mnt/windows/Programs/ProgramingProjects/Python/venvs/ml310/lib/python3.10/site-packages/whisper/__init__.py", line 151, in load_model
    checkpoint = torch.load(fp, map_location=device, **kwargs)
  File "/mnt/windows/Programs/ProgramingProjects/Python/venvs/ml310/lib/python3.10/site-packages/torch/serialization.py", line 1540, in load
    return _load(
  File "/mnt/windows/Programs/ProgramingProjects/Python/venvs/ml310/lib/python3.10/site-packages/torch/serialization.py", line 2143, in _load
    result = unpickler.load()
  File "/mnt/windows/Programs/ProgramingProjects/Python/venvs/ml310/lib/python3.10/site-packages/torch/_weights_only_unpickler.py", line 539, in load
    self.append(self.persistent_load(pid))
  File "/mnt/windows/Programs/ProgramingProjects/Python/venvs/ml310/lib/python3.10/site-packages/torch/serialization.py", line 2107, in persistent_load
    typed_storage = load_tensor(
  File "/mnt/windows/Programs/ProgramingProjects/Python/venvs/ml310/lib/python3.10/site-packages/torch/serialization.py", line 2073, in load_tensor
    wrap_storage = restore_location(storage, location)
  File "/mnt/windows/Programs/ProgramingProjects/Python/venvs/ml310/lib/python3.10/site-packages/torch/serialization.py", line 1879, in restore_location
    return default_restore_location(storage, map_location)
  File "/mnt/windows/Programs/ProgramingProjects/Python/venvs/ml310/lib/python3.10/site-packages/torch/serialization.py", line 707, in default_restore_location
    result = fn(storage, location)
  File "/mnt/windows/Programs/ProgramingProjects/Python/venvs/ml310/lib/python3.10/site-packages/torch/serialization.py", line 641, in _deserialize
    return obj.to(device=device)
  File "/mnt/windows/Programs/ProgramingProjects/Python/venvs/ml310/lib/python3.10/site-packages/torch/storage.py", line 289, in to
    return _to(self, device, non_blocking)
  File "/mnt/windows/Programs/ProgramingProjects/Python/venvs/ml310/lib/python3.10/site-packages/torch/_utils.py", line 102, in _to
    untyped_storage = torch.UntypedStorage(self.size(), device=device)
torch.OutOfMemoryError: CUDA out of memory. Tried to allocate 20.00 MiB. GPU 0 has a total capacity of 5.60 GiB of which 46.62 MiB is free. Process 10354 has 4.22 GiB memory in use. Including non-PyTorch memory, this process has 828.00 MiB memory in use. Of the allocated memory 742.46 MiB is allocated by PyTorch, and 1.54 MiB is reserved by PyTorch but unallocated. If reserved but unallocated memory is large try setting PYTORCH_ALLOC_CONF=expandable_segments:True to avoid fragmentation.  See documentation for Memory Management  (https://pytorch.org/docs/stable/notes/cuda.html#environment-variables)
2026-05-17 15:03:39,634 | ERROR    | server               | STT lifespan error: OutOfMemoryError: CUDA out of memory. Tried to allocate 20.00 MiB. GPU 0 has a total capacity of 5.60 GiB of which 46.62 MiB is free. Process 10354 has 4.22 GiB memory in use. Including non-PyTorch memory, this process has 828.00 MiB memory in use. Of the allocated memory 742.46 MiB is allocated by PyTorch, and 1.54 MiB is reserved by PyTorch but unallocated. If reserved but unallocated memory is large try setting PYTORCH_ALLOC_CONF=expandable_segments:True to avoid fragmentation.  See documentation for Memory Management  (https://pytorch.org/docs/stable/notes/cuda.html#environment-variables)
Traceback (most recent call last):
  File "/mnt/windows/Programs/ProgramingProjects/Python/projects/AGAT_System/stt/server.py", line 48, in lifespan
    stt = STT()
  File "/mnt/windows/Programs/ProgramingProjects/Python/projects/AGAT_System/stt/stt_module.py", line 20, in __init__
    self.medium = Whisper("medium")
  File "/mnt/windows/Programs/ProgramingProjects/Python/projects/AGAT_System/stt/pipeline/models/Whisper/model.py", line 11, in __init__
    self.model = whisper.load_model(model_type, device="cuda")
  File "/mnt/windows/Programs/ProgramingProjects/Python/venvs/ml310/lib/python3.10/site-packages/whisper/__init__.py", line 151, in load_model
    checkpoint = torch.load(fp, map_location=device, **kwargs)
  File "/mnt/windows/Programs/ProgramingProjects/Python/venvs/ml310/lib/python3.10/site-packages/torch/serialization.py", line 1540, in load
    return _load(
  File "/mnt/windows/Programs/ProgramingProjects/Python/venvs/ml310/lib/python3.10/site-packages/torch/serialization.py", line 2143, in _load
    result = unpickler.load()
  File "/mnt/windows/Programs/ProgramingProjects/Python/venvs/ml310/lib/python3.10/site-packages/torch/_weights_only_unpickler.py", line 539, in load
    self.append(self.persistent_load(pid))
  File "/mnt/windows/Programs/ProgramingProjects/Python/venvs/ml310/lib/python3.10/site-packages/torch/serialization.py", line 2107, in persistent_load
    typed_storage = load_tensor(
  File "/mnt/windows/Programs/ProgramingProjects/Python/venvs/ml310/lib/python3.10/site-packages/torch/serialization.py", line 2073, in load_tensor
    wrap_storage = restore_location(storage, location)
  File "/mnt/windows/Programs/ProgramingProjects/Python/venvs/ml310/lib/python3.10/site-packages/torch/serialization.py", line 1879, in restore_location
    return default_restore_location(storage, map_location)
  File "/mnt/windows/Programs/ProgramingProjects/Python/venvs/ml310/lib/python3.10/site-packages/torch/serialization.py", line 707, in default_restore_location
    result = fn(storage, location)
  File "/mnt/windows/Programs/ProgramingProjects/Python/venvs/ml310/lib/python3.10/site-packages/torch/serialization.py", line 641, in _deserialize
    return obj.to(device=device)
  File "/mnt/windows/Programs/ProgramingProjects/Python/venvs/ml310/lib/python3.10/site-packages/torch/storage.py", line 289, in to
    return _to(self, device, non_blocking)
  File "/mnt/windows/Programs/ProgramingProjects/Python/venvs/ml310/lib/python3.10/site-packages/torch/_utils.py", line 102, in _to
    untyped_storage = torch.UntypedStorage(self.size(), device=device)
torch.OutOfMemoryError: CUDA out of memory. Tried to allocate 20.00 MiB. GPU 0 has a total capacity of 5.60 GiB of which 46.62 MiB is free. Process 10354 has 4.22 GiB memory in use. Including non-PyTorch memory, this process has 828.00 MiB memory in use. Of the allocated memory 742.46 MiB is allocated by PyTorch, and 1.54 MiB is reserved by PyTorch but unallocated. If reserved but unallocated memory is large try setting PYTORCH_ALLOC_CONF=expandable_segments:True to avoid fragmentation.  See documentation for Memory Management  (https://pytorch.org/docs/stable/notes/cuda.html#environment-variables)
2026-05-17 15:03:39,658 | ERROR    | uvicorn.error        | Traceback (most recent call last):
  File "/mnt/windows/Programs/ProgramingProjects/Python/venvs/ml310/lib/python3.10/site-packages/starlette/routing.py", line 694, in lifespan
    async with self.lifespan_context(app) as maybe_state:
  File "/usr/lib/python3.10/contextlib.py", line 199, in __aenter__
    return await anext(self.gen)
  File "/mnt/windows/Programs/ProgramingProjects/Python/projects/AGAT_System/stt/server.py", line 48, in lifespan
    stt = STT()
  File "/mnt/windows/Programs/ProgramingProjects/Python/projects/AGAT_System/stt/stt_module.py", line 20, in __init__
    self.medium = Whisper("medium")
  File "/mnt/windows/Programs/ProgramingProjects/Python/projects/AGAT_System/stt/pipeline/models/Whisper/model.py", line 11, in __init__
    self.model = whisper.load_model(model_type, device="cuda")
  File "/mnt/windows/Programs/ProgramingProjects/Python/venvs/ml310/lib/python3.10/site-packages/whisper/__init__.py", line 151, in load_model
    checkpoint = torch.load(fp, map_location=device, **kwargs)
  File "/mnt/windows/Programs/ProgramingProjects/Python/venvs/ml310/lib/python3.10/site-packages/torch/serialization.py", line 1540, in load
    return _load(
  File "/mnt/windows/Programs/ProgramingProjects/Python/venvs/ml310/lib/python3.10/site-packages/torch/serialization.py", line 2143, in _load
    result = unpickler.load()
  File "/mnt/windows/Programs/ProgramingProjects/Python/venvs/ml310/lib/python3.10/site-packages/torch/_weights_only_unpickler.py", line 539, in load
    self.append(self.persistent_load(pid))
  File "/mnt/windows/Programs/ProgramingProjects/Python/venvs/ml310/lib/python3.10/site-packages/torch/serialization.py", line 2107, in persistent_load
    typed_storage = load_tensor(
  File "/mnt/windows/Programs/ProgramingProjects/Python/venvs/ml310/lib/python3.10/site-packages/torch/serialization.py", line 2073, in load_tensor
    wrap_storage = restore_location(storage, location)
  File "/mnt/windows/Programs/ProgramingProjects/Python/venvs/ml310/lib/python3.10/site-packages/torch/serialization.py", line 1879, in restore_location
    return default_restore_location(storage, map_location)
  File "/mnt/windows/Programs/ProgramingProjects/Python/venvs/ml310/lib/python3.10/site-packages/torch/serialization.py", line 707, in default_restore_location
    result = fn(storage, location)
  File "/mnt/windows/Programs/ProgramingProjects/Python/venvs/ml310/lib/python3.10/site-packages/torch/serialization.py", line 641, in _deserialize
    return obj.to(device=device)
  File "/mnt/windows/Programs/ProgramingProjects/Python/venvs/ml310/lib/python3.10/site-packages/torch/storage.py", line 289, in to
    return _to(self, device, non_blocking)
  File "/mnt/windows/Programs/ProgramingProjects/Python/venvs/ml310/lib/python3.10/site-packages/torch/_utils.py", line 102, in _to
    untyped_storage = torch.UntypedStorage(self.size(), device=device)
torch.OutOfMemoryError: CUDA out of memory. Tried to allocate 20.00 MiB. GPU 0 has a total capacity of 5.60 GiB of which 46.62 MiB is free. Process 10354 has 4.22 GiB memory in use. Including non-PyTorch memory, this process has 828.00 MiB memory in use. Of the allocated memory 742.46 MiB is allocated by PyTorch, and 1.54 MiB is reserved by PyTorch but unallocated. If reserved but unallocated memory is large try setting PYTORCH_ALLOC_CONF=expandable_segments:True to avoid fragmentation.  See documentation for Memory Management  (https://pytorch.org/docs/stable/notes/cuda.html#environment-variables)

2026-05-17 15:03:39,660 | ERROR    | uvicorn.error        | Application startup failed. Exiting.
