2026-05-27 15:00:21,650 | INFO     | server               | ==================================================
2026-05-27 15:00:21,650 | INFO     | server               | STT SERVICE MODULE LOADING
2026-05-27 15:00:21,650 | INFO     | server               | ==================================================
2026-05-27 15:00:21,651 | INFO     | uvicorn.error        | Started server process [9546]
2026-05-27 15:00:21,651 | INFO     | uvicorn.error        | Waiting for application startup.
2026-05-27 15:00:21,651 | INFO     | server               | ==================================================
2026-05-27 15:00:21,651 | INFO     | server               | STT SERVICE LIFESPAN: STARTUP PHASE
2026-05-27 15:00:21,652 | INFO     | server               | ==================================================
2026-05-27 15:00:21,652 | DEBUG    | server               | Phase 1: Initializing STT module...
2026-05-27 15:00:21,652 | DEBUG    | server               | Timestamp: 2026-05-27 15:00:21
2026-05-27 15:00:21,652 | INFO     | speech_gating_pipeline | Initializing SpeechGatingPipeline
2026-05-27 15:00:21,652 | DEBUG    | speech_gating_pipeline | Initializing VAD (Voice Activity Detection)...
2026-05-27 15:00:21,652 | INFO     | modules.vad.volume_detector.volume_detector | Initializing VolumeDetector | samplerate=16000Hz | threshold=0.2 | silence_dur=3.0s | block_dur=0.1s
2026-05-27 15:00:21,652 | DEBUG    | modules.vad.volume_detector.volume_detector | VolumeDetector initialized successfully
2026-05-27 15:00:21,842 | DEBUG    | speech_gating_pipeline | ✓ VAD initialized successfully
2026-05-27 15:00:21,842 | DEBUG    | speech_gating_pipeline | Loading Stt speech recognition model...
2026-05-27 15:00:21,842 | INFO     | modules.stt.models.whisper.model | Loading Whisper model | type=medium
2026-05-27 15:00:32,220 | INFO     | modules.stt.models.whisper.model | Whisper model loaded | type=medium
2026-05-27 15:00:32,220 | DEBUG    | speech_gating_pipeline | ✓ STT model loaded successfully
2026-05-27 15:00:32,220 | INFO     | speech_gating_pipeline | ✓ SpeechGatingPipeline module initialized successfully
2026-05-27 15:00:32,220 | INFO     | server               | ✓ STT instance created | init_time=10.569s
2026-05-27 15:00:32,221 | DEBUG    | server               | STT configuration | samplerate=16000Hz | models_loaded=2
2026-05-27 15:00:32,221 | DEBUG    | server               | Phase 2: Creating worker task...
2026-05-27 15:00:32,221 | INFO     | server               | ✓ STT worker task created | task_id=Task-3 | creation_time=0.000s
2026-05-27 15:00:32,221 | DEBUG    | server               | Task state | done=False | cancelled=False
2026-05-27 15:00:32,221 | INFO     | server               | ✓ STT SERVICE READY | total_startup_time=10.570s
2026-05-27 15:00:32,221 | DEBUG    | server               | Service status | listening=True | workers_active=1 | http_client_ready=True
2026-05-27 15:00:32,221 | INFO     | server               | ==================================================
2026-05-27 15:00:32,221 | INFO     | server               | SERVICE READY TO ACCEPT CONNECTIONS
2026-05-27 15:00:32,222 | INFO     | server               | ==================================================
2026-05-27 15:00:32,222 | INFO     | server               | 🔄 STT worker task started
2026-05-27 15:00:32,222 | DEBUG    | server               | Worker initialization | state=ready | listening=False
2026-05-27 15:00:32,222 | DEBUG    | server               | Worker iteration #1 | uptime_check | state=listening
2026-05-27 15:00:32,222 | DEBUG    | server               | [Iteration #1] Waiting for speech input...
2026-05-27 15:00:32,222 | INFO     | speech_gating_pipeline | 🎤 SpeechGatingPipeline listening started
2026-05-27 15:00:32,223 | INFO     | uvicorn.error        | Application startup complete.
2026-05-27 15:00:32,223 | DEBUG    | speech_gating_pipeline | Listen attempt #1
2026-05-27 15:00:32,223 | INFO     | uvicorn.error        | Uvicorn running on http://127.0.0.1:8004 (Press CTRL+C to quit)
2026-05-27 15:00:32,223 | DEBUG    | speech_gating_pipeline | Waiting for audio capture...
2026-05-27 15:00:32,224 | INFO     | modules.vad.vad      | 🎤 VAD listening started
2026-05-27 15:00:32,224 | DEBUG    | modules.vad.volume_detector.volume_detector | VolumeDetector listening started
2026-05-27 15:00:32,224 | DEBUG    | modules.vad.volume_detector.volume_detector | Opening audio stream | samplerate=16000Hz | blocksize=1600
2026-05-27 15:00:32,245 | DEBUG    | modules.vad.volume_detector.volume_detector | Audio stream opened successfully
2026-05-27 15:00:51,629 | DEBUG    | modules.vad.volume_detector.volume_detector | Speech detected | volume=0.341 > threshold=0.2
2026-05-27 15:00:51,630 | DEBUG    | modules.vad.volume_detector.volume_detector | Recording audio block | volume=0.341 | blocks=1 | duration=0.10s
2026-05-27 15:00:51,758 | DEBUG    | modules.vad.volume_detector.volume_detector | Recording audio block | volume=0.335 | blocks=2 | duration=0.20s
2026-05-27 15:00:51,758 | DEBUG    | modules.vad.volume_detector.volume_detector | Recording audio block | volume=0.306 | blocks=3 | duration=0.30s
2026-05-27 15:00:51,885 | DEBUG    | modules.vad.volume_detector.volume_detector | Recording audio block | volume=0.321 | blocks=4 | duration=0.40s
2026-05-27 15:00:52,013 | DEBUG    | modules.vad.volume_detector.volume_detector | Recording audio block | volume=0.301 | blocks=5 | duration=0.50s
2026-05-27 15:00:52,142 | DEBUG    | modules.vad.volume_detector.volume_detector | Recording audio block | volume=0.308 | blocks=6 | duration=0.60s
2026-05-27 15:00:52,142 | DEBUG    | modules.vad.volume_detector.volume_detector | Recording audio block | volume=0.285 | blocks=7 | duration=0.70s
2026-05-27 15:00:52,270 | DEBUG    | modules.vad.volume_detector.volume_detector | Recording audio block | volume=0.313 | blocks=8 | duration=0.80s
2026-05-27 15:00:52,398 | DEBUG    | modules.vad.volume_detector.volume_detector | Recording audio block | volume=0.354 | blocks=9 | duration=0.90s
2026-05-27 15:00:52,525 | DEBUG    | modules.vad.volume_detector.volume_detector | Recording audio block | volume=0.310 | blocks=10 | duration=1.00s
2026-05-27 15:00:52,653 | DEBUG    | modules.vad.volume_detector.volume_detector | Recording audio block | volume=0.695 | blocks=11 | duration=1.10s
2026-05-27 15:00:52,654 | DEBUG    | modules.vad.volume_detector.volume_detector | Recording audio block | volume=0.743 | blocks=12 | duration=1.20s
2026-05-27 15:00:52,781 | DEBUG    | modules.vad.volume_detector.volume_detector | Recording audio block | volume=0.741 | blocks=13 | duration=1.30s
2026-05-27 15:00:52,909 | DEBUG    | modules.vad.volume_detector.volume_detector | Recording audio block | volume=0.515 | blocks=14 | duration=1.40s
2026-05-27 15:00:53,037 | DEBUG    | modules.vad.volume_detector.volume_detector | Recording audio block | volume=0.711 | blocks=15 | duration=1.50s
2026-05-27 15:00:53,038 | DEBUG    | modules.vad.volume_detector.volume_detector | Recording audio block | volume=0.640 | blocks=16 | duration=1.60s
2026-05-27 15:00:53,165 | DEBUG    | modules.vad.volume_detector.volume_detector | Recording audio block | volume=0.831 | blocks=17 | duration=1.70s
2026-05-27 15:00:53,293 | DEBUG    | modules.vad.volume_detector.volume_detector | Recording audio block | volume=0.748 | blocks=18 | duration=1.80s
2026-05-27 15:00:53,421 | DEBUG    | modules.vad.volume_detector.volume_detector | Recording audio block | volume=0.768 | blocks=19 | duration=1.90s
2026-05-27 15:00:53,550 | DEBUG    | modules.vad.volume_detector.volume_detector | Recording audio block | volume=0.804 | blocks=20 | duration=2.00s
2026-05-27 15:00:53,550 | DEBUG    | modules.vad.volume_detector.volume_detector | Recording audio block | volume=0.583 | blocks=21 | duration=2.10s
2026-05-27 15:00:53,677 | DEBUG    | modules.vad.volume_detector.volume_detector | Recording audio block | volume=0.769 | blocks=22 | duration=2.20s
2026-05-27 15:00:53,805 | DEBUG    | modules.vad.volume_detector.volume_detector | Recording audio block | volume=0.724 | blocks=23 | duration=2.30s
2026-05-27 15:00:53,933 | DEBUG    | modules.vad.volume_detector.volume_detector | Recording audio block | volume=0.799 | blocks=24 | duration=2.40s
2026-05-27 15:00:53,934 | DEBUG    | modules.vad.volume_detector.volume_detector | Recording audio block | volume=0.742 | blocks=25 | duration=2.50s
2026-05-27 15:00:54,061 | DEBUG    | modules.vad.volume_detector.volume_detector | Recording audio block | volume=0.401 | blocks=26 | duration=2.60s
2026-05-27 15:00:54,189 | DEBUG    | modules.vad.volume_detector.volume_detector | Recording audio block | volume=0.632 | blocks=27 | duration=2.70s
2026-05-27 15:00:54,317 | DEBUG    | modules.vad.volume_detector.volume_detector | Recording audio block | volume=0.811 | blocks=28 | duration=2.80s
2026-05-27 15:00:54,445 | DEBUG    | modules.vad.volume_detector.volume_detector | Recording audio block | volume=0.684 | blocks=29 | duration=2.90s
2026-05-27 15:00:54,446 | DEBUG    | modules.vad.volume_detector.volume_detector | Recording audio block | volume=0.839 | blocks=30 | duration=3.00s
2026-05-27 15:00:54,574 | DEBUG    | modules.vad.volume_detector.volume_detector | Recording audio block | volume=0.582 | blocks=31 | duration=3.10s
2026-05-27 15:00:54,701 | DEBUG    | modules.vad.volume_detector.volume_detector | Recording audio block | volume=0.369 | blocks=32 | duration=3.20s
2026-05-27 15:00:54,829 | DEBUG    | modules.vad.volume_detector.volume_detector | Recording audio block | volume=0.320 | blocks=33 | duration=3.30s
2026-05-27 15:00:54,957 | DEBUG    | modules.vad.volume_detector.volume_detector | Recording audio block | volume=0.307 | blocks=34 | duration=3.40s
2026-05-27 15:00:54,958 | DEBUG    | modules.vad.volume_detector.volume_detector | Recording audio block | volume=0.303 | blocks=35 | duration=3.50s
2026-05-27 15:00:55,085 | DEBUG    | modules.vad.volume_detector.volume_detector | Recording audio block | volume=0.317 | blocks=36 | duration=3.60s
2026-05-27 15:00:55,213 | DEBUG    | modules.vad.volume_detector.volume_detector | Recording audio block | volume=0.307 | blocks=37 | duration=3.70s
2026-05-27 15:00:55,341 | DEBUG    | modules.vad.volume_detector.volume_detector | Recording audio block | volume=0.330 | blocks=38 | duration=3.80s
2026-05-27 15:00:55,342 | DEBUG    | modules.vad.volume_detector.volume_detector | Recording audio block | volume=0.292 | blocks=39 | duration=3.90s
2026-05-27 15:00:55,469 | DEBUG    | modules.vad.volume_detector.volume_detector | Recording audio block | volume=0.348 | blocks=40 | duration=4.00s
2026-05-27 15:00:55,597 | DEBUG    | modules.vad.volume_detector.volume_detector | Recording audio block | volume=0.283 | blocks=41 | duration=4.10s
2026-05-27 15:00:55,725 | DEBUG    | modules.vad.volume_detector.volume_detector | Recording audio block | volume=0.303 | blocks=42 | duration=4.20s
2026-05-27 15:00:55,853 | DEBUG    | modules.vad.volume_detector.volume_detector | Recording audio block | volume=0.284 | blocks=43 | duration=4.30s
2026-05-27 15:00:55,853 | DEBUG    | modules.vad.volume_detector.volume_detector | Silence detected | volume=0.000 <= threshold=0.2
2026-05-27 15:00:55,854 | DEBUG    | modules.vad.volume_detector.volume_detector | Recording silence | silence_duration=0.10s | threshold=3.0s
2026-05-27 15:00:55,981 | DEBUG    | modules.vad.volume_detector.volume_detector | Silence detected | volume=0.000 <= threshold=0.2
2026-05-27 15:00:55,981 | DEBUG    | modules.vad.volume_detector.volume_detector | Recording silence | silence_duration=0.20s | threshold=3.0s
2026-05-27 15:00:56,109 | DEBUG    | modules.vad.volume_detector.volume_detector | Silence detected | volume=0.000 <= threshold=0.2
2026-05-27 15:00:56,109 | DEBUG    | modules.vad.volume_detector.volume_detector | Recording silence | silence_duration=0.30s | threshold=3.0s
2026-05-27 15:00:56,237 | DEBUG    | modules.vad.volume_detector.volume_detector | Silence detected | volume=0.000 <= threshold=0.2
2026-05-27 15:00:56,237 | DEBUG    | modules.vad.volume_detector.volume_detector | Recording silence | silence_duration=0.40s | threshold=3.0s
2026-05-27 15:00:56,238 | DEBUG    | modules.vad.volume_detector.volume_detector | Silence detected | volume=0.000 <= threshold=0.2
2026-05-27 15:00:56,238 | DEBUG    | modules.vad.volume_detector.volume_detector | Recording silence | silence_duration=0.50s | threshold=3.0s
2026-05-27 15:00:56,365 | DEBUG    | modules.vad.volume_detector.volume_detector | Silence detected | volume=0.000 <= threshold=0.2
2026-05-27 15:00:56,365 | DEBUG    | modules.vad.volume_detector.volume_detector | Recording silence | silence_duration=0.60s | threshold=3.0s
2026-05-27 15:00:56,493 | DEBUG    | modules.vad.volume_detector.volume_detector | Silence detected | volume=0.000 <= threshold=0.2
2026-05-27 15:00:56,493 | DEBUG    | modules.vad.volume_detector.volume_detector | Recording silence | silence_duration=0.70s | threshold=3.0s
2026-05-27 15:00:56,621 | DEBUG    | modules.vad.volume_detector.volume_detector | Silence detected | volume=0.000 <= threshold=0.2
2026-05-27 15:00:56,622 | DEBUG    | modules.vad.volume_detector.volume_detector | Recording silence | silence_duration=0.80s | threshold=3.0s
2026-05-27 15:00:56,749 | DEBUG    | modules.vad.volume_detector.volume_detector | Silence detected | volume=0.000 <= threshold=0.2
2026-05-27 15:00:56,749 | DEBUG    | modules.vad.volume_detector.volume_detector | Recording silence | silence_duration=0.90s | threshold=3.0s
2026-05-27 15:00:56,750 | DEBUG    | modules.vad.volume_detector.volume_detector | Silence detected | volume=0.000 <= threshold=0.2
2026-05-27 15:00:56,750 | DEBUG    | modules.vad.volume_detector.volume_detector | Recording silence | silence_duration=1.00s | threshold=3.0s
2026-05-27 15:00:56,877 | DEBUG    | modules.vad.volume_detector.volume_detector | Silence detected | volume=0.000 <= threshold=0.2
2026-05-27 15:00:56,877 | DEBUG    | modules.vad.volume_detector.volume_detector | Recording silence | silence_duration=1.10s | threshold=3.0s
2026-05-27 15:00:57,005 | DEBUG    | modules.vad.volume_detector.volume_detector | Silence detected | volume=0.000 <= threshold=0.2
2026-05-27 15:00:57,006 | DEBUG    | modules.vad.volume_detector.volume_detector | Recording silence | silence_duration=1.20s | threshold=3.0s
2026-05-27 15:00:57,133 | DEBUG    | modules.vad.volume_detector.volume_detector | Silence detected | volume=0.000 <= threshold=0.2
2026-05-27 15:00:57,134 | DEBUG    | modules.vad.volume_detector.volume_detector | Recording silence | silence_duration=1.30s | threshold=3.0s
2026-05-27 15:00:57,134 | DEBUG    | modules.vad.volume_detector.volume_detector | Silence detected | volume=0.000 <= threshold=0.2
2026-05-27 15:00:57,134 | DEBUG    | modules.vad.volume_detector.volume_detector | Recording silence | silence_duration=1.40s | threshold=3.0s
2026-05-27 15:00:57,261 | DEBUG    | modules.vad.volume_detector.volume_detector | Silence detected | volume=0.000 <= threshold=0.2
2026-05-27 15:00:57,262 | DEBUG    | modules.vad.volume_detector.volume_detector | Recording silence | silence_duration=1.50s | threshold=3.0s
2026-05-27 15:00:57,389 | DEBUG    | modules.vad.volume_detector.volume_detector | Silence detected | volume=0.000 <= threshold=0.2
2026-05-27 15:00:57,390 | DEBUG    | modules.vad.volume_detector.volume_detector | Recording silence | silence_duration=1.60s | threshold=3.0s
2026-05-27 15:00:57,517 | DEBUG    | modules.vad.volume_detector.volume_detector | Silence detected | volume=0.000 <= threshold=0.2
2026-05-27 15:00:57,518 | DEBUG    | modules.vad.volume_detector.volume_detector | Recording silence | silence_duration=1.70s | threshold=3.0s
2026-05-27 15:00:57,645 | DEBUG    | modules.vad.volume_detector.volume_detector | Silence detected | volume=0.000 <= threshold=0.2
2026-05-27 15:00:57,646 | DEBUG    | modules.vad.volume_detector.volume_detector | Recording silence | silence_duration=1.80s | threshold=3.0s
2026-05-27 15:00:57,646 | DEBUG    | modules.vad.volume_detector.volume_detector | Silence detected | volume=0.000 <= threshold=0.2
2026-05-27 15:00:57,646 | DEBUG    | modules.vad.volume_detector.volume_detector | Recording silence | silence_duration=1.90s | threshold=3.0s
2026-05-27 15:00:57,773 | DEBUG    | modules.vad.volume_detector.volume_detector | Silence detected | volume=0.000 <= threshold=0.2
2026-05-27 15:00:57,773 | DEBUG    | modules.vad.volume_detector.volume_detector | Recording silence | silence_duration=2.00s | threshold=3.0s
2026-05-27 15:00:57,901 | DEBUG    | modules.vad.volume_detector.volume_detector | Silence detected | volume=0.000 <= threshold=0.2
2026-05-27 15:00:57,901 | DEBUG    | modules.vad.volume_detector.volume_detector | Recording silence | silence_duration=2.10s | threshold=3.0s
2026-05-27 15:00:58,029 | DEBUG    | modules.vad.volume_detector.volume_detector | Silence detected | volume=0.000 <= threshold=0.2
2026-05-27 15:00:58,029 | DEBUG    | modules.vad.volume_detector.volume_detector | Recording silence | silence_duration=2.20s | threshold=3.0s
2026-05-27 15:00:58,157 | DEBUG    | modules.vad.volume_detector.volume_detector | Silence detected | volume=0.000 <= threshold=0.2
2026-05-27 15:00:58,158 | DEBUG    | modules.vad.volume_detector.volume_detector | Recording silence | silence_duration=2.30s | threshold=3.0s
2026-05-27 15:00:58,158 | DEBUG    | modules.vad.volume_detector.volume_detector | Silence detected | volume=0.000 <= threshold=0.2
2026-05-27 15:00:58,158 | DEBUG    | modules.vad.volume_detector.volume_detector | Recording silence | silence_duration=2.40s | threshold=3.0s
2026-05-27 15:00:58,285 | DEBUG    | modules.vad.volume_detector.volume_detector | Silence detected | volume=0.000 <= threshold=0.2
2026-05-27 15:00:58,286 | DEBUG    | modules.vad.volume_detector.volume_detector | Recording silence | silence_duration=2.50s | threshold=3.0s
2026-05-27 15:00:58,413 | DEBUG    | modules.vad.volume_detector.volume_detector | Silence detected | volume=0.000 <= threshold=0.2
2026-05-27 15:00:58,414 | DEBUG    | modules.vad.volume_detector.volume_detector | Recording silence | silence_duration=2.60s | threshold=3.0s
2026-05-27 15:00:58,541 | DEBUG    | modules.vad.volume_detector.volume_detector | Silence detected | volume=0.000 <= threshold=0.2
2026-05-27 15:00:58,541 | DEBUG    | modules.vad.volume_detector.volume_detector | Recording silence | silence_duration=2.70s | threshold=3.0s
2026-05-27 15:00:58,542 | DEBUG    | modules.vad.volume_detector.volume_detector | Silence detected | volume=0.000 <= threshold=0.2
2026-05-27 15:00:58,542 | DEBUG    | modules.vad.volume_detector.volume_detector | Recording silence | silence_duration=2.80s | threshold=3.0s
2026-05-27 15:00:58,669 | DEBUG    | modules.vad.volume_detector.volume_detector | Silence detected | volume=0.000 <= threshold=0.2
2026-05-27 15:00:58,670 | DEBUG    | modules.vad.volume_detector.volume_detector | Recording silence | silence_duration=2.90s | threshold=3.0s
2026-05-27 15:00:58,797 | DEBUG    | modules.vad.volume_detector.volume_detector | Silence detected | volume=0.000 <= threshold=0.2
2026-05-27 15:00:58,797 | DEBUG    | modules.vad.volume_detector.volume_detector | Recording silence | silence_duration=3.00s | threshold=3.0s
2026-05-27 15:00:58,797 | INFO     | modules.vad.volume_detector.volume_detector | ✓ Speech ended by silence | silence_time=3.00s
2026-05-27 15:00:58,929 | INFO     | modules.vad.volume_detector.volume_detector | ✓ Audio capture complete | duration=7.30s | samples=116800 | blocks=73
2026-05-27 15:00:58,929 | INFO     | modules.vad.volume_detector.volume_detector | Volume statistics | min=0.000 | max=0.839 | threshold=0.2
2026-05-27 15:00:58,930 | DEBUG    | modules.vad.volume_detector.volume_detector | Total blocks processed: 263
2026-05-27 15:00:58,930 | INFO     | modules.vad.speach_detector.speach_detector | Calculating speech probability...
2026-05-27 15:00:58,931 | DEBUG    | modules.vad.speach_detector.models.snakers4_silero_vad.model | Preprocessing audio of shape: (116800,)
2026-05-27 15:00:58,932 | DEBUG    | modules.vad.speach_detector.models.snakers4_silero_vad.model | Converted audio to tensor of shape: torch.Size([116800])
2026-05-27 15:00:58,934 | DEBUG    | modules.vad.speach_detector.models.snakers4_silero_vad.model | Normalized audio tensor of shape: torch.Size([116800])
2026-05-27 15:00:58,934 | DEBUG    | modules.vad.speach_detector.models.snakers4_silero_vad.model | Preprocessed audio shape: torch.Size([116800])
2026-05-27 15:00:58,934 | DEBUG    | modules.vad.speach_detector.models.snakers4_silero_vad.model | Calculating speech probability for tensor of shape: torch.Size([116800])
2026-05-27 15:00:58,934 | DEBUG    | modules.vad.speach_detector.models.snakers4_silero_vad.model | Chunk size: 512.0 | Sample rate: 16000 | Sample: 32e-3ms
2026-05-27 15:00:58,935 | WARNING  | speech_gating_pipeline | ⚠ TypeError in listen loop (attempt #1): 'float' object cannot be interpreted as an integer - Continuing...
2026-05-27 15:00:58,935 | DEBUG    | speech_gating_pipeline | Listen attempt #2
2026-05-27 15:00:58,935 | DEBUG    | speech_gating_pipeline | Waiting for audio capture...
2026-05-27 15:00:58,935 | INFO     | modules.vad.vad      | 🎤 VAD listening started
2026-05-27 15:00:58,936 | DEBUG    | modules.vad.volume_detector.volume_detector | VolumeDetector listening started
2026-05-27 15:00:58,936 | DEBUG    | modules.vad.volume_detector.volume_detector | Opening audio stream | samplerate=16000Hz | blocksize=1600
2026-05-27 15:00:58,965 | DEBUG    | modules.vad.volume_detector.volume_detector | Audio stream opened successfully
2026-05-27 15:02:22,724 | INFO     | uvicorn.error        | Shutting down
2026-05-27 15:02:22,825 | INFO     | uvicorn.error        | Waiting for application shutdown.
2026-05-27 15:02:22,825 | INFO     | server               | ==================================================
2026-05-27 15:02:22,825 | INFO     | server               | STT SERVICE LIFESPAN: SHUTDOWN PHASE
2026-05-27 15:02:22,825 | INFO     | server               | ==================================================
2026-05-27 15:02:22,826 | INFO     | server               | 🛑 STT service shutting down...
2026-05-27 15:02:22,826 | DEBUG    | server               | Phase 1: Stopping worker task...
2026-05-27 15:02:22,826 | DEBUG    | server               | Worker task cancellation signal sent | task=Task-3
2026-05-27 15:02:22,826 | DEBUG    | server               | Waiting for worker task to complete cancellation...
2026-05-27 15:02:22,826 | INFO     | server               | 🛑 STT worker received cancellation signal
2026-05-27 15:02:22,827 | DEBUG    | server               | Worker stats at cancellation | iteration=#1 | total_audio=0 | errors=0
2026-05-27 15:02:22,827 | INFO     | server               | STT worker task terminated gracefully | iterations=1 | audio_processed=0 | errors=0
2026-05-27 15:02:22,827 | DEBUG    | server               | Phase 2: Closing HTTP client...
2026-05-27 15:02:22,845 | DEBUG    | server               | ✓ HTTP client closed | close_time=0.018s
2026-05-27 15:02:22,845 | INFO     | server               | ✓ STT SERVICE STOPPED | shutdown_time=0.020s
2026-05-27 15:02:22,846 | INFO     | server               | ==================================================
2026-05-27 15:02:22,846 | INFO     | uvicorn.error        | Application shutdown complete.
2026-05-27 15:02:22,846 | INFO     | uvicorn.error        | Finished server process [9546]
