2026-05-17 21:18:56,765 | INFO     | uvicorn.error        | Started server process [6641]
2026-05-17 21:18:56,765 | INFO     | uvicorn.error        | Waiting for application startup.
2026-05-17 21:18:56,766 | INFO     | server               | STT server starting
2026-05-17 21:18:56,772 | INFO     | stt_module           | STT init | samplerate=16000
2026-05-17 21:18:56,772 | DEBUG    | pipeline.vad         | VAD init | samplerate=16000 threshold=0.2
2026-05-17 21:18:56,772 | DEBUG    | stt_module           | VAD initialized
2026-05-17 21:18:56,772 | INFO     | pipeline.models.Whisper.model | Loading Whisper model | type=medium
2026-05-17 21:19:10,124 | INFO     | pipeline.models.Whisper.model | Whisper model loaded | type=medium
2026-05-17 21:19:10,144 | DEBUG    | stt_module           | Whisper model loaded
2026-05-17 21:19:10,144 | INFO     | server               | STT instance created
2026-05-17 21:19:10,144 | INFO     | server               | STT worker task created
2026-05-17 21:19:10,145 | INFO     | server               | STT worker started
2026-05-17 21:19:10,145 | DEBUG    | server               | STT listening...
2026-05-17 21:19:10,146 | INFO     | stt_module           | STT listen started
2026-05-17 21:19:10,146 | INFO     | uvicorn.error        | Application startup complete.
2026-05-17 21:19:10,146 | DEBUG    | pipeline.vad         | VAD listening started
2026-05-17 21:19:10,147 | INFO     | uvicorn.error        | Uvicorn running on http://127.0.0.1:8004 (Press CTRL+C to quit)
2026-05-17 21:19:10,183 | DEBUG    | pipeline.vad         | Audio stream opened
2026-05-17 21:20:45,104 | DEBUG    | pipeline.vad         | Speech ended by silence
2026-05-17 21:20:45,330 | INFO     | pipeline.vad         | Audio captured | duration=8.40s size=134400
2026-05-17 21:20:45,333 | DEBUG    | stt_module           | Audio captured | size=134400
2026-05-17 21:20:45,333 | DEBUG    | stt_module           | Whisper processing started
2026-05-17 21:20:45,334 | DEBUG    | pipeline.models.Whisper.model | Whisper transcribing
2026-05-17 21:20:54,482 | DEBUG    | pipeline.models.Whisper.model | Whisper transcription complete
2026-05-17 21:20:54,483 | DEBUG    | stt_module           | Whisper result | lang=ru | text_len=52
2026-05-17 21:20:54,483 | DEBUG    | stt_module           | Speech confidence=0.94
2026-05-17 21:20:54,483 | INFO     | stt_module           | Speech recognized | lang=ru | text_len=52
2026-05-17 21:20:54,516 | INFO     | server               | Speech received | text_len=52
2026-05-17 21:20:54,516 | DEBUG    | client               | Sending speech to core | text_len=52
2026-05-17 21:20:54,646 | DEBUG    | httpcore.connection  | connect_tcp.started host='127.0.0.1' port=8000 local_address=None timeout=2.0 socket_options=None
2026-05-17 21:20:54,648 | DEBUG    | httpcore.connection  | connect_tcp.complete return_value=<httpcore._backends.anyio.AnyIOStream object at 0x72226256d540>
2026-05-17 21:20:54,650 | DEBUG    | httpcore.http11      | send_request_headers.started request=<Request [b'POST']>
2026-05-17 21:20:54,650 | DEBUG    | httpcore.http11      | send_request_headers.complete
2026-05-17 21:20:54,651 | DEBUG    | httpcore.http11      | send_request_body.started request=<Request [b'POST']>
2026-05-17 21:20:54,652 | DEBUG    | httpcore.http11      | send_request_body.complete
2026-05-17 21:20:54,667 | DEBUG    | httpcore.http11      | receive_response_headers.started request=<Request [b'POST']>
2026-05-17 21:20:54,755 | DEBUG    | httpcore.http11      | receive_response_headers.complete return_value=(b'HTTP/1.1', 200, b'OK', [(b'date', b'Sun, 17 May 2026 18:20:53 GMT'), (b'server', b'uvicorn'), (b'content-length', b'15'), (b'content-type', b'application/json')])
2026-05-17 21:20:54,774 | INFO     | httpx                | HTTP Request: POST http://127.0.0.1:8000/core/stt "HTTP/1.1 200 OK"
2026-05-17 21:20:54,800 | DEBUG    | httpcore.http11      | receive_response_body.started request=<Request [b'POST']>
2026-05-17 21:20:54,801 | DEBUG    | httpcore.http11      | receive_response_body.complete
2026-05-17 21:20:54,807 | DEBUG    | httpcore.http11      | response_closed.started
2026-05-17 21:20:54,808 | DEBUG    | httpcore.http11      | response_closed.complete
2026-05-17 21:20:54,818 | INFO     | client               | Speech sent to core | status=200
2026-05-17 21:20:54,819 | DEBUG    | server               | Speech sent to core
2026-05-17 21:20:54,923 | DEBUG    | server               | STT listening...
2026-05-17 21:20:54,930 | INFO     | stt_module           | STT listen started
2026-05-17 21:20:54,947 | DEBUG    | pipeline.vad         | VAD listening started
2026-05-17 21:20:55,222 | DEBUG    | pipeline.vad         | Audio stream opened
2026-05-17 21:28:31,212 | DEBUG    | pipeline.vad         | Speech ended by silence
2026-05-17 21:28:31,344 | INFO     | pipeline.vad         | Audio captured | duration=12.50s size=200000
2026-05-17 21:28:31,345 | DEBUG    | stt_module           | Audio captured | size=200000
2026-05-17 21:28:31,345 | DEBUG    | stt_module           | Whisper processing started
2026-05-17 21:28:31,345 | DEBUG    | pipeline.models.Whisper.model | Whisper transcribing
2026-05-17 21:28:32,604 | DEBUG    | pipeline.models.Whisper.model | Whisper transcription complete
2026-05-17 21:28:32,605 | DEBUG    | stt_module           | Whisper result | lang=ru | text_len=104
2026-05-17 21:28:32,605 | DEBUG    | stt_module           | Speech confidence=0.85
2026-05-17 21:28:32,605 | INFO     | stt_module           | Speech recognized | lang=ru | text_len=104
2026-05-17 21:28:32,626 | INFO     | server               | Speech received | text_len=104
2026-05-17 21:28:32,626 | DEBUG    | client               | Sending speech to core | text_len=104
2026-05-17 21:28:32,629 | DEBUG    | httpcore.connection  | close.started
2026-05-17 21:28:32,629 | DEBUG    | httpcore.connection  | close.complete
2026-05-17 21:28:32,631 | DEBUG    | httpcore.connection  | connect_tcp.started host='127.0.0.1' port=8000 local_address=None timeout=2.0 socket_options=None
2026-05-17 21:28:32,632 | DEBUG    | httpcore.connection  | connect_tcp.complete return_value=<httpcore._backends.anyio.AnyIOStream object at 0x7222625a49d0>
2026-05-17 21:28:32,634 | DEBUG    | httpcore.http11      | send_request_headers.started request=<Request [b'POST']>
2026-05-17 21:28:32,634 | DEBUG    | httpcore.http11      | send_request_headers.complete
2026-05-17 21:28:32,635 | DEBUG    | httpcore.http11      | send_request_body.started request=<Request [b'POST']>
2026-05-17 21:28:32,635 | DEBUG    | httpcore.http11      | send_request_body.complete
2026-05-17 21:28:32,636 | DEBUG    | httpcore.http11      | receive_response_headers.started request=<Request [b'POST']>
2026-05-17 21:28:32,647 | DEBUG    | httpcore.http11      | receive_response_headers.complete return_value=(b'HTTP/1.1', 200, b'OK', [(b'date', b'Sun, 17 May 2026 18:28:32 GMT'), (b'server', b'uvicorn'), (b'content-length', b'15'), (b'content-type', b'application/json')])
2026-05-17 21:28:32,648 | INFO     | httpx                | HTTP Request: POST http://127.0.0.1:8000/core/stt "HTTP/1.1 200 OK"
2026-05-17 21:28:32,648 | DEBUG    | httpcore.http11      | receive_response_body.started request=<Request [b'POST']>
2026-05-17 21:28:32,649 | DEBUG    | httpcore.http11      | receive_response_body.complete
2026-05-17 21:28:32,689 | DEBUG    | httpcore.http11      | response_closed.started
2026-05-17 21:28:32,690 | DEBUG    | httpcore.http11      | response_closed.complete
2026-05-17 21:28:32,700 | INFO     | client               | Speech sent to core | status=200
2026-05-17 21:28:32,701 | DEBUG    | server               | Speech sent to core
2026-05-17 21:28:32,701 | DEBUG    | server               | STT listening...
2026-05-17 21:28:32,712 | INFO     | stt_module           | STT listen started
2026-05-17 21:28:32,713 | DEBUG    | pipeline.vad         | VAD listening started
2026-05-17 21:28:32,728 | DEBUG    | pipeline.vad         | Audio stream opened
2026-05-17 21:31:45,086 | DEBUG    | pipeline.vad         | Speech ended by silence
2026-05-17 21:31:45,221 | INFO     | pipeline.vad         | Audio captured | duration=10.20s size=163200
2026-05-17 21:31:45,232 | DEBUG    | stt_module           | Audio captured | size=163200
2026-05-17 21:31:45,232 | DEBUG    | stt_module           | Whisper processing started
2026-05-17 21:31:45,232 | DEBUG    | pipeline.models.Whisper.model | Whisper transcribing
2026-05-17 21:31:47,923 | DEBUG    | pipeline.models.Whisper.model | Whisper transcription complete
2026-05-17 21:31:47,924 | DEBUG    | stt_module           | Whisper result | lang=ru | text_len=136
2026-05-17 21:31:47,924 | DEBUG    | stt_module           | Speech confidence=0.91
2026-05-17 21:31:47,924 | INFO     | stt_module           | Speech recognized | lang=ru | text_len=136
2026-05-17 21:31:47,924 | INFO     | server               | Speech received | text_len=136
2026-05-17 21:31:47,925 | DEBUG    | client               | Sending speech to core | text_len=136
2026-05-17 21:31:47,927 | DEBUG    | httpcore.connection  | close.started
2026-05-17 21:31:47,928 | DEBUG    | httpcore.connection  | close.complete
2026-05-17 21:31:47,929 | DEBUG    | httpcore.connection  | connect_tcp.started host='127.0.0.1' port=8000 local_address=None timeout=2.0 socket_options=None
2026-05-17 21:31:47,930 | DEBUG    | httpcore.connection  | connect_tcp.complete return_value=<httpcore._backends.anyio.AnyIOStream object at 0x72226256c670>
2026-05-17 21:31:47,932 | DEBUG    | httpcore.http11      | send_request_headers.started request=<Request [b'POST']>
2026-05-17 21:31:47,932 | DEBUG    | httpcore.http11      | send_request_headers.complete
2026-05-17 21:31:47,932 | DEBUG    | httpcore.http11      | send_request_body.started request=<Request [b'POST']>
2026-05-17 21:31:47,933 | DEBUG    | httpcore.http11      | send_request_body.complete
2026-05-17 21:31:47,933 | DEBUG    | httpcore.http11      | receive_response_headers.started request=<Request [b'POST']>
2026-05-17 21:31:47,935 | DEBUG    | httpcore.http11      | receive_response_headers.complete return_value=(b'HTTP/1.1', 200, b'OK', [(b'date', b'Sun, 17 May 2026 18:31:47 GMT'), (b'server', b'uvicorn'), (b'content-length', b'15'), (b'content-type', b'application/json')])
2026-05-17 21:31:47,936 | INFO     | httpx                | HTTP Request: POST http://127.0.0.1:8000/core/stt "HTTP/1.1 200 OK"
2026-05-17 21:31:47,936 | DEBUG    | httpcore.http11      | receive_response_body.started request=<Request [b'POST']>
2026-05-17 21:31:47,936 | DEBUG    | httpcore.http11      | receive_response_body.complete
2026-05-17 21:31:47,937 | DEBUG    | httpcore.http11      | response_closed.started
2026-05-17 21:31:47,938 | DEBUG    | httpcore.http11      | response_closed.complete
2026-05-17 21:31:47,982 | INFO     | client               | Speech sent to core | status=200
2026-05-17 21:31:47,983 | DEBUG    | server               | Speech sent to core
2026-05-17 21:31:47,983 | DEBUG    | server               | STT listening...
2026-05-17 21:31:47,983 | INFO     | stt_module           | STT listen started
2026-05-17 21:31:47,984 | DEBUG    | pipeline.vad         | VAD listening started
2026-05-17 21:31:48,026 | DEBUG    | pipeline.vad         | Audio stream opened
2026-05-17 21:34:33,745 | DEBUG    | pipeline.vad         | Speech ended by silence
2026-05-17 21:34:33,878 | INFO     | pipeline.vad         | Audio captured | duration=7.40s size=118400
2026-05-17 21:34:33,879 | DEBUG    | stt_module           | Audio captured | size=118400
2026-05-17 21:34:33,879 | DEBUG    | stt_module           | Whisper processing started
2026-05-17 21:34:33,879 | DEBUG    | pipeline.models.Whisper.model | Whisper transcribing
2026-05-17 21:34:35,079 | DEBUG    | pipeline.models.Whisper.model | Whisper transcription complete
2026-05-17 21:34:35,079 | DEBUG    | stt_module           | Whisper result | lang=ru | text_len=82
2026-05-17 21:34:35,080 | DEBUG    | stt_module           | Speech confidence=0.92
2026-05-17 21:34:35,080 | INFO     | stt_module           | Speech recognized | lang=ru | text_len=82
2026-05-17 21:34:35,080 | INFO     | server               | Speech received | text_len=82
2026-05-17 21:34:35,080 | DEBUG    | client               | Sending speech to core | text_len=82
2026-05-17 21:34:35,108 | DEBUG    | httpcore.connection  | close.started
2026-05-17 21:34:35,109 | DEBUG    | httpcore.connection  | close.complete
2026-05-17 21:34:35,109 | DEBUG    | httpcore.connection  | connect_tcp.started host='127.0.0.1' port=8000 local_address=None timeout=2.0 socket_options=None
2026-05-17 21:34:35,110 | DEBUG    | httpcore.connection  | connect_tcp.complete return_value=<httpcore._backends.anyio.AnyIOStream object at 0x7222625a5660>
2026-05-17 21:34:35,111 | DEBUG    | httpcore.http11      | send_request_headers.started request=<Request [b'POST']>
2026-05-17 21:34:35,111 | DEBUG    | httpcore.http11      | send_request_headers.complete
2026-05-17 21:34:35,111 | DEBUG    | httpcore.http11      | send_request_body.started request=<Request [b'POST']>
2026-05-17 21:34:35,111 | DEBUG    | httpcore.http11      | send_request_body.complete
2026-05-17 21:34:35,111 | DEBUG    | httpcore.http11      | receive_response_headers.started request=<Request [b'POST']>
2026-05-17 21:34:35,114 | DEBUG    | httpcore.http11      | receive_response_headers.complete return_value=(b'HTTP/1.1', 200, b'OK', [(b'date', b'Sun, 17 May 2026 18:34:34 GMT'), (b'server', b'uvicorn'), (b'content-length', b'15'), (b'content-type', b'application/json')])
2026-05-17 21:34:35,115 | INFO     | httpx                | HTTP Request: POST http://127.0.0.1:8000/core/stt "HTTP/1.1 200 OK"
2026-05-17 21:34:35,116 | DEBUG    | httpcore.http11      | receive_response_body.started request=<Request [b'POST']>
2026-05-17 21:34:35,116 | DEBUG    | httpcore.http11      | receive_response_body.complete
2026-05-17 21:34:35,118 | DEBUG    | httpcore.http11      | response_closed.started
2026-05-17 21:34:35,119 | DEBUG    | httpcore.http11      | response_closed.complete
2026-05-17 21:34:35,120 | INFO     | client               | Speech sent to core | status=200
2026-05-17 21:34:35,121 | DEBUG    | server               | Speech sent to core
2026-05-17 21:34:35,121 | DEBUG    | server               | STT listening...
2026-05-17 21:34:35,121 | INFO     | stt_module           | STT listen started
2026-05-17 21:34:35,121 | DEBUG    | pipeline.vad         | VAD listening started
2026-05-17 21:34:35,133 | DEBUG    | pipeline.vad         | Audio stream opened
2026-05-17 21:37:49,028 | DEBUG    | pipeline.vad         | Speech ended by silence
2026-05-17 21:37:49,161 | INFO     | pipeline.vad         | Audio captured | duration=3.80s size=60800
2026-05-17 21:37:49,161 | DEBUG    | stt_module           | Audio captured | size=60800
2026-05-17 21:37:49,161 | DEBUG    | stt_module           | Whisper processing started
2026-05-17 21:37:49,162 | DEBUG    | pipeline.models.Whisper.model | Whisper transcribing
2026-05-17 21:37:49,783 | DEBUG    | pipeline.models.Whisper.model | Whisper transcription complete
2026-05-17 21:37:49,783 | DEBUG    | stt_module           | Whisper result | lang=ru | text_len=23
2026-05-17 21:37:49,783 | DEBUG    | stt_module           | Speech confidence=0.98
2026-05-17 21:37:49,783 | INFO     | stt_module           | Speech recognized | lang=ru | text_len=23
2026-05-17 21:37:49,784 | INFO     | server               | Speech received | text_len=23
2026-05-17 21:37:49,784 | DEBUG    | client               | Sending speech to core | text_len=23
2026-05-17 21:37:49,787 | DEBUG    | httpcore.connection  | close.started
2026-05-17 21:37:49,787 | DEBUG    | httpcore.connection  | close.complete
2026-05-17 21:37:49,789 | DEBUG    | httpcore.connection  | connect_tcp.started host='127.0.0.1' port=8000 local_address=None timeout=2.0 socket_options=None
2026-05-17 21:37:49,790 | DEBUG    | httpcore.connection  | connect_tcp.complete return_value=<httpcore._backends.anyio.AnyIOStream object at 0x72226256c250>
2026-05-17 21:37:49,792 | DEBUG    | httpcore.http11      | send_request_headers.started request=<Request [b'POST']>
2026-05-17 21:37:49,792 | DEBUG    | httpcore.http11      | send_request_headers.complete
2026-05-17 21:37:49,793 | DEBUG    | httpcore.http11      | send_request_body.started request=<Request [b'POST']>
2026-05-17 21:37:49,793 | DEBUG    | httpcore.http11      | send_request_body.complete
2026-05-17 21:37:49,794 | DEBUG    | httpcore.http11      | receive_response_headers.started request=<Request [b'POST']>
2026-05-17 21:37:49,796 | DEBUG    | httpcore.http11      | receive_response_headers.complete return_value=(b'HTTP/1.1', 200, b'OK', [(b'date', b'Sun, 17 May 2026 18:37:48 GMT'), (b'server', b'uvicorn'), (b'content-length', b'15'), (b'content-type', b'application/json')])
2026-05-17 21:37:49,796 | INFO     | httpx                | HTTP Request: POST http://127.0.0.1:8000/core/stt "HTTP/1.1 200 OK"
2026-05-17 21:37:49,797 | DEBUG    | httpcore.http11      | receive_response_body.started request=<Request [b'POST']>
2026-05-17 21:37:49,797 | DEBUG    | httpcore.http11      | receive_response_body.complete
2026-05-17 21:37:49,798 | DEBUG    | httpcore.http11      | response_closed.started
2026-05-17 21:37:49,798 | DEBUG    | httpcore.http11      | response_closed.complete
2026-05-17 21:37:49,800 | INFO     | client               | Speech sent to core | status=200
2026-05-17 21:37:49,800 | DEBUG    | server               | Speech sent to core
2026-05-17 21:37:49,801 | DEBUG    | server               | STT listening...
2026-05-17 21:37:49,801 | INFO     | stt_module           | STT listen started
2026-05-17 21:37:49,801 | DEBUG    | pipeline.vad         | VAD listening started
2026-05-17 21:37:49,815 | DEBUG    | pipeline.vad         | Audio stream opened
