2026-05-27 15:52:55,434 | INFO     | server               | ==================================================
2026-05-27 15:52:55,434 | INFO     | server               | STT SERVICE MODULE LOADING
2026-05-27 15:52:55,435 | INFO     | server               | ==================================================
2026-05-27 15:52:55,435 | INFO     | uvicorn.error        | Started server process [14924]
2026-05-27 15:52:55,436 | INFO     | uvicorn.error        | Waiting for application startup.
2026-05-27 15:52:55,436 | INFO     | server               | ==================================================
2026-05-27 15:52:55,436 | INFO     | server               | STT SERVICE LIFESPAN: STARTUP PHASE
2026-05-27 15:52:55,436 | INFO     | server               | ==================================================
2026-05-27 15:52:55,436 | DEBUG    | server               | Phase 1: Initializing STT module...
2026-05-27 15:52:55,436 | DEBUG    | server               | Timestamp: 2026-05-27 15:52:55
2026-05-27 15:52:55,436 | INFO     | speech_gating_pipeline | Initializing SpeechGatingPipeline
2026-05-27 15:52:55,437 | DEBUG    | speech_gating_pipeline | Initializing VAD (Voice Activity Detection)...
2026-05-27 15:52:55,437 | INFO     | modules.vad.volume_detector.volume_detector | Initializing VolumeDetector | samplerate=16000Hz | threshold=0.2 | silence_dur=3.0s | block_dur=0.1s
2026-05-27 15:52:55,437 | DEBUG    | modules.vad.volume_detector.volume_detector | VolumeDetector initialized successfully
2026-05-27 15:52:55,649 | DEBUG    | speech_gating_pipeline | ✓ VAD initialized successfully
2026-05-27 15:52:55,649 | DEBUG    | speech_gating_pipeline | Loading Stt speech recognition model...
2026-05-27 15:52:55,649 | INFO     | modules.stt.models.whisper.model | Loading Whisper model | type=medium
2026-05-27 15:53:05,837 | INFO     | modules.stt.models.whisper.model | Whisper model loaded | type=medium
2026-05-27 15:53:05,837 | DEBUG    | speech_gating_pipeline | ✓ STT model loaded successfully
2026-05-27 15:53:05,837 | INFO     | speech_gating_pipeline | ✓ SpeechGatingPipeline module initialized successfully
2026-05-27 15:53:05,837 | INFO     | server               | ✓ STT instance created | init_time=10.401s
2026-05-27 15:53:05,838 | DEBUG    | server               | STT configuration | samplerate=16000Hz | models_loaded=2
2026-05-27 15:53:05,838 | DEBUG    | server               | Phase 2: Creating worker task...
2026-05-27 15:53:05,838 | INFO     | server               | ✓ STT worker task created | task_id=Task-3 | creation_time=0.000s
2026-05-27 15:53:05,838 | DEBUG    | server               | Task state | done=False | cancelled=False
2026-05-27 15:53:05,838 | INFO     | server               | ✓ STT SERVICE READY | total_startup_time=10.402s
2026-05-27 15:53:05,838 | DEBUG    | server               | Service status | listening=True | workers_active=1 | http_client_ready=True
2026-05-27 15:53:05,838 | INFO     | server               | ==================================================
2026-05-27 15:53:05,838 | INFO     | server               | SERVICE READY TO ACCEPT CONNECTIONS
2026-05-27 15:53:05,838 | INFO     | server               | ==================================================
2026-05-27 15:53:05,839 | INFO     | server               | 🔄 STT worker task started
2026-05-27 15:53:05,839 | DEBUG    | server               | Worker initialization | state=ready | listening=False
2026-05-27 15:53:05,839 | DEBUG    | server               | Worker iteration #1 | uptime_check | state=listening
2026-05-27 15:53:05,839 | DEBUG    | server               | [Iteration #1] Waiting for speech input...
2026-05-27 15:53:05,839 | INFO     | speech_gating_pipeline | 🎤 SpeechGatingPipeline listening started
2026-05-27 15:53:05,839 | INFO     | uvicorn.error        | Application startup complete.
2026-05-27 15:53:05,840 | DEBUG    | speech_gating_pipeline | Listen attempt #1
2026-05-27 15:53:05,840 | DEBUG    | speech_gating_pipeline | Waiting for audio capture...
2026-05-27 15:53:05,840 | INFO     | uvicorn.error        | Uvicorn running on http://127.0.0.1:8004 (Press CTRL+C to quit)
2026-05-27 15:53:05,840 | INFO     | modules.vad.vad      | 🎤 VAD listening started
2026-05-27 15:53:05,841 | DEBUG    | modules.vad.volume_detector.volume_detector | VolumeDetector listening started
2026-05-27 15:53:05,841 | DEBUG    | modules.vad.volume_detector.volume_detector | Opening audio stream | samplerate=16000Hz | blocksize=1600
2026-05-27 15:53:05,864 | DEBUG    | modules.vad.volume_detector.volume_detector | Audio stream opened successfully
2026-05-27 15:54:04,832 | DEBUG    | modules.vad.volume_detector.volume_detector | Speech detected | volume=0.291 > threshold=0.2
2026-05-27 15:54:13,472 | DEBUG    | modules.vad.volume_detector.volume_detector | Silence detected | volume=0.167 <= threshold=0.2
2026-05-27 15:54:14,539 | DEBUG    | modules.vad.volume_detector.volume_detector | Silence detected | volume=0.199 <= threshold=0.2
2026-05-27 15:54:17,419 | INFO     | modules.vad.volume_detector.volume_detector | ✓ Speech ended by silence | silence_time=3.00s
2026-05-27 15:54:17,528 | INFO     | modules.vad.volume_detector.volume_detector | ✓ Audio capture complete | duration=12.70s | samples=203200 | blocks=127
2026-05-27 15:54:17,528 | INFO     | modules.vad.volume_detector.volume_detector | Volume statistics | min=0.000 | max=0.902 | threshold=0.2
2026-05-27 15:54:17,530 | DEBUG    | modules.vad.volume_detector.volume_detector | Total blocks processed: 715
2026-05-27 15:54:17,533 | INFO     | modules.vad.speach_detector.speach_detector | Calculating speech probability...
2026-05-27 15:54:17,533 | DEBUG    | modules.vad.speach_detector.models.snakers4_silero_vad.model | Preprocessing audio of shape: (203200,)
2026-05-27 15:54:17,534 | DEBUG    | modules.vad.speach_detector.models.snakers4_silero_vad.model | Converted audio to tensor of shape: torch.Size([203200])
2026-05-27 15:54:17,535 | DEBUG    | modules.vad.speach_detector.models.snakers4_silero_vad.model | Normalized audio tensor of shape: torch.Size([203200])
2026-05-27 15:54:17,535 | DEBUG    | modules.vad.speach_detector.models.snakers4_silero_vad.model | Preprocessed audio shape: torch.Size([203200])
2026-05-27 15:54:17,535 | DEBUG    | modules.vad.speach_detector.models.snakers4_silero_vad.model | Calculating speech probability for tensor of shape: torch.Size([203200])
2026-05-27 15:54:17,535 | DEBUG    | modules.vad.speach_detector.models.snakers4_silero_vad.model | Chunk size: 512 | Sample rate: 16000 | Sample: 32e-3ms
2026-05-27 15:54:17,923 | DEBUG    | modules.vad.speach_detector.models.snakers4_silero_vad.model | Speech probability calculated. Max: 0.01, Min: 0.00
2026-05-27 15:54:17,923 | INFO     | modules.vad.speach_detector.speach_detector | Speech prob calculated: 1.00
2026-05-27 15:54:17,924 | DEBUG    | modules.vad.vad      | Speech detected
2026-05-27 15:54:17,924 | INFO     | speech_gating_pipeline | 📥 Audio captured | size=203200 samples | duration=12.70s
2026-05-27 15:54:17,924 | DEBUG    | speech_gating_pipeline | Processing audio with Whisper...
2026-05-27 15:54:17,924 | DEBUG    | modules.stt.stt      | STT processing started | audio_size=203200 samples
2026-05-27 15:54:17,924 | DEBUG    | modules.stt.models.whisper.model | Whisper transcribing
2026-05-27 15:55:18,323 | DEBUG    | modules.stt.models.whisper.model | Whisper transcription complete
2026-05-27 15:55:18,323 | DEBUG    | modules.stt.stt      | STT processing completed | text=' 1,2,3,4'
2026-05-27 15:55:18,323 | INFO     | speech_gating_pipeline | ✓ Speech recognized successfully | text_len=8
2026-05-27 15:55:18,324 | DEBUG    | speech_gating_pipeline | Recognized text: ' 1,2,3,4...'
2026-05-27 15:55:18,324 | INFO     | server               | 🎤 Speech captured | iteration=#1 | duration=132.49s | text_len=8
2026-05-27 15:55:18,324 | DEBUG    | server               | Speech details | speaker='Владелец' | language='ru'
2026-05-27 15:55:18,324 | DEBUG    | server               | Speech content: ' 1,2,3,4...' if len(speach_info['text']) > 100 else ' 1,2,3,4'
2026-05-27 15:55:18,325 | DEBUG    | server               | Preparing to send speech to core service | speaker=Владелец | lang=ru
2026-05-27 15:55:18,325 | INFO     | client               | 📤 Sending speech to core service | lang=ru | text_len=8
2026-05-27 15:55:18,325 | DEBUG    | client               | Speech info: {'text': ' 1,2,3,4', 'speaker': 'Владелец', 'language': 'ru'}
2026-05-27 15:55:18,325 | DEBUG    | client               | Connecting to Core service at http://127.0.0.1:8000/core/stt
2026-05-27 15:55:18,339 | DEBUG    | httpcore.connection  | connect_tcp.started host='127.0.0.1' port=8000 local_address=None timeout=2.0 socket_options=None
2026-05-27 15:55:18,341 | DEBUG    | httpcore.connection  | connect_tcp.failed exception=ConnectError(OSError('All connection attempts failed'))
2026-05-27 15:55:18,342 | ERROR    | client               | ✗ Core service connection error: ConnectError - Cannot reach http://127.0.0.1:8000
2026-05-27 15:55:18,342 | WARNING  | client               | ⚠ Returning None due to core service error
2026-05-27 15:55:18,342 | INFO     | server               | ✓ Speech sent to core | send_time=0.017s | iteration=#1
2026-05-27 15:55:18,342 | DEBUG    | server               | Total audio processed: 1 | Iteration time: 132.502s
2026-05-27 15:55:18,342 | DEBUG    | server               | Worker iteration #2 | uptime_check | state=listening
2026-05-27 15:55:18,342 | DEBUG    | server               | [Iteration #2] Waiting for speech input...
2026-05-27 15:55:18,342 | INFO     | speech_gating_pipeline | 🎤 SpeechGatingPipeline listening started
2026-05-27 15:55:18,343 | DEBUG    | speech_gating_pipeline | Listen attempt #1
2026-05-27 15:55:18,343 | DEBUG    | speech_gating_pipeline | Waiting for audio capture...
2026-05-27 15:55:18,343 | INFO     | modules.vad.vad      | 🎤 VAD listening started
2026-05-27 15:55:18,343 | DEBUG    | modules.vad.volume_detector.volume_detector | VolumeDetector listening started
2026-05-27 15:55:18,343 | DEBUG    | modules.vad.volume_detector.volume_detector | Opening audio stream | samplerate=16000Hz | blocksize=1600
2026-05-27 15:55:18,360 | DEBUG    | modules.vad.volume_detector.volume_detector | Audio stream opened successfully
2026-05-27 16:21:45,556 | INFO     | uvicorn.error        | Shutting down
2026-05-27 16:21:45,657 | INFO     | uvicorn.error        | Waiting for application shutdown.
2026-05-27 16:21:45,658 | INFO     | server               | ==================================================
2026-05-27 16:21:45,658 | INFO     | server               | STT SERVICE LIFESPAN: SHUTDOWN PHASE
2026-05-27 16:21:45,658 | INFO     | server               | ==================================================
2026-05-27 16:21:45,659 | INFO     | server               | 🛑 STT service shutting down...
2026-05-27 16:21:45,659 | DEBUG    | server               | Phase 1: Stopping worker task...
2026-05-27 16:21:45,659 | DEBUG    | server               | Worker task cancellation signal sent | task=Task-3
2026-05-27 16:21:45,659 | DEBUG    | server               | Waiting for worker task to complete cancellation...
2026-05-27 16:21:45,659 | INFO     | server               | 🛑 STT worker received cancellation signal
2026-05-27 16:21:45,660 | DEBUG    | server               | Worker stats at cancellation | iteration=#2 | total_audio=1 | errors=0
2026-05-27 16:21:45,660 | INFO     | server               | STT worker task terminated gracefully | iterations=2 | audio_processed=1 | errors=0
2026-05-27 16:21:45,660 | DEBUG    | server               | Phase 2: Closing HTTP client...
2026-05-27 16:21:45,663 | DEBUG    | server               | ✓ HTTP client closed | close_time=0.002s
2026-05-27 16:21:45,663 | INFO     | server               | ✓ STT SERVICE STOPPED | shutdown_time=0.005s
2026-05-27 16:21:45,663 | INFO     | server               | ==================================================
2026-05-27 16:21:45,664 | INFO     | uvicorn.error        | Application shutdown complete.
2026-05-27 16:21:45,664 | INFO     | uvicorn.error        | Finished server process [14924]
