2026-05-17 15:13:10,691 | INFO     | uvicorn.error        | Started server process [12330]
2026-05-17 15:13:10,691 | INFO     | uvicorn.error        | Waiting for application startup.
2026-05-17 15:13:10,691 | INFO     | server               | STT server starting
2026-05-17 15:13:10,691 | INFO     | stt_module           | STT init | samplerate=16000
2026-05-17 15:13:10,692 | DEBUG    | pipeline.vad         | VAD init | samplerate=16000 threshold=0.2
2026-05-17 15:13:10,692 | DEBUG    | stt_module           | VAD initialized
2026-05-17 15:13:10,692 | INFO     | pipeline.models.Whisper.model | Loading Whisper model | type=medium
2026-05-17 15:13:22,532 | INFO     | pipeline.models.Whisper.model | Whisper model loaded | type=medium
2026-05-17 15:13:22,552 | DEBUG    | stt_module           | Whisper model loaded
2026-05-17 15:13:22,552 | INFO     | server               | STT instance created
2026-05-17 15:13:22,553 | INFO     | server               | STT worker task created
2026-05-17 15:13:22,553 | INFO     | server               | STT worker started
2026-05-17 15:13:22,553 | DEBUG    | server               | STT listening...
2026-05-17 15:13:22,554 | INFO     | stt_module           | STT listen started
2026-05-17 15:13:22,554 | INFO     | uvicorn.error        | Application startup complete.
2026-05-17 15:13:22,564 | DEBUG    | pipeline.vad         | VAD listening started
2026-05-17 15:13:22,565 | INFO     | uvicorn.error        | Uvicorn running on http://127.0.0.1:8004 (Press CTRL+C to quit)
2026-05-17 15:13:22,832 | DEBUG    | pipeline.vad         | Audio stream opened
2026-05-17 15:17:58,604 | DEBUG    | pipeline.vad         | Speech ended by silence
2026-05-17 15:17:58,737 | INFO     | pipeline.vad         | Audio captured | duration=6.80s size=108800
2026-05-17 15:17:58,738 | DEBUG    | stt_module           | Audio captured | size=108800
2026-05-17 15:17:58,738 | DEBUG    | stt_module           | Whisper processing started
2026-05-17 15:17:58,738 | DEBUG    | pipeline.models.Whisper.model | Whisper transcribing
2026-05-17 15:18:04,763 | DEBUG    | pipeline.models.Whisper.model | Whisper transcription complete
2026-05-17 15:18:04,764 | DEBUG    | stt_module           | Whisper result | lang=ru | text_len=40
2026-05-17 15:18:04,764 | DEBUG    | stt_module           | Speech confidence=0.95
2026-05-17 15:18:04,764 | INFO     | stt_module           | Speech recognized | lang=ru | text_len=40
2026-05-17 15:18:04,765 | INFO     | server               | Speech received | text_len=40
2026-05-17 15:18:04,765 | DEBUG    | client               | Sending speech to core | text_len=40
2026-05-17 15:18:04,826 | DEBUG    | httpcore.connection  | connect_tcp.started host='127.0.0.1' port=8000 local_address=None timeout=2.0 socket_options=None
2026-05-17 15:18:04,828 | DEBUG    | httpcore.connection  | connect_tcp.complete return_value=<httpcore._backends.anyio.AnyIOStream object at 0x7385287695a0>
2026-05-17 15:18:04,830 | DEBUG    | httpcore.http11      | send_request_headers.started request=<Request [b'POST']>
2026-05-17 15:18:04,830 | DEBUG    | httpcore.http11      | send_request_headers.complete
2026-05-17 15:18:04,831 | DEBUG    | httpcore.http11      | send_request_body.started request=<Request [b'POST']>
2026-05-17 15:18:04,831 | DEBUG    | httpcore.http11      | send_request_body.complete
2026-05-17 15:18:04,831 | DEBUG    | httpcore.http11      | receive_response_headers.started request=<Request [b'POST']>
2026-05-17 15:18:04,916 | DEBUG    | httpcore.http11      | receive_response_headers.complete return_value=(b'HTTP/1.1', 200, b'OK', [(b'date', b'Sun, 17 May 2026 12:18:04 GMT'), (b'server', b'uvicorn'), (b'content-length', b'15'), (b'content-type', b'application/json')])
2026-05-17 15:18:04,931 | INFO     | httpx                | HTTP Request: POST http://127.0.0.1:8000/core/stt "HTTP/1.1 200 OK"
2026-05-17 15:18:04,947 | DEBUG    | httpcore.http11      | receive_response_body.started request=<Request [b'POST']>
2026-05-17 15:18:04,947 | DEBUG    | httpcore.http11      | receive_response_body.complete
2026-05-17 15:18:04,999 | DEBUG    | httpcore.http11      | response_closed.started
2026-05-17 15:18:04,999 | DEBUG    | httpcore.http11      | response_closed.complete
2026-05-17 15:18:05,000 | INFO     | client               | Speech sent to core | status=200
2026-05-17 15:18:05,001 | DEBUG    | server               | Speech sent to core
2026-05-17 15:18:05,001 | DEBUG    | server               | STT listening...
2026-05-17 15:18:05,001 | INFO     | stt_module           | STT listen started
2026-05-17 15:18:05,002 | DEBUG    | pipeline.vad         | VAD listening started
2026-05-17 15:18:05,040 | DEBUG    | pipeline.vad         | Audio stream opened
2026-05-17 15:21:14,546 | DEBUG    | pipeline.vad         | Speech ended by silence
2026-05-17 15:21:14,677 | INFO     | pipeline.vad         | Audio captured | duration=4.50s size=72000
2026-05-17 15:21:14,678 | DEBUG    | stt_module           | Audio captured | size=72000
2026-05-17 15:21:14,678 | DEBUG    | stt_module           | Whisper processing started
2026-05-17 15:21:14,678 | DEBUG    | pipeline.models.Whisper.model | Whisper transcribing
2026-05-17 15:21:15,853 | DEBUG    | pipeline.models.Whisper.model | Whisper transcription complete
2026-05-17 15:21:15,854 | DEBUG    | stt_module           | Whisper result | lang=el | text_len=40
2026-05-17 15:21:15,854 | DEBUG    | stt_module           | No speech detected
2026-05-17 15:21:15,854 | DEBUG    | pipeline.vad         | VAD listening started
2026-05-17 15:21:15,873 | DEBUG    | pipeline.vad         | Audio stream opened
2026-05-17 15:29:16,009 | INFO     | uvicorn.error        | Shutting down
2026-05-17 15:29:16,110 | INFO     | uvicorn.error        | Waiting for application shutdown.
2026-05-17 15:29:16,110 | INFO     | server               | STT server shutting down
2026-05-17 15:29:16,110 | INFO     | server               | STT worker cancelled
2026-05-17 15:29:16,112 | DEBUG    | httpcore.connection  | close.started
2026-05-17 15:29:16,112 | DEBUG    | httpcore.connection  | close.complete
2026-05-17 15:29:16,112 | INFO     | server               | STT server stopped
2026-05-17 15:29:16,112 | INFO     | uvicorn.error        | Application shutdown complete.
2026-05-17 15:29:16,113 | INFO     | uvicorn.error        | Finished server process [12330]
